C:/Users/karle/githubRepos/ids-implementation/STM32-Examples/Nonblocking_Memory_Forensics/Drivers/STM32L5xx_HAL_Driver/Src/stm32l5xx_hal_tim_ex.c:150:19:HAL_TIMEx_HallSensor_Init	48	static
C:/Users/karle/githubRepos/ids-implementation/STM32-Examples/Nonblocking_Memory_Forensics/Drivers/STM32L5xx_HAL_Driver/Src/stm32l5xx_hal_tim_ex.c:252:19:HAL_TIMEx_HallSensor_DeInit	16	static
C:/Users/karle/githubRepos/ids-implementation/STM32-Examples/Nonblocking_Memory_Forensics/Drivers/STM32L5xx_HAL_Driver/Src/stm32l5xx_hal_tim_ex.c:297:13:HAL_TIMEx_HallSensor_MspInit	16	static
C:/Users/karle/githubRepos/ids-implementation/STM32-Examples/Nonblocking_Memory_Forensics/Drivers/STM32L5xx_HAL_Driver/Src/stm32l5xx_hal_tim_ex.c:312:13:HAL_TIMEx_HallSensor_MspDeInit	16	static
C:/Users/karle/githubRepos/ids-implementation/STM32-Examples/Nonblocking_Memory_Forensics/Drivers/STM32L5xx_HAL_Driver/Src/stm32l5xx_hal_tim_ex.c:327:19:HAL_TIMEx_HallSensor_Start	24	static
C:/Users/karle/githubRepos/ids-implementation/STM32-Examples/Nonblocking_Memory_Forensics/Drivers/STM32L5xx_HAL_Driver/Src/stm32l5xx_hal_tim_ex.c:381:19:HAL_TIMEx_HallSensor_Stop	16	static
C:/Users/karle/githubRepos/ids-implementation/STM32-Examples/Nonblocking_Memory_Forensics/Drivers/STM32L5xx_HAL_Driver/Src/stm32l5xx_hal_tim_ex.c:409:19:HAL_TIMEx_HallSensor_Start_IT	24	static
C:/Users/karle/githubRepos/ids-implementation/STM32-Examples/Nonblocking_Memory_Forensics/Drivers/STM32L5xx_HAL_Driver/Src/stm32l5xx_hal_tim_ex.c:466:19:HAL_TIMEx_HallSensor_Stop_IT	16	static
C:/Users/karle/githubRepos/ids-implementation/STM32-Examples/Nonblocking_Memory_Forensics/Drivers/STM32L5xx_HAL_Driver/Src/stm32l5xx_hal_tim_ex.c:499:19:HAL_TIMEx_HallSensor_Start_DMA	32	static
C:/Users/karle/githubRepos/ids-implementation/STM32-Examples/Nonblocking_Memory_Forensics/Drivers/STM32L5xx_HAL_Driver/Src/stm32l5xx_hal_tim_ex.c:575:19:HAL_TIMEx_HallSensor_Stop_DMA	16	static
C:/Users/karle/githubRepos/ids-implementation/STM32-Examples/Nonblocking_Memory_Forensics/Drivers/STM32L5xx_HAL_Driver/Src/stm32l5xx_hal_tim_ex.c:637:19:HAL_TIMEx_OCN_Start	24	static
C:/Users/karle/githubRepos/ids-implementation/STM32-Examples/Nonblocking_Memory_Forensics/Drivers/STM32L5xx_HAL_Driver/Src/stm32l5xx_hal_tim_ex.c:688:19:HAL_TIMEx_OCN_Stop	16	static
C:/Users/karle/githubRepos/ids-implementation/STM32-Examples/Nonblocking_Memory_Forensics/Drivers/STM32L5xx_HAL_Driver/Src/stm32l5xx_hal_tim_ex.c:720:19:HAL_TIMEx_OCN_Start_IT	24	static
C:/Users/karle/githubRepos/ids-implementation/STM32-Examples/Nonblocking_Memory_Forensics/Drivers/STM32L5xx_HAL_Driver/Src/stm32l5xx_hal_tim_ex.c:807:19:HAL_TIMEx_OCN_Stop_IT	24	static
C:/Users/karle/githubRepos/ids-implementation/STM32-Examples/Nonblocking_Memory_Forensics/Drivers/STM32L5xx_HAL_Driver/Src/stm32l5xx_hal_tim_ex.c:882:19:HAL_TIMEx_OCN_Start_DMA	32	static
C:/Users/karle/githubRepos/ids-implementation/STM32-Examples/Nonblocking_Memory_Forensics/Drivers/STM32L5xx_HAL_Driver/Src/stm32l5xx_hal_tim_ex.c:1020:19:HAL_TIMEx_OCN_Stop_DMA	24	static
C:/Users/karle/githubRepos/ids-implementation/STM32-Examples/Nonblocking_Memory_Forensics/Drivers/STM32L5xx_HAL_Driver/Src/stm32l5xx_hal_tim_ex.c:1121:19:HAL_TIMEx_PWMN_Start	24	static
C:/Users/karle/githubRepos/ids-implementation/STM32-Examples/Nonblocking_Memory_Forensics/Drivers/STM32L5xx_HAL_Driver/Src/stm32l5xx_hal_tim_ex.c:1171:19:HAL_TIMEx_PWMN_Stop	16	static
C:/Users/karle/githubRepos/ids-implementation/STM32-Examples/Nonblocking_Memory_Forensics/Drivers/STM32L5xx_HAL_Driver/Src/stm32l5xx_hal_tim_ex.c:1203:19:HAL_TIMEx_PWMN_Start_IT	24	static
C:/Users/karle/githubRepos/ids-implementation/STM32-Examples/Nonblocking_Memory_Forensics/Drivers/STM32L5xx_HAL_Driver/Src/stm32l5xx_hal_tim_ex.c:1289:19:HAL_TIMEx_PWMN_Stop_IT	24	static
C:/Users/karle/githubRepos/ids-implementation/STM32-Examples/Nonblocking_Memory_Forensics/Drivers/STM32L5xx_HAL_Driver/Src/stm32l5xx_hal_tim_ex.c:1364:19:HAL_TIMEx_PWMN_Start_DMA	32	static
C:/Users/karle/githubRepos/ids-implementation/STM32-Examples/Nonblocking_Memory_Forensics/Drivers/STM32L5xx_HAL_Driver/Src/stm32l5xx_hal_tim_ex.c:1502:19:HAL_TIMEx_PWMN_Stop_DMA	24	static
C:/Users/karle/githubRepos/ids-implementation/STM32-Examples/Nonblocking_Memory_Forensics/Drivers/STM32L5xx_HAL_Driver/Src/stm32l5xx_hal_tim_ex.c:1593:19:HAL_TIMEx_OnePulseN_Start	24	static
C:/Users/karle/githubRepos/ids-implementation/STM32-Examples/Nonblocking_Memory_Forensics/Drivers/STM32L5xx_HAL_Driver/Src/stm32l5xx_hal_tim_ex.c:1642:19:HAL_TIMEx_OnePulseN_Stop	24	static
C:/Users/karle/githubRepos/ids-implementation/STM32-Examples/Nonblocking_Memory_Forensics/Drivers/STM32L5xx_HAL_Driver/Src/stm32l5xx_hal_tim_ex.c:1681:19:HAL_TIMEx_OnePulseN_Start_IT	24	static
C:/Users/karle/githubRepos/ids-implementation/STM32-Examples/Nonblocking_Memory_Forensics/Drivers/STM32L5xx_HAL_Driver/Src/stm32l5xx_hal_tim_ex.c:1736:19:HAL_TIMEx_OnePulseN_Stop_IT	24	static
C:/Users/karle/githubRepos/ids-implementation/STM32-Examples/Nonblocking_Memory_Forensics/Drivers/STM32L5xx_HAL_Driver/Src/stm32l5xx_hal_tim_ex.c:1816:19:HAL_TIMEx_ConfigCommutEvent	24	static
C:/Users/karle/githubRepos/ids-implementation/STM32-Examples/Nonblocking_Memory_Forensics/Drivers/STM32L5xx_HAL_Driver/Src/stm32l5xx_hal_tim_ex.c:1872:19:HAL_TIMEx_ConfigCommutEvent_IT	24	static
C:/Users/karle/githubRepos/ids-implementation/STM32-Examples/Nonblocking_Memory_Forensics/Drivers/STM32L5xx_HAL_Driver/Src/stm32l5xx_hal_tim_ex.c:1929:19:HAL_TIMEx_ConfigCommutEvent_DMA	24	static
C:/Users/karle/githubRepos/ids-implementation/STM32-Examples/Nonblocking_Memory_Forensics/Drivers/STM32L5xx_HAL_Driver/Src/stm32l5xx_hal_tim_ex.c:1978:19:HAL_TIMEx_MasterConfigSynchronization	24	static
C:/Users/karle/githubRepos/ids-implementation/STM32-Examples/Nonblocking_Memory_Forensics/Drivers/STM32L5xx_HAL_Driver/Src/stm32l5xx_hal_tim_ex.c:2051:19:HAL_TIMEx_ConfigBreakDeadTime	24	static
C:/Users/karle/githubRepos/ids-implementation/STM32-Examples/Nonblocking_Memory_Forensics/Drivers/STM32L5xx_HAL_Driver/Src/stm32l5xx_hal_tim_ex.c:2133:19:HAL_TIMEx_ConfigBreakInput	48	static
C:/Users/karle/githubRepos/ids-implementation/STM32-Examples/Nonblocking_Memory_Forensics/Drivers/STM32L5xx_HAL_Driver/Src/stm32l5xx_hal_tim_ex.c:2343:19:HAL_TIMEx_RemapConfig	24	static
C:/Users/karle/githubRepos/ids-implementation/STM32-Examples/Nonblocking_Memory_Forensics/Drivers/STM32L5xx_HAL_Driver/Src/stm32l5xx_hal_tim_ex.c:2387:19:HAL_TIMEx_GroupChannel5	16	static
C:/Users/karle/githubRepos/ids-implementation/STM32-Examples/Nonblocking_Memory_Forensics/Drivers/STM32L5xx_HAL_Driver/Src/stm32l5xx_hal_tim_ex.c:2425:19:HAL_TIMEx_DisarmBreakInput	24	static
C:/Users/karle/githubRepos/ids-implementation/STM32-Examples/Nonblocking_Memory_Forensics/Drivers/STM32L5xx_HAL_Driver/Src/stm32l5xx_hal_tim_ex.c:2480:19:HAL_TIMEx_ReArmBreakInput	24	static
C:/Users/karle/githubRepos/ids-implementation/STM32-Examples/Nonblocking_Memory_Forensics/Drivers/STM32L5xx_HAL_Driver/Src/stm32l5xx_hal_tim_ex.c:2569:13:HAL_TIMEx_CommutCallback	16	static
C:/Users/karle/githubRepos/ids-implementation/STM32-Examples/Nonblocking_Memory_Forensics/Drivers/STM32L5xx_HAL_Driver/Src/stm32l5xx_hal_tim_ex.c:2583:13:HAL_TIMEx_CommutHalfCpltCallback	16	static
C:/Users/karle/githubRepos/ids-implementation/STM32-Examples/Nonblocking_Memory_Forensics/Drivers/STM32L5xx_HAL_Driver/Src/stm32l5xx_hal_tim_ex.c:2598:13:HAL_TIMEx_BreakCallback	16	static
C:/Users/karle/githubRepos/ids-implementation/STM32-Examples/Nonblocking_Memory_Forensics/Drivers/STM32L5xx_HAL_Driver/Src/stm32l5xx_hal_tim_ex.c:2613:13:HAL_TIMEx_Break2Callback	16	static
C:/Users/karle/githubRepos/ids-implementation/STM32-Examples/Nonblocking_Memory_Forensics/Drivers/STM32L5xx_HAL_Driver/Src/stm32l5xx_hal_tim_ex.c:2646:22:HAL_TIMEx_HallSensor_GetState	16	static
C:/Users/karle/githubRepos/ids-implementation/STM32-Examples/Nonblocking_Memory_Forensics/Drivers/STM32L5xx_HAL_Driver/Src/stm32l5xx_hal_tim_ex.c:2661:29:HAL_TIMEx_GetChannelNState	24	static
C:/Users/karle/githubRepos/ids-implementation/STM32-Examples/Nonblocking_Memory_Forensics/Drivers/STM32L5xx_HAL_Driver/Src/stm32l5xx_hal_tim_ex.c:2690:6:TIMEx_DMACommutationCplt	24	static
C:/Users/karle/githubRepos/ids-implementation/STM32-Examples/Nonblocking_Memory_Forensics/Drivers/STM32L5xx_HAL_Driver/Src/stm32l5xx_hal_tim_ex.c:2709:6:TIMEx_DMACommutationHalfCplt	24	static
C:/Users/karle/githubRepos/ids-implementation/STM32-Examples/Nonblocking_Memory_Forensics/Drivers/STM32L5xx_HAL_Driver/Src/stm32l5xx_hal_tim_ex.c:2729:13:TIM_DMADelayPulseNCplt	24	static
C:/Users/karle/githubRepos/ids-implementation/STM32-Examples/Nonblocking_Memory_Forensics/Drivers/STM32L5xx_HAL_Driver/Src/stm32l5xx_hal_tim_ex.c:2788:13:TIM_DMAErrorCCxN	24	static
C:/Users/karle/githubRepos/ids-implementation/STM32-Examples/Nonblocking_Memory_Forensics/Drivers/STM32L5xx_HAL_Driver/Src/stm32l5xx_hal_tim_ex.c:2833:13:TIM_CCxNChannelCmd	32	static
