C:/Users/karle/STM32CubeIDE/workspace_1.12.1/GPIO_IOToggle_TrustZone/NonSecure/Src/main.c:79:5:main	8	static
C:/Users/karle/STM32CubeIDE/workspace_1.12.1/GPIO_IOToggle_TrustZone/NonSecure/Src/main.c:139:6:SystemClock_Config	104	static
C:/Users/karle/STM32CubeIDE/workspace_1.12.1/GPIO_IOToggle_TrustZone/NonSecure/Src/main.c:190:13:MX_USART1_UART_Init	8	static
C:/Users/karle/STM32CubeIDE/workspace_1.12.1/GPIO_IOToggle_TrustZone/NonSecure/Src/main.c:238:13:MX_GPIO_Init	40	static
C:/Users/karle/STM32CubeIDE/workspace_1.12.1/GPIO_IOToggle_TrustZone/NonSecure/Src/main.c:268:1:__io_putchar	16	static
C:/Users/karle/STM32CubeIDE/workspace_1.12.1/GPIO_IOToggle_TrustZone/NonSecure/Src/main.c:303:6:SecureFault_Callback	8	static
C:/Users/karle/STM32CubeIDE/workspace_1.12.1/GPIO_IOToggle_TrustZone/NonSecure/Src/main.c:318:6:SecureError_Callback	8	static
C:/Users/karle/STM32CubeIDE/workspace_1.12.1/GPIO_IOToggle_TrustZone/NonSecure/Src/main.c:331:6:Error_Handler	8	static
