C:/Users/karle/STM32CubeIDE/workspace_1.12.1/GPIO_IOToggle_TrustZone/NonSecure/Src/stm32l5xx_it.c:70:6:MemManage_Handler	4	static
C:/Users/karle/STM32CubeIDE/workspace_1.12.1/GPIO_IOToggle_TrustZone/NonSecure/Src/stm32l5xx_it.c:85:6:UsageFault_Handler	4	static
C:/Users/karle/STM32CubeIDE/workspace_1.12.1/GPIO_IOToggle_TrustZone/NonSecure/Src/stm32l5xx_it.c:100:6:SVC_Handler	4	static
C:/Users/karle/STM32CubeIDE/workspace_1.12.1/GPIO_IOToggle_TrustZone/NonSecure/Src/stm32l5xx_it.c:113:6:PendSV_Handler	4	static
C:/Users/karle/STM32CubeIDE/workspace_1.12.1/GPIO_IOToggle_TrustZone/NonSecure/Src/stm32l5xx_it.c:126:6:SysTick_Handler	8	static
