C:/Users/karle/STM32CubeIDE/workspace_1.12.1/blink-led/Drivers/STM32L5xx_HAL_Driver/Src/stm32l5xx_hal_dfsdm.c:348:19:HAL_DFSDM_ChannelInit	16	static
C:/Users/karle/STM32CubeIDE/workspace_1.12.1/blink-led/Drivers/STM32L5xx_HAL_Driver/Src/stm32l5xx_hal_dfsdm.c:455:19:HAL_DFSDM_ChannelDeInit	16	static
C:/Users/karle/STM32CubeIDE/workspace_1.12.1/blink-led/Drivers/STM32L5xx_HAL_Driver/Src/stm32l5xx_hal_dfsdm.c:509:13:HAL_DFSDM_ChannelMspInit	16	static
C:/Users/karle/STM32CubeIDE/workspace_1.12.1/blink-led/Drivers/STM32L5xx_HAL_Driver/Src/stm32l5xx_hal_dfsdm.c:524:13:HAL_DFSDM_ChannelMspDeInit	16	static
C:/Users/karle/STM32CubeIDE/workspace_1.12.1/blink-led/Drivers/STM32L5xx_HAL_Driver/Src/stm32l5xx_hal_dfsdm.c:701:19:HAL_DFSDM_ChannelCkabStart	32	static
C:/Users/karle/STM32CubeIDE/workspace_1.12.1/blink-led/Drivers/STM32L5xx_HAL_Driver/Src/stm32l5xx_hal_dfsdm.c:754:19:HAL_DFSDM_ChannelPollForCkab	24	static
C:/Users/karle/STM32CubeIDE/workspace_1.12.1/blink-led/Drivers/STM32L5xx_HAL_Driver/Src/stm32l5xx_hal_dfsdm.c:804:19:HAL_DFSDM_ChannelCkabStop	24	static
C:/Users/karle/STM32CubeIDE/workspace_1.12.1/blink-led/Drivers/STM32L5xx_HAL_Driver/Src/stm32l5xx_hal_dfsdm.c:840:19:HAL_DFSDM_ChannelCkabStart_IT	32	static
C:/Users/karle/STM32CubeIDE/workspace_1.12.1/blink-led/Drivers/STM32L5xx_HAL_Driver/Src/stm32l5xx_hal_dfsdm.c:895:13:HAL_DFSDM_ChannelCkabCallback	16	static
C:/Users/karle/STM32CubeIDE/workspace_1.12.1/blink-led/Drivers/STM32L5xx_HAL_Driver/Src/stm32l5xx_hal_dfsdm.c:911:19:HAL_DFSDM_ChannelCkabStop_IT	24	static
C:/Users/karle/STM32CubeIDE/workspace_1.12.1/blink-led/Drivers/STM32L5xx_HAL_Driver/Src/stm32l5xx_hal_dfsdm.c:951:19:HAL_DFSDM_ChannelScdStart	32	static
C:/Users/karle/STM32CubeIDE/workspace_1.12.1/blink-led/Drivers/STM32L5xx_HAL_Driver/Src/stm32l5xx_hal_dfsdm.c:988:19:HAL_DFSDM_ChannelPollForScd	24	static
C:/Users/karle/STM32CubeIDE/workspace_1.12.1/blink-led/Drivers/STM32L5xx_HAL_Driver/Src/stm32l5xx_hal_dfsdm.c:1038:19:HAL_DFSDM_ChannelScdStop	24	static
C:/Users/karle/STM32CubeIDE/workspace_1.12.1/blink-led/Drivers/STM32L5xx_HAL_Driver/Src/stm32l5xx_hal_dfsdm.c:1075:19:HAL_DFSDM_ChannelScdStart_IT	32	static
C:/Users/karle/STM32CubeIDE/workspace_1.12.1/blink-led/Drivers/STM32L5xx_HAL_Driver/Src/stm32l5xx_hal_dfsdm.c:1114:13:HAL_DFSDM_ChannelScdCallback	16	static
C:/Users/karle/STM32CubeIDE/workspace_1.12.1/blink-led/Drivers/STM32L5xx_HAL_Driver/Src/stm32l5xx_hal_dfsdm.c:1130:19:HAL_DFSDM_ChannelScdStop_IT	24	static
C:/Users/karle/STM32CubeIDE/workspace_1.12.1/blink-led/Drivers/STM32L5xx_HAL_Driver/Src/stm32l5xx_hal_dfsdm.c:1165:9:HAL_DFSDM_ChannelGetAwdValue	16	static
C:/Users/karle/STM32CubeIDE/workspace_1.12.1/blink-led/Drivers/STM32L5xx_HAL_Driver/Src/stm32l5xx_hal_dfsdm.c:1177:19:HAL_DFSDM_ChannelModifyOffset	24	static
C:/Users/karle/STM32CubeIDE/workspace_1.12.1/blink-led/Drivers/STM32L5xx_HAL_Driver/Src/stm32l5xx_hal_dfsdm.c:1224:32:HAL_DFSDM_ChannelGetState	16	static
C:/Users/karle/STM32CubeIDE/workspace_1.12.1/blink-led/Drivers/STM32L5xx_HAL_Driver/Src/stm32l5xx_hal_dfsdm.c:1254:19:HAL_DFSDM_FilterInit	16	static
C:/Users/karle/STM32CubeIDE/workspace_1.12.1/blink-led/Drivers/STM32L5xx_HAL_Driver/Src/stm32l5xx_hal_dfsdm.c:1381:19:HAL_DFSDM_FilterDeInit	16	static
C:/Users/karle/STM32CubeIDE/workspace_1.12.1/blink-led/Drivers/STM32L5xx_HAL_Driver/Src/stm32l5xx_hal_dfsdm.c:1417:13:HAL_DFSDM_FilterMspInit	16	static
C:/Users/karle/STM32CubeIDE/workspace_1.12.1/blink-led/Drivers/STM32L5xx_HAL_Driver/Src/stm32l5xx_hal_dfsdm.c:1432:13:HAL_DFSDM_FilterMspDeInit	16	static
C:/Users/karle/STM32CubeIDE/workspace_1.12.1/blink-led/Drivers/STM32L5xx_HAL_Driver/Src/stm32l5xx_hal_dfsdm.c:1706:19:HAL_DFSDM_FilterConfigRegChannel	32	static
C:/Users/karle/STM32CubeIDE/workspace_1.12.1/blink-led/Drivers/STM32L5xx_HAL_Driver/Src/stm32l5xx_hal_dfsdm.c:1751:19:HAL_DFSDM_FilterConfigInjChannel	24	static
C:/Users/karle/STM32CubeIDE/workspace_1.12.1/blink-led/Drivers/STM32L5xx_HAL_Driver/Src/stm32l5xx_hal_dfsdm.c:1821:19:HAL_DFSDM_FilterRegularStart	24	static
C:/Users/karle/STM32CubeIDE/workspace_1.12.1/blink-led/Drivers/STM32L5xx_HAL_Driver/Src/stm32l5xx_hal_dfsdm.c:1850:19:HAL_DFSDM_FilterPollForRegConversion	24	static
C:/Users/karle/STM32CubeIDE/workspace_1.12.1/blink-led/Drivers/STM32L5xx_HAL_Driver/Src/stm32l5xx_hal_dfsdm.c:1915:19:HAL_DFSDM_FilterRegularStop	24	static
C:/Users/karle/STM32CubeIDE/workspace_1.12.1/blink-led/Drivers/STM32L5xx_HAL_Driver/Src/stm32l5xx_hal_dfsdm.c:1945:19:HAL_DFSDM_FilterRegularStart_IT	24	static
C:/Users/karle/STM32CubeIDE/workspace_1.12.1/blink-led/Drivers/STM32L5xx_HAL_Driver/Src/stm32l5xx_hal_dfsdm.c:1976:19:HAL_DFSDM_FilterRegularStop_IT	24	static
C:/Users/karle/STM32CubeIDE/workspace_1.12.1/blink-led/Drivers/STM32L5xx_HAL_Driver/Src/stm32l5xx_hal_dfsdm.c:2014:19:HAL_DFSDM_FilterRegularStart_DMA	32	static
C:/Users/karle/STM32CubeIDE/workspace_1.12.1/blink-led/Drivers/STM32L5xx_HAL_Driver/Src/stm32l5xx_hal_dfsdm.c:2091:19:HAL_DFSDM_FilterRegularMsbStart_DMA	32	static
C:/Users/karle/STM32CubeIDE/workspace_1.12.1/blink-led/Drivers/STM32L5xx_HAL_Driver/Src/stm32l5xx_hal_dfsdm.c:2162:19:HAL_DFSDM_FilterRegularStop_DMA	24	static
C:/Users/karle/STM32CubeIDE/workspace_1.12.1/blink-led/Drivers/STM32L5xx_HAL_Driver/Src/stm32l5xx_hal_dfsdm.c:2196:9:HAL_DFSDM_FilterGetRegularValue	24	static
C:/Users/karle/STM32CubeIDE/workspace_1.12.1/blink-led/Drivers/STM32L5xx_HAL_Driver/Src/stm32l5xx_hal_dfsdm.c:2227:19:HAL_DFSDM_FilterInjectedStart	24	static
C:/Users/karle/STM32CubeIDE/workspace_1.12.1/blink-led/Drivers/STM32L5xx_HAL_Driver/Src/stm32l5xx_hal_dfsdm.c:2256:19:HAL_DFSDM_FilterPollForInjConversion	24	static
C:/Users/karle/STM32CubeIDE/workspace_1.12.1/blink-led/Drivers/STM32L5xx_HAL_Driver/Src/stm32l5xx_hal_dfsdm.c:2331:19:HAL_DFSDM_FilterInjectedStop	24	static
C:/Users/karle/STM32CubeIDE/workspace_1.12.1/blink-led/Drivers/STM32L5xx_HAL_Driver/Src/stm32l5xx_hal_dfsdm.c:2361:19:HAL_DFSDM_FilterInjectedStart_IT	24	static
C:/Users/karle/STM32CubeIDE/workspace_1.12.1/blink-led/Drivers/STM32L5xx_HAL_Driver/Src/stm32l5xx_hal_dfsdm.c:2392:19:HAL_DFSDM_FilterInjectedStop_IT	24	static
C:/Users/karle/STM32CubeIDE/workspace_1.12.1/blink-led/Drivers/STM32L5xx_HAL_Driver/Src/stm32l5xx_hal_dfsdm.c:2430:19:HAL_DFSDM_FilterInjectedStart_DMA	32	static
C:/Users/karle/STM32CubeIDE/workspace_1.12.1/blink-led/Drivers/STM32L5xx_HAL_Driver/Src/stm32l5xx_hal_dfsdm.c:2505:19:HAL_DFSDM_FilterInjectedMsbStart_DMA	32	static
C:/Users/karle/STM32CubeIDE/workspace_1.12.1/blink-led/Drivers/STM32L5xx_HAL_Driver/Src/stm32l5xx_hal_dfsdm.c:2574:19:HAL_DFSDM_FilterInjectedStop_DMA	24	static
C:/Users/karle/STM32CubeIDE/workspace_1.12.1/blink-led/Drivers/STM32L5xx_HAL_Driver/Src/stm32l5xx_hal_dfsdm.c:2608:9:HAL_DFSDM_FilterGetInjectedValue	24	static
C:/Users/karle/STM32CubeIDE/workspace_1.12.1/blink-led/Drivers/STM32L5xx_HAL_Driver/Src/stm32l5xx_hal_dfsdm.c:2638:19:HAL_DFSDM_FilterAwdStart_IT	24	static
C:/Users/karle/STM32CubeIDE/workspace_1.12.1/blink-led/Drivers/STM32L5xx_HAL_Driver/Src/stm32l5xx_hal_dfsdm.c:2687:19:HAL_DFSDM_FilterAwdStop_IT	24	static
C:/Users/karle/STM32CubeIDE/workspace_1.12.1/blink-led/Drivers/STM32L5xx_HAL_Driver/Src/stm32l5xx_hal_dfsdm.c:2727:19:HAL_DFSDM_FilterExdStart	24	static
C:/Users/karle/STM32CubeIDE/workspace_1.12.1/blink-led/Drivers/STM32L5xx_HAL_Driver/Src/stm32l5xx_hal_dfsdm.c:2758:19:HAL_DFSDM_FilterExdStop	32	static
C:/Users/karle/STM32CubeIDE/workspace_1.12.1/blink-led/Drivers/STM32L5xx_HAL_Driver/Src/stm32l5xx_hal_dfsdm.c:2796:9:HAL_DFSDM_FilterGetExdMaxValue	24	static
C:/Users/karle/STM32CubeIDE/workspace_1.12.1/blink-led/Drivers/STM32L5xx_HAL_Driver/Src/stm32l5xx_hal_dfsdm.c:2827:9:HAL_DFSDM_FilterGetExdMinValue	24	static
C:/Users/karle/STM32CubeIDE/workspace_1.12.1/blink-led/Drivers/STM32L5xx_HAL_Driver/Src/stm32l5xx_hal_dfsdm.c:2857:10:HAL_DFSDM_FilterGetConvTimeValue	24	static
C:/Users/karle/STM32CubeIDE/workspace_1.12.1/blink-led/Drivers/STM32L5xx_HAL_Driver/Src/stm32l5xx_hal_dfsdm.c:2880:6:HAL_DFSDM_IRQHandler	56	static
C:/Users/karle/STM32CubeIDE/workspace_1.12.1/blink-led/Drivers/STM32L5xx_HAL_Driver/Src/stm32l5xx_hal_dfsdm.c:3073:13:HAL_DFSDM_FilterRegConvCpltCallback	16	static
C:/Users/karle/STM32CubeIDE/workspace_1.12.1/blink-led/Drivers/STM32L5xx_HAL_Driver/Src/stm32l5xx_hal_dfsdm.c:3088:13:HAL_DFSDM_FilterRegConvHalfCpltCallback	16	static
C:/Users/karle/STM32CubeIDE/workspace_1.12.1/blink-led/Drivers/STM32L5xx_HAL_Driver/Src/stm32l5xx_hal_dfsdm.c:3105:13:HAL_DFSDM_FilterInjConvCpltCallback	16	static
C:/Users/karle/STM32CubeIDE/workspace_1.12.1/blink-led/Drivers/STM32L5xx_HAL_Driver/Src/stm32l5xx_hal_dfsdm.c:3120:13:HAL_DFSDM_FilterInjConvHalfCpltCallback	16	static
C:/Users/karle/STM32CubeIDE/workspace_1.12.1/blink-led/Drivers/STM32L5xx_HAL_Driver/Src/stm32l5xx_hal_dfsdm.c:3137:13:HAL_DFSDM_FilterAwdCallback	24	static
C:/Users/karle/STM32CubeIDE/workspace_1.12.1/blink-led/Drivers/STM32L5xx_HAL_Driver/Src/stm32l5xx_hal_dfsdm.c:3155:13:HAL_DFSDM_FilterErrorCallback	16	static
C:/Users/karle/STM32CubeIDE/workspace_1.12.1/blink-led/Drivers/STM32L5xx_HAL_Driver/Src/stm32l5xx_hal_dfsdm.c:3188:31:HAL_DFSDM_FilterGetState	16	static
C:/Users/karle/STM32CubeIDE/workspace_1.12.1/blink-led/Drivers/STM32L5xx_HAL_Driver/Src/stm32l5xx_hal_dfsdm.c:3199:10:HAL_DFSDM_FilterGetError	16	static
C:/Users/karle/STM32CubeIDE/workspace_1.12.1/blink-led/Drivers/STM32L5xx_HAL_Driver/Src/stm32l5xx_hal_dfsdm.c:3223:13:DFSDM_DMARegularHalfConvCplt	24	static
C:/Users/karle/STM32CubeIDE/workspace_1.12.1/blink-led/Drivers/STM32L5xx_HAL_Driver/Src/stm32l5xx_hal_dfsdm.c:3241:13:DFSDM_DMARegularConvCplt	24	static
C:/Users/karle/STM32CubeIDE/workspace_1.12.1/blink-led/Drivers/STM32L5xx_HAL_Driver/Src/stm32l5xx_hal_dfsdm.c:3259:13:DFSDM_DMAInjectedHalfConvCplt	24	static
C:/Users/karle/STM32CubeIDE/workspace_1.12.1/blink-led/Drivers/STM32L5xx_HAL_Driver/Src/stm32l5xx_hal_dfsdm.c:3277:13:DFSDM_DMAInjectedConvCplt	24	static
C:/Users/karle/STM32CubeIDE/workspace_1.12.1/blink-led/Drivers/STM32L5xx_HAL_Driver/Src/stm32l5xx_hal_dfsdm.c:3295:13:DFSDM_DMAError	24	static
C:/Users/karle/STM32CubeIDE/workspace_1.12.1/blink-led/Drivers/STM32L5xx_HAL_Driver/Src/stm32l5xx_hal_dfsdm.c:3316:17:DFSDM_GetInjChannelsNbr	24	static
C:/Users/karle/STM32CubeIDE/workspace_1.12.1/blink-led/Drivers/STM32L5xx_HAL_Driver/Src/stm32l5xx_hal_dfsdm.c:3339:17:DFSDM_GetChannelFromInstance	24	static
C:/Users/karle/STM32CubeIDE/workspace_1.12.1/blink-led/Drivers/STM32L5xx_HAL_Driver/Src/stm32l5xx_hal_dfsdm.c:3369:13:DFSDM_RegConvStart	16	static
C:/Users/karle/STM32CubeIDE/workspace_1.12.1/blink-led/Drivers/STM32L5xx_HAL_Driver/Src/stm32l5xx_hal_dfsdm.c:3410:13:DFSDM_RegConvStop	16	static
C:/Users/karle/STM32CubeIDE/workspace_1.12.1/blink-led/Drivers/STM32L5xx_HAL_Driver/Src/stm32l5xx_hal_dfsdm.c:3446:13:DFSDM_InjConvStart	16	static
C:/Users/karle/STM32CubeIDE/workspace_1.12.1/blink-led/Drivers/STM32L5xx_HAL_Driver/Src/stm32l5xx_hal_dfsdm.c:3490:13:DFSDM_InjConvStop	16	static
