C:/Users/karle/STM32CubeIDE/workspace_1.12.1/blink-led/Drivers/STM32L5xx_HAL_Driver/Src/stm32l5xx_hal_ospi.c:309:19:HAL_OSPI_Init	32	static
C:/Users/karle/STM32CubeIDE/workspace_1.12.1/blink-led/Drivers/STM32L5xx_HAL_Driver/Src/stm32l5xx_hal_ospi.c:439:13:HAL_OSPI_MspInit	16	static
C:/Users/karle/STM32CubeIDE/workspace_1.12.1/blink-led/Drivers/STM32L5xx_HAL_Driver/Src/stm32l5xx_hal_ospi.c:454:19:HAL_OSPI_DeInit	24	static
C:/Users/karle/STM32CubeIDE/workspace_1.12.1/blink-led/Drivers/STM32L5xx_HAL_Driver/Src/stm32l5xx_hal_ospi.c:497:13:HAL_OSPI_MspDeInit	16	static
C:/Users/karle/STM32CubeIDE/workspace_1.12.1/blink-led/Drivers/STM32L5xx_HAL_Driver/Src/stm32l5xx_hal_ospi.c:537:6:HAL_OSPI_IRQHandler	32	static
C:/Users/karle/STM32CubeIDE/workspace_1.12.1/blink-led/Drivers/STM32L5xx_HAL_Driver/Src/stm32l5xx_hal_ospi.c:768:19:HAL_OSPI_Command	48	static
C:/Users/karle/STM32CubeIDE/workspace_1.12.1/blink-led/Drivers/STM32L5xx_HAL_Driver/Src/stm32l5xx_hal_ospi.c:900:19:HAL_OSPI_Command_IT	32	static
C:/Users/karle/STM32CubeIDE/workspace_1.12.1/blink-led/Drivers/STM32L5xx_HAL_Driver/Src/stm32l5xx_hal_ospi.c:990:19:HAL_OSPI_HyperbusCfg	48	static
C:/Users/karle/STM32CubeIDE/workspace_1.12.1/blink-led/Drivers/STM32L5xx_HAL_Driver/Src/stm32l5xx_hal_ospi.c:1037:19:HAL_OSPI_HyperbusCmd	40	static
C:/Users/karle/STM32CubeIDE/workspace_1.12.1/blink-led/Drivers/STM32L5xx_HAL_Driver/Src/stm32l5xx_hal_ospi.c:1099:19:HAL_OSPI_Transmit	48	static
C:/Users/karle/STM32CubeIDE/workspace_1.12.1/blink-led/Drivers/STM32L5xx_HAL_Driver/Src/stm32l5xx_hal_ospi.c:1173:19:HAL_OSPI_Receive	56	static
C:/Users/karle/STM32CubeIDE/workspace_1.12.1/blink-led/Drivers/STM32L5xx_HAL_Driver/Src/stm32l5xx_hal_ospi.c:1265:19:HAL_OSPI_Transmit_IT	24	static
C:/Users/karle/STM32CubeIDE/workspace_1.12.1/blink-led/Drivers/STM32L5xx_HAL_Driver/Src/stm32l5xx_hal_ospi.c:1315:19:HAL_OSPI_Receive_IT	32	static
C:/Users/karle/STM32CubeIDE/workspace_1.12.1/blink-led/Drivers/STM32L5xx_HAL_Driver/Src/stm32l5xx_hal_ospi.c:1388:19:HAL_OSPI_Transmit_DMA	24	static
C:/Users/karle/STM32CubeIDE/workspace_1.12.1/blink-led/Drivers/STM32L5xx_HAL_Driver/Src/stm32l5xx_hal_ospi.c:1511:19:HAL_OSPI_Receive_DMA	32	static
C:/Users/karle/STM32CubeIDE/workspace_1.12.1/blink-led/Drivers/STM32L5xx_HAL_Driver/Src/stm32l5xx_hal_ospi.c:1649:19:HAL_OSPI_AutoPolling	48	static
C:/Users/karle/STM32CubeIDE/workspace_1.12.1/blink-led/Drivers/STM32L5xx_HAL_Driver/Src/stm32l5xx_hal_ospi.c:1727:19:HAL_OSPI_AutoPolling_IT	40	static
C:/Users/karle/STM32CubeIDE/workspace_1.12.1/blink-led/Drivers/STM32L5xx_HAL_Driver/Src/stm32l5xx_hal_ospi.c:1802:19:HAL_OSPI_MemoryMapped	32	static
C:/Users/karle/STM32CubeIDE/workspace_1.12.1/blink-led/Drivers/STM32L5xx_HAL_Driver/Src/stm32l5xx_hal_ospi.c:1855:13:HAL_OSPI_ErrorCallback	16	static
C:/Users/karle/STM32CubeIDE/workspace_1.12.1/blink-led/Drivers/STM32L5xx_HAL_Driver/Src/stm32l5xx_hal_ospi.c:1870:13:HAL_OSPI_AbortCpltCallback	16	static
C:/Users/karle/STM32CubeIDE/workspace_1.12.1/blink-led/Drivers/STM32L5xx_HAL_Driver/Src/stm32l5xx_hal_ospi.c:1885:13:HAL_OSPI_FifoThresholdCallback	16	static
C:/Users/karle/STM32CubeIDE/workspace_1.12.1/blink-led/Drivers/STM32L5xx_HAL_Driver/Src/stm32l5xx_hal_ospi.c:1900:13:HAL_OSPI_CmdCpltCallback	16	static
C:/Users/karle/STM32CubeIDE/workspace_1.12.1/blink-led/Drivers/STM32L5xx_HAL_Driver/Src/stm32l5xx_hal_ospi.c:1915:13:HAL_OSPI_RxCpltCallback	16	static
C:/Users/karle/STM32CubeIDE/workspace_1.12.1/blink-led/Drivers/STM32L5xx_HAL_Driver/Src/stm32l5xx_hal_ospi.c:1930:14:HAL_OSPI_TxCpltCallback	16	static
C:/Users/karle/STM32CubeIDE/workspace_1.12.1/blink-led/Drivers/STM32L5xx_HAL_Driver/Src/stm32l5xx_hal_ospi.c:1945:13:HAL_OSPI_RxHalfCpltCallback	16	static
C:/Users/karle/STM32CubeIDE/workspace_1.12.1/blink-led/Drivers/STM32L5xx_HAL_Driver/Src/stm32l5xx_hal_ospi.c:1960:13:HAL_OSPI_TxHalfCpltCallback	16	static
C:/Users/karle/STM32CubeIDE/workspace_1.12.1/blink-led/Drivers/STM32L5xx_HAL_Driver/Src/stm32l5xx_hal_ospi.c:1975:13:HAL_OSPI_StatusMatchCallback	16	static
C:/Users/karle/STM32CubeIDE/workspace_1.12.1/blink-led/Drivers/STM32L5xx_HAL_Driver/Src/stm32l5xx_hal_ospi.c:1990:13:HAL_OSPI_TimeOutCallback	16	static
C:/Users/karle/STM32CubeIDE/workspace_1.12.1/blink-led/Drivers/STM32L5xx_HAL_Driver/Src/stm32l5xx_hal_ospi.c:2241:19:HAL_OSPI_Abort	40	static
C:/Users/karle/STM32CubeIDE/workspace_1.12.1/blink-led/Drivers/STM32L5xx_HAL_Driver/Src/stm32l5xx_hal_ospi.c:2309:19:HAL_OSPI_Abort_IT	24	static
C:/Users/karle/STM32CubeIDE/workspace_1.12.1/blink-led/Drivers/STM32L5xx_HAL_Driver/Src/stm32l5xx_hal_ospi.c:2387:19:HAL_OSPI_SetFifoThreshold	24	static
C:/Users/karle/STM32CubeIDE/workspace_1.12.1/blink-led/Drivers/STM32L5xx_HAL_Driver/Src/stm32l5xx_hal_ospi.c:2415:10:HAL_OSPI_GetFifoThreshold	16	static
C:/Users/karle/STM32CubeIDE/workspace_1.12.1/blink-led/Drivers/STM32L5xx_HAL_Driver/Src/stm32l5xx_hal_ospi.c:2425:19:HAL_OSPI_SetTimeout	16	static
C:/Users/karle/STM32CubeIDE/workspace_1.12.1/blink-led/Drivers/STM32L5xx_HAL_Driver/Src/stm32l5xx_hal_ospi.c:2436:10:HAL_OSPI_GetError	16	static
C:/Users/karle/STM32CubeIDE/workspace_1.12.1/blink-led/Drivers/STM32L5xx_HAL_Driver/Src/stm32l5xx_hal_ospi.c:2446:10:HAL_OSPI_GetState	16	static
C:/Users/karle/STM32CubeIDE/workspace_1.12.1/blink-led/Drivers/STM32L5xx_HAL_Driver/Src/stm32l5xx_hal_ospi.c:2465:13:OSPI_DMACplt	24	static
C:/Users/karle/STM32CubeIDE/workspace_1.12.1/blink-led/Drivers/STM32L5xx_HAL_Driver/Src/stm32l5xx_hal_ospi.c:2485:13:OSPI_DMAHalfCplt	24	static
C:/Users/karle/STM32CubeIDE/workspace_1.12.1/blink-led/Drivers/STM32L5xx_HAL_Driver/Src/stm32l5xx_hal_ospi.c:2513:13:OSPI_DMAError	24	static
C:/Users/karle/STM32CubeIDE/workspace_1.12.1/blink-led/Drivers/STM32L5xx_HAL_Driver/Src/stm32l5xx_hal_ospi.c:2545:13:OSPI_DMAAbortCplt	24	static
C:/Users/karle/STM32CubeIDE/workspace_1.12.1/blink-led/Drivers/STM32L5xx_HAL_Driver/Src/stm32l5xx_hal_ospi.c:2602:26:OSPI_WaitFlagStateUntilTimeout	24	static
C:/Users/karle/STM32CubeIDE/workspace_1.12.1/blink-led/Drivers/STM32L5xx_HAL_Driver/Src/stm32l5xx_hal_ospi.c:2629:26:OSPI_ConfigCmd	40	static
