../../Drivers/STM32L5xx_HAL_Driver/Inc/stm32l5xx_ll_utils.h:280:22:LL_InitTick	16	static
../../Drivers/STM32L5xx_HAL_Driver/Inc/stm32l5xx_ll_rcc.h:1456:22:LL_RCC_HSE_EnableBypass	4	static
../../Drivers/STM32L5xx_HAL_Driver/Inc/stm32l5xx_ll_rcc.h:1466:22:LL_RCC_HSE_DisableBypass	4	static
../../Drivers/STM32L5xx_HAL_Driver/Inc/stm32l5xx_ll_rcc.h:1476:22:LL_RCC_HSE_Enable	4	static
../../Drivers/STM32L5xx_HAL_Driver/Inc/stm32l5xx_ll_rcc.h:1496:26:LL_RCC_HSE_IsReady	4	static
../../Drivers/STM32L5xx_HAL_Driver/Inc/stm32l5xx_ll_rcc.h:1545:22:LL_RCC_HSI_Enable	4	static
../../Drivers/STM32L5xx_HAL_Driver/Inc/stm32l5xx_ll_rcc.h:1565:26:LL_RCC_HSI_IsReady	4	static
../../Drivers/STM32L5xx_HAL_Driver/Inc/stm32l5xx_ll_rcc.h:1899:22:LL_RCC_MSI_Enable	4	static
../../Drivers/STM32L5xx_HAL_Driver/Inc/stm32l5xx_ll_rcc.h:1919:26:LL_RCC_MSI_IsReady	4	static
../../Drivers/STM32L5xx_HAL_Driver/Inc/stm32l5xx_ll_rcc.h:1968:26:LL_RCC_MSI_IsEnabledRangeSelect	4	static
../../Drivers/STM32L5xx_HAL_Driver/Inc/stm32l5xx_ll_rcc.h:2013:26:LL_RCC_MSI_GetRange	4	static
../../Drivers/STM32L5xx_HAL_Driver/Inc/stm32l5xx_ll_rcc.h:2042:26:LL_RCC_MSI_GetRangeAfterStandby	4	static
../../Drivers/STM32L5xx_HAL_Driver/Inc/stm32l5xx_ll_rcc.h:2152:22:LL_RCC_SetSysClkSource	16	static
../../Drivers/STM32L5xx_HAL_Driver/Inc/stm32l5xx_ll_rcc.h:2166:26:LL_RCC_GetSysClkSource	4	static
../../Drivers/STM32L5xx_HAL_Driver/Inc/stm32l5xx_ll_rcc.h:2186:22:LL_RCC_SetAHBPrescaler	16	static
../../Drivers/STM32L5xx_HAL_Driver/Inc/stm32l5xx_ll_rcc.h:2202:22:LL_RCC_SetAPB1Prescaler	16	static
../../Drivers/STM32L5xx_HAL_Driver/Inc/stm32l5xx_ll_rcc.h:2218:22:LL_RCC_SetAPB2Prescaler	16	static
../../Drivers/STM32L5xx_HAL_Driver/Inc/stm32l5xx_ll_rcc.h:2985:22:LL_RCC_PLL_Enable	4	static
../../Drivers/STM32L5xx_HAL_Driver/Inc/stm32l5xx_ll_rcc.h:3006:26:LL_RCC_PLL_IsReady	4	static
../../Drivers/STM32L5xx_HAL_Driver/Inc/stm32l5xx_ll_rcc.h:3049:22:LL_RCC_PLL_ConfigDomain_SYS	24	static
../../Drivers/STM32L5xx_HAL_Driver/Inc/stm32l5xx_ll_rcc.h:3378:22:LL_RCC_PLL_EnableDomain_SYS	4	static
../../Drivers/STM32L5xx_HAL_Driver/Inc/stm32l5xx_ll_rcc.h:3440:26:LL_RCC_PLLSAI1_IsReady	4	static
../../Drivers/STM32L5xx_HAL_Driver/Inc/stm32l5xx_ll_rcc.h:3871:26:LL_RCC_PLLSAI2_IsReady	4	static
../../Drivers/STM32L5xx_HAL_Driver/Inc/stm32l5xx_ll_system.h:1231:22:LL_FLASH_SetLatency	16	static
../../Drivers/STM32L5xx_HAL_Driver/Inc/stm32l5xx_ll_system.h:1257:26:LL_FLASH_GetLatency	4	static
../../Drivers/STM32L5xx_HAL_Driver/Inc/stm32l5xx_ll_pwr.h:355:26:LL_PWR_GetRegulVoltageScaling	4	static
C:/Users/karle/STM32CubeIDE/workspace_1.12.1/blink-led/Drivers/STM32L5xx_HAL_Driver/Src/stm32l5xx_ll_utils.c:148:6:LL_Init1msTick	16	static
C:/Users/karle/STM32CubeIDE/workspace_1.12.1/blink-led/Drivers/STM32L5xx_HAL_Driver/Src/stm32l5xx_ll_utils.c:164:6:LL_mDelay	24	static
C:/Users/karle/STM32CubeIDE/workspace_1.12.1/blink-led/Drivers/STM32L5xx_HAL_Driver/Src/stm32l5xx_ll_utils.c:238:6:LL_SetSystemCoreClock	16	static
C:/Users/karle/STM32CubeIDE/workspace_1.12.1/blink-led/Drivers/STM32L5xx_HAL_Driver/Src/stm32l5xx_ll_utils.c:252:13:LL_SetFlashLatency	120	static
C:/Users/karle/STM32CubeIDE/workspace_1.12.1/blink-led/Drivers/STM32L5xx_HAL_Driver/Src/stm32l5xx_ll_utils.c:369:13:LL_PLL_ConfigSystemClock_MSI	32	static
C:/Users/karle/STM32CubeIDE/workspace_1.12.1/blink-led/Drivers/STM32L5xx_HAL_Driver/Src/stm32l5xx_ll_utils.c:495:13:LL_PLL_ConfigSystemClock_HSI	32	static
C:/Users/karle/STM32CubeIDE/workspace_1.12.1/blink-led/Drivers/STM32L5xx_HAL_Driver/Src/stm32l5xx_ll_utils.c:576:13:LL_PLL_ConfigSystemClock_HSE	40	static
C:/Users/karle/STM32CubeIDE/workspace_1.12.1/blink-led/Drivers/STM32L5xx_HAL_Driver/Src/stm32l5xx_ll_utils.c:671:17:UTILS_GetPLLOutputFrequency	24	static
C:/Users/karle/STM32CubeIDE/workspace_1.12.1/blink-led/Drivers/STM32L5xx_HAL_Driver/Src/stm32l5xx_ll_utils.c:702:20:UTILS_PLL_IsBusy	16	static
C:/Users/karle/STM32CubeIDE/workspace_1.12.1/blink-led/Drivers/STM32L5xx_HAL_Driver/Src/stm32l5xx_ll_utils.c:739:20:UTILS_EnablePLLAndSwitchSystem	24	static
