C:/Users/karle/STM32CubeIDE/workspace_1.12.1/GPIO_IOToggle_TrustZone/Secure/Src/stm32l5xx_it.c:72:6:NMI_Handler	4	static
C:/Users/karle/STM32CubeIDE/workspace_1.12.1/GPIO_IOToggle_TrustZone/Secure/Src/stm32l5xx_it.c:85:6:HardFault_Handler	4	static
C:/Users/karle/STM32CubeIDE/workspace_1.12.1/GPIO_IOToggle_TrustZone/Secure/Src/stm32l5xx_it.c:100:6:MemManage_Handler	4	static
C:/Users/karle/STM32CubeIDE/workspace_1.12.1/GPIO_IOToggle_TrustZone/Secure/Src/stm32l5xx_it.c:115:6:BusFault_Handler	4	static
C:/Users/karle/STM32CubeIDE/workspace_1.12.1/GPIO_IOToggle_TrustZone/Secure/Src/stm32l5xx_it.c:130:6:UsageFault_Handler	4	static
C:/Users/karle/STM32CubeIDE/workspace_1.12.1/GPIO_IOToggle_TrustZone/Secure/Src/stm32l5xx_it.c:145:6:SecureFault_Handler	24	static
C:/Users/karle/STM32CubeIDE/workspace_1.12.1/GPIO_IOToggle_TrustZone/Secure/Src/stm32l5xx_it.c:171:6:SVC_Handler	4	static
C:/Users/karle/STM32CubeIDE/workspace_1.12.1/GPIO_IOToggle_TrustZone/Secure/Src/stm32l5xx_it.c:184:6:DebugMon_Handler	4	static
C:/Users/karle/STM32CubeIDE/workspace_1.12.1/GPIO_IOToggle_TrustZone/Secure/Src/stm32l5xx_it.c:200:6:PendSV_Handler	4	static
C:/Users/karle/STM32CubeIDE/workspace_1.12.1/GPIO_IOToggle_TrustZone/Secure/Src/stm32l5xx_it.c:216:6:SysTick_Handler	8	static
C:/Users/karle/STM32CubeIDE/workspace_1.12.1/GPIO_IOToggle_TrustZone/Secure/Src/stm32l5xx_it.c:237:6:GTZC_IRQHandler	24	static
