C:/Users/karle/STM32CubeIDE/workspace_1.12.1/UART_Printf/Drivers/BSP/STM32L552E-EV/stm32l552e_eval.c:169:9:BSP_GetVersion	4	static
C:/Users/karle/STM32CubeIDE/workspace_1.12.1/UART_Printf/Drivers/BSP/STM32L552E-EV/stm32l552e_eval.c:178:16:BSP_GetBoardName	4	static
C:/Users/karle/STM32CubeIDE/workspace_1.12.1/UART_Printf/Drivers/BSP/STM32L552E-EV/stm32l552e_eval.c:187:16:BSP_GetBoardID	4	static
C:/Users/karle/STM32CubeIDE/workspace_1.12.1/UART_Printf/Drivers/BSP/STM32L552E-EV/stm32l552e_eval.c:206:9:BSP_LED_Init	48	static
C:/Users/karle/STM32CubeIDE/workspace_1.12.1/UART_Printf/Drivers/BSP/STM32L552E-EV/stm32l552e_eval.c:264:9:BSP_LED_DeInit	40	static
C:/Users/karle/STM32CubeIDE/workspace_1.12.1/UART_Printf/Drivers/BSP/STM32L552E-EV/stm32l552e_eval.c:309:9:BSP_LED_On	24	static
C:/Users/karle/STM32CubeIDE/workspace_1.12.1/UART_Printf/Drivers/BSP/STM32L552E-EV/stm32l552e_eval.c:337:9:BSP_LED_Off	24	static
C:/Users/karle/STM32CubeIDE/workspace_1.12.1/UART_Printf/Drivers/BSP/STM32L552E-EV/stm32l552e_eval.c:365:9:BSP_LED_Toggle	24	static
C:/Users/karle/STM32CubeIDE/workspace_1.12.1/UART_Printf/Drivers/BSP/STM32L552E-EV/stm32l552e_eval.c:393:9:BSP_LED_GetState	24	static
C:/Users/karle/STM32CubeIDE/workspace_1.12.1/UART_Printf/Drivers/BSP/STM32L552E-EV/stm32l552e_eval.c:446:9:BSP_PB_Init	72	static
C:/Users/karle/STM32CubeIDE/workspace_1.12.1/UART_Printf/Drivers/BSP/STM32L552E-EV/stm32l552e_eval.c:512:9:BSP_PB_DeInit	40	static
C:/Users/karle/STM32CubeIDE/workspace_1.12.1/UART_Printf/Drivers/BSP/STM32L552E-EV/stm32l552e_eval.c:531:9:BSP_PB_GetState	24	static
C:/Users/karle/STM32CubeIDE/workspace_1.12.1/UART_Printf/Drivers/BSP/STM32L552E-EV/stm32l552e_eval.c:545:13:BSP_PB_Callback	16	static
C:/Users/karle/STM32CubeIDE/workspace_1.12.1/UART_Printf/Drivers/BSP/STM32L552E-EV/stm32l552e_eval.c:562:6:BSP_PB_IRQHandler	16	static
C:/Users/karle/STM32CubeIDE/workspace_1.12.1/UART_Printf/Drivers/BSP/STM32L552E-EV/stm32l552e_eval.c:1302:13:BUTTON_WAKEUP_EXTI_Callback	8	static
C:/Users/karle/STM32CubeIDE/workspace_1.12.1/UART_Printf/Drivers/BSP/STM32L552E-EV/stm32l552e_eval.c:1311:13:BUTTON_TAMPER_EXTI_Callback	8	static
