Archive member included to satisfy reference by file (symbol)

c:/st/stm32cubeide_1.12.1/stm32cubeide/plugins/com.st.stm32cube.ide.mcu.externaltools.gnu-tools-for-stm32.10.3-2021.10.win32_1.0.200.202301161003/tools/bin/../lib/gcc/arm-none-eabi/10.3.1/../../../../arm-none-eabi/lib/thumb/v8-m.main+fp/hard\libc_nano.a(lib_a-errno.o)
                              ./Core/Src/syscalls.o (__errno)
c:/st/stm32cubeide_1.12.1/stm32cubeide/plugins/com.st.stm32cube.ide.mcu.externaltools.gnu-tools-for-stm32.10.3-2021.10.win32_1.0.200.202301161003/tools/bin/../lib/gcc/arm-none-eabi/10.3.1/../../../../arm-none-eabi/lib/thumb/v8-m.main+fp/hard\libc_nano.a(lib_a-exit.o)
                              c:/st/stm32cubeide_1.12.1/stm32cubeide/plugins/com.st.stm32cube.ide.mcu.externaltools.gnu-tools-for-stm32.10.3-2021.10.win32_1.0.200.202301161003/tools/bin/../lib/gcc/arm-none-eabi/10.3.1/../../../../arm-none-eabi/lib/thumb/v8-m.main+fp/hard/crt0.o (exit)
c:/st/stm32cubeide_1.12.1/stm32cubeide/plugins/com.st.stm32cube.ide.mcu.externaltools.gnu-tools-for-stm32.10.3-2021.10.win32_1.0.200.202301161003/tools/bin/../lib/gcc/arm-none-eabi/10.3.1/../../../../arm-none-eabi/lib/thumb/v8-m.main+fp/hard\libc_nano.a(lib_a-impure.o)
                              c:/st/stm32cubeide_1.12.1/stm32cubeide/plugins/com.st.stm32cube.ide.mcu.externaltools.gnu-tools-for-stm32.10.3-2021.10.win32_1.0.200.202301161003/tools/bin/../lib/gcc/arm-none-eabi/10.3.1/../../../../arm-none-eabi/lib/thumb/v8-m.main+fp/hard\libc_nano.a(lib_a-exit.o) (_global_impure_ptr)
c:/st/stm32cubeide_1.12.1/stm32cubeide/plugins/com.st.stm32cube.ide.mcu.externaltools.gnu-tools-for-stm32.10.3-2021.10.win32_1.0.200.202301161003/tools/bin/../lib/gcc/arm-none-eabi/10.3.1/../../../../arm-none-eabi/lib/thumb/v8-m.main+fp/hard\libc_nano.a(lib_a-init.o)
                              c:/st/stm32cubeide_1.12.1/stm32cubeide/plugins/com.st.stm32cube.ide.mcu.externaltools.gnu-tools-for-stm32.10.3-2021.10.win32_1.0.200.202301161003/tools/bin/../lib/gcc/arm-none-eabi/10.3.1/../../../../arm-none-eabi/lib/thumb/v8-m.main+fp/hard/crt0.o (__libc_init_array)
c:/st/stm32cubeide_1.12.1/stm32cubeide/plugins/com.st.stm32cube.ide.mcu.externaltools.gnu-tools-for-stm32.10.3-2021.10.win32_1.0.200.202301161003/tools/bin/../lib/gcc/arm-none-eabi/10.3.1/../../../../arm-none-eabi/lib/thumb/v8-m.main+fp/hard\libc_nano.a(lib_a-memset.o)
                              c:/st/stm32cubeide_1.12.1/stm32cubeide/plugins/com.st.stm32cube.ide.mcu.externaltools.gnu-tools-for-stm32.10.3-2021.10.win32_1.0.200.202301161003/tools/bin/../lib/gcc/arm-none-eabi/10.3.1/../../../../arm-none-eabi/lib/thumb/v8-m.main+fp/hard/crt0.o (memset)

Discarded input sections

 .text          0x0000000000000000        0x0 c:/st/stm32cubeide_1.12.1/stm32cubeide/plugins/com.st.stm32cube.ide.mcu.externaltools.gnu-tools-for-stm32.10.3-2021.10.win32_1.0.200.202301161003/tools/bin/../lib/gcc/arm-none-eabi/10.3.1/thumb/v8-m.main+fp/hard/crti.o
 .data          0x0000000000000000        0x0 c:/st/stm32cubeide_1.12.1/stm32cubeide/plugins/com.st.stm32cube.ide.mcu.externaltools.gnu-tools-for-stm32.10.3-2021.10.win32_1.0.200.202301161003/tools/bin/../lib/gcc/arm-none-eabi/10.3.1/thumb/v8-m.main+fp/hard/crti.o
 .bss           0x0000000000000000        0x0 c:/st/stm32cubeide_1.12.1/stm32cubeide/plugins/com.st.stm32cube.ide.mcu.externaltools.gnu-tools-for-stm32.10.3-2021.10.win32_1.0.200.202301161003/tools/bin/../lib/gcc/arm-none-eabi/10.3.1/thumb/v8-m.main+fp/hard/crti.o
 .data          0x0000000000000000        0x4 c:/st/stm32cubeide_1.12.1/stm32cubeide/plugins/com.st.stm32cube.ide.mcu.externaltools.gnu-tools-for-stm32.10.3-2021.10.win32_1.0.200.202301161003/tools/bin/../lib/gcc/arm-none-eabi/10.3.1/thumb/v8-m.main+fp/hard/crtbegin.o
 .rodata        0x0000000000000000       0x24 c:/st/stm32cubeide_1.12.1/stm32cubeide/plugins/com.st.stm32cube.ide.mcu.externaltools.gnu-tools-for-stm32.10.3-2021.10.win32_1.0.200.202301161003/tools/bin/../lib/gcc/arm-none-eabi/10.3.1/thumb/v8-m.main+fp/hard/crtbegin.o
 .text          0x0000000000000000       0x7c c:/st/stm32cubeide_1.12.1/stm32cubeide/plugins/com.st.stm32cube.ide.mcu.externaltools.gnu-tools-for-stm32.10.3-2021.10.win32_1.0.200.202301161003/tools/bin/../lib/gcc/arm-none-eabi/10.3.1/../../../../arm-none-eabi/lib/thumb/v8-m.main+fp/hard/crt0.o
 .data          0x0000000000000000        0x0 c:/st/stm32cubeide_1.12.1/stm32cubeide/plugins/com.st.stm32cube.ide.mcu.externaltools.gnu-tools-for-stm32.10.3-2021.10.win32_1.0.200.202301161003/tools/bin/../lib/gcc/arm-none-eabi/10.3.1/../../../../arm-none-eabi/lib/thumb/v8-m.main+fp/hard/crt0.o
 .bss           0x0000000000000000        0x0 c:/st/stm32cubeide_1.12.1/stm32cubeide/plugins/com.st.stm32cube.ide.mcu.externaltools.gnu-tools-for-stm32.10.3-2021.10.win32_1.0.200.202301161003/tools/bin/../lib/gcc/arm-none-eabi/10.3.1/../../../../arm-none-eabi/lib/thumb/v8-m.main+fp/hard/crt0.o
[...]
Memory Configuration

Name             Origin             Length             Attributes
RAM              0x0000000020018000 0x0000000000018000 xrw
RAM2             0x0000000020030000 0x0000000000010000 xrw
FLASH            0x0000000008040000 0x0000000000040000 xr
*default*        0x0000000000000000 0xffffffffffffffff

Linker script and memory map

LOAD c:/st/stm32cubeide_1.12.1/stm32cubeide/plugins/com.st.stm32cube.ide.mcu.externaltools.gnu-tools-for-stm32.10.3-2021.10.win32_1.0.200.202301161003/tools/bin/../lib/gcc/arm-none-eabi/10.3.1/thumb/v8-m.main+fp/hard/crti.o
LOAD c:/st/stm32cubeide_1.12.1/stm32cubeide/plugins/com.st.stm32cube.ide.mcu.externaltools.gnu-tools-for-stm32.10.3-2021.10.win32_1.0.200.202301161003/tools/bin/../lib/gcc/arm-none-eabi/10.3.1/thumb/v8-m.main+fp/hard/crtbegin.o
LOAD c:/st/stm32cubeide_1.12.1/stm32cubeide/plugins/com.st.stm32cube.ide.mcu.externaltools.gnu-tools-for-stm32.10.3-2021.10.win32_1.0.200.202301161003/tools/bin/../lib/gcc/arm-none-eabi/10.3.1/../../../../arm-none-eabi/lib/thumb/v8-m.main+fp/hard/crt0.o
LOAD ./Core/Src/main.o
LOAD ./Core/Src/stm32l5xx_hal_msp.o
LOAD ./Core/Src/stm32l5xx_it.o
LOAD ./Core/Src/syscalls.o
LOAD ./Core/Src/sysmem.o
LOAD ./Core/Src/system_stm32l5xx_ns.o
LOAD ./Core/Startup/startup_stm32l562qeixq.o
LOAD ./Drivers/STM32L5xx_HAL_Driver/stm32l5xx_hal.o
LOAD ./Drivers/STM32L5xx_HAL_Driver/stm32l5xx_hal_cortex.o
LOAD ./Drivers/STM32L5xx_HAL_Driver/stm32l5xx_hal_dma.o
LOAD ./Drivers/STM32L5xx_HAL_Driver/stm32l5xx_hal_dma_ex.o
LOAD ./Drivers/STM32L5xx_HAL_Driver/stm32l5xx_hal_exti.o
LOAD ./Drivers/STM32L5xx_HAL_Driver/stm32l5xx_hal_flash.o
LOAD ./Drivers/STM32L5xx_HAL_Driver/stm32l5xx_hal_flash_ex.o
LOAD ./Drivers/STM32L5xx_HAL_Driver/stm32l5xx_hal_flash_ramfunc.o
LOAD ./Drivers/STM32L5xx_HAL_Driver/stm32l5xx_hal_gpio.o
LOAD ./Drivers/STM32L5xx_HAL_Driver/stm32l5xx_hal_i2c.o
LOAD ./Drivers/STM32L5xx_HAL_Driver/stm32l5xx_hal_i2c_ex.o
LOAD ./Drivers/STM32L5xx_HAL_Driver/stm32l5xx_hal_icache.o
LOAD ./Drivers/STM32L5xx_HAL_Driver/stm32l5xx_hal_pwr.o
LOAD ./Drivers/STM32L5xx_HAL_Driver/stm32l5xx_hal_pwr_ex.o
LOAD ./Drivers/STM32L5xx_HAL_Driver/stm32l5xx_hal_rcc.o
LOAD ./Drivers/STM32L5xx_HAL_Driver/stm32l5xx_hal_rcc_ex.o
LOAD ./Drivers/STM32L5xx_HAL_Driver/stm32l5xx_hal_tim.o
LOAD ./Drivers/STM32L5xx_HAL_Driver/stm32l5xx_hal_tim_ex.o
LOAD C:/Users/karle/STM32CubeIDE/workspace_1.12.1/SPI_based_memory_acquisition/Secure/Debug/secure_nsclib.o
START GROUP
LOAD c:/st/stm32cubeide_1.12.1/stm32cubeide/plugins/com.st.stm32cube.ide.mcu.externaltools.gnu-tools-for-stm32.10.3-2021.10.win32_1.0.200.202301161003/tools/bin/../lib/gcc/arm-none-eabi/10.3.1/../../../../arm-none-eabi/lib/thumb/v8-m.main+fp/hard\libc_nano.a
LOAD c:/st/stm32cubeide_1.12.1/stm32cubeide/plugins/com.st.stm32cube.ide.mcu.externaltools.gnu-tools-for-stm32.10.3-2021.10.win32_1.0.200.202301161003/tools/bin/../lib/gcc/arm-none-eabi/10.3.1/../../../../arm-none-eabi/lib/thumb/v8-m.main+fp/hard\libm.a
END GROUP
START GROUP
LOAD c:/st/stm32cubeide_1.12.1/stm32cubeide/plugins/com.st.stm32cube.ide.mcu.externaltools.gnu-tools-for-stm32.10.3-2021.10.win32_1.0.200.202301161003/tools/bin/../lib/gcc/arm-none-eabi/10.3.1/thumb/v8-m.main+fp/hard\libgcc.a
LOAD c:/st/stm32cubeide_1.12.1/stm32cubeide/plugins/com.st.stm32cube.ide.mcu.externaltools.gnu-tools-for-stm32.10.3-2021.10.win32_1.0.200.202301161003/tools/bin/../lib/gcc/arm-none-eabi/10.3.1/../../../../arm-none-eabi/lib/thumb/v8-m.main+fp/hard\libc_nano.a
END GROUP
START GROUP
LOAD c:/st/stm32cubeide_1.12.1/stm32cubeide/plugins/com.st.stm32cube.ide.mcu.externaltools.gnu-tools-for-stm32.10.3-2021.10.win32_1.0.200.202301161003/tools/bin/../lib/gcc/arm-none-eabi/10.3.1/thumb/v8-m.main+fp/hard\libgcc.a
LOAD c:/st/stm32cubeide_1.12.1/stm32cubeide/plugins/com.st.stm32cube.ide.mcu.externaltools.gnu-tools-for-stm32.10.3-2021.10.win32_1.0.200.202301161003/tools/bin/../lib/gcc/arm-none-eabi/10.3.1/../../../../arm-none-eabi/lib/thumb/v8-m.main+fp/hard\libc_nano.a
LOAD c:/st/stm32cubeide_1.12.1/stm32cubeide/plugins/com.st.stm32cube.ide.mcu.externaltools.gnu-tools-for-stm32.10.3-2021.10.win32_1.0.200.202301161003/tools/bin/../lib/gcc/arm-none-eabi/10.3.1/../../../../arm-none-eabi/lib/thumb/v8-m.main+fp/hard\libnosys.a
END GROUP
START GROUP
LOAD c:/st/stm32cubeide_1.12.1/stm32cubeide/plugins/com.st.stm32cube.ide.mcu.externaltools.gnu-tools-for-stm32.10.3-2021.10.win32_1.0.200.202301161003/tools/bin/../lib/gcc/arm-none-eabi/10.3.1/thumb/v8-m.main+fp/hard\libgcc.a
LOAD c:/st/stm32cubeide_1.12.1/stm32cubeide/plugins/com.st.stm32cube.ide.mcu.externaltools.gnu-tools-for-stm32.10.3-2021.10.win32_1.0.200.202301161003/tools/bin/../lib/gcc/arm-none-eabi/10.3.1/../../../../arm-none-eabi/lib/thumb/v8-m.main+fp/hard\libc_nano.a
LOAD c:/st/stm32cubeide_1.12.1/stm32cubeide/plugins/com.st.stm32cube.ide.mcu.externaltools.gnu-tools-for-stm32.10.3-2021.10.win32_1.0.200.202301161003/tools/bin/../lib/gcc/arm-none-eabi/10.3.1/../../../../arm-none-eabi/lib/thumb/v8-m.main+fp/hard\libnosys.a
END GROUP
LOAD c:/st/stm32cubeide_1.12.1/stm32cubeide/plugins/com.st.stm32cube.ide.mcu.externaltools.gnu-tools-for-stm32.10.3-2021.10.win32_1.0.200.202301161003/tools/bin/../lib/gcc/arm-none-eabi/10.3.1/thumb/v8-m.main+fp/hard/crtend.o
LOAD c:/st/stm32cubeide_1.12.1/stm32cubeide/plugins/com.st.stm32cube.ide.mcu.externaltools.gnu-tools-for-stm32.10.3-2021.10.win32_1.0.200.202301161003/tools/bin/../lib/gcc/arm-none-eabi/10.3.1/thumb/v8-m.main+fp/hard/crtn.o
                0x0000000020030000                _estack = (ORIGIN (RAM) + LENGTH (RAM))
                0x0000000000000200                _Min_Heap_Size = 0x200
                0x0000000000000400                _Min_Stack_Size = 0x400

.isr_vector     0x0000000008040000      0x1f4
                0x0000000008040000                . = ALIGN (0x4)
 *(.isr_vector)
 .isr_vector    0x0000000008040000      0x1f4 ./Core/Startup/startup_stm32l562qeixq.o
                0x0000000008040000                g_pfnVectors
                0x00000000080401f4                . = ALIGN (0x4)

.text           0x00000000080401f8     0x1798
                0x00000000080401f8                . = ALIGN (0x4)
 *(.text)
 .text          0x00000000080401f8       0x40 c:/st/stm32cubeide_1.12.1/stm32cubeide/plugins/com.st.stm32cube.ide.mcu.externaltools.gnu-tools-for-stm32.10.3-2021.10.win32_1.0.200.202301161003/tools/bin/../lib/gcc/arm-none-eabi/10.3.1/thumb/v8-m.main+fp/hard/crtbegin.o
 *(.text*)
 .text.main     0x0000000008040238       0xdc ./Core/Src/main.o
                0x0000000008040238                main
 .text.SystemClock_Config
                0x0000000008040314       0xa2 ./Core/Src/main.o
                0x0000000008040314                SystemClock_Config
 *fill*         0x00000000080403b6        0x2 
 .text.MX_DMA_Init
                0x00000000080403b8       0x48 ./Core/Src/main.o
 .text.MX_GPIO_Init
                0x0000000008040400       0x30 ./Core/Src/main.o
 .text.NonSecureSecureTransferCompleteCallback
                0x0000000008040430       0x20 ./Core/Src/main.o
 .text.NonSecureNonSecureTransferCompleteCallback
                0x0000000008040450       0x20 ./Core/Src/main.o
 .text.Error_Handler
                0x0000000008040470        0xa ./Core/Src/main.o
                0x0000000008040470                Error_Handler
 *fill*         0x000000000804047a        0x2 
 .text.HAL_MspInit
                0x000000000804047c       0x48 ./Core/Src/stm32l5xx_hal_msp.o
                0x000000000804047c                HAL_MspInit
 .text.MemManage_Handler
                0x00000000080404c4        0x6 ./Core/Src/stm32l5xx_it.o
                0x00000000080404c4                MemManage_Handler
 .text.UsageFault_Handler
                0x00000000080404ca        0x6 ./Core/Src/stm32l5xx_it.o
                0x00000000080404ca                UsageFault_Handler
 .text.SVC_Handler
                0x00000000080404d0        0xe ./Core/Src/stm32l5xx_it.o
                0x00000000080404d0                SVC_Handler
 .text.PendSV_Handler
                0x00000000080404de        0xe ./Core/Src/stm32l5xx_it.o
                0x00000000080404de                PendSV_Handler
 .text.SysTick_Handler
                0x00000000080404ec        0xc ./Core/Src/stm32l5xx_it.o
                0x00000000080404ec                SysTick_Handler
 .text.SystemInit
                0x00000000080404f8        0xe ./Core/Src/system_stm32l5xx_ns.o
                0x00000000080404f8                SystemInit
 *fill*         0x0000000008040506        0x2 
 .text.SystemCoreClockUpdate
                0x0000000008040508       0x18 ./Core/Src/system_stm32l5xx_ns.o
                0x0000000008040508                SystemCoreClockUpdate
 .text.Reset_Handler
                0x0000000008040520       0x50 ./Core/Startup/startup_stm32l562qeixq.o
                0x0000000008040520                Reset_Handler
 .text.Default_Handler
                0x0000000008040570        0x2 ./Core/Startup/startup_stm32l562qeixq.o
                0x0000000008040570                EXTI2_IRQHandler
                0x0000000008040570                TIM8_TRG_COM_IRQHandler
                0x0000000008040570                TIM8_CC_IRQHandler
                0x0000000008040570                EXTI5_IRQHandler
                0x0000000008040570                DebugMon_Handler
                0x0000000008040570                FLASH_S_IRQHandler
                0x0000000008040570                EXTI13_IRQHandler
                0x0000000008040570                TIM1_CC_IRQHandler
                0x0000000008040570                TSC_IRQHandler
                0x0000000008040570                HardFault_Handler
                0x0000000008040570                TAMP_IRQHandler
                0x0000000008040570                TIM6_IRQHandler
                0x0000000008040570                EXTI12_IRQHandler
                0x0000000008040570                DMA2_Channel8_IRQHandler
                0x0000000008040570                NMI_Handler
                0x0000000008040570                EXTI3_IRQHandler
                0x0000000008040570                EXTI8_IRQHandler
                0x0000000008040570                LPTIM2_IRQHandler
                0x0000000008040570                DFSDM1_FLT1_IRQHandler
                0x0000000008040570                USB_FS_IRQHandler
                0x0000000008040570                I2C3_ER_IRQHandler
                0x0000000008040570                DFSDM1_FLT2_IRQHandler
                0x0000000008040570                DMAMUX1_IRQHandler
                0x0000000008040570                LPTIM3_IRQHandler
                0x0000000008040570                EXTI0_IRQHandler
                0x0000000008040570                I2C2_EV_IRQHandler
                0x0000000008040570                FPU_IRQHandler
                0x0000000008040570                FDCAN1_IT1_IRQHandler
                0x0000000008040570                ADC1_2_IRQHandler
                0x0000000008040570                SPI1_IRQHandler
                0x0000000008040570                OCTOSPI1_IRQHandler
                0x0000000008040570                TIM8_UP_IRQHandler
                0x0000000008040570                RCC_S_IRQHandler
                0x0000000008040570                DMA2_Channel2_IRQHandler
                0x0000000008040570                DMA1_Channel4_IRQHandler
                0x0000000008040570                SAI2_IRQHandler
                0x0000000008040570                DFSDM1_FLT3_IRQHandler
                0x0000000008040570                PKA_IRQHandler
                0x0000000008040570                EXTI15_IRQHandler
                0x0000000008040570                TIM17_IRQHandler
                0x0000000008040570                USART3_IRQHandler
                0x0000000008040570                RTC_IRQHandler
                0x0000000008040570                EXTI9_IRQHandler
                0x0000000008040570                DMA1_Channel7_IRQHandler
                0x0000000008040570                UART5_IRQHandler
                0x0000000008040570                TIM4_IRQHandler
                0x0000000008040570                DMA2_Channel1_IRQHandler
                0x0000000008040570                I2C1_EV_IRQHandler
                0x0000000008040570                DMA1_Channel6_IRQHandler
                0x0000000008040570                TIM16_IRQHandler
                0x0000000008040570                UART4_IRQHandler
                0x0000000008040570                DMA2_Channel4_IRQHandler
                0x0000000008040570                SecureFault_Handler
                0x0000000008040570                TIM3_IRQHandler
                0x0000000008040570                RCC_IRQHandler
                0x0000000008040570                TIM1_TRG_COM_IRQHandler
                0x0000000008040570                DMA1_Channel1_IRQHandler
                0x0000000008040570                Default_Handler
                0x0000000008040570                DMA2_Channel7_IRQHandler
                0x0000000008040570                OTFDEC1_IRQHandler
                0x0000000008040570                DMA1_Channel8_IRQHandler
                0x0000000008040570                TIM7_IRQHandler
                0x0000000008040570                SDMMC1_IRQHandler
                0x0000000008040570                TIM5_IRQHandler
                0x0000000008040570                UCPD1_IRQHandler
                0x0000000008040570                TIM15_IRQHandler
                0x0000000008040570                I2C3_EV_IRQHandler
                0x0000000008040570                PVD_PVM_IRQHandler
                0x0000000008040570                SPI2_IRQHandler
                0x0000000008040570                EXTI14_IRQHandler
                0x0000000008040570                EXTI11_IRQHandler
                0x0000000008040570                DMA2_Channel5_IRQHandler
                0x0000000008040570                CRS_IRQHandler
                0x0000000008040570                DMA1_Channel5_IRQHandler
                0x0000000008040570                EXTI4_IRQHandler
                0x0000000008040570                RTC_S_IRQHandler
                0x0000000008040570                RNG_IRQHandler
                0x0000000008040570                DMAMUX1_S_IRQHandler
                0x0000000008040570                DMA1_Channel3_IRQHandler
                0x0000000008040570                COMP_IRQHandler
                0x0000000008040570                TIM1_UP_IRQHandler
                0x0000000008040570                WWDG_IRQHandler
                0x0000000008040570                I2C4_EV_IRQHandler
                0x0000000008040570                LPUART1_IRQHandler
                0x0000000008040570                DMA2_Channel6_IRQHandler
                0x0000000008040570                FDCAN1_IT0_IRQHandler
                0x0000000008040570                TIM2_IRQHandler
                0x0000000008040570                TAMP_S_IRQHandler
                0x0000000008040570                EXTI7_IRQHandler
                0x0000000008040570                TIM1_BRK_IRQHandler
                0x0000000008040570                DAC_IRQHandler
                0x0000000008040570                EXTI1_IRQHandler
                0x0000000008040570                AES_IRQHandler
                0x0000000008040570                GTZC_IRQHandler
                0x0000000008040570                USART2_IRQHandler
                0x0000000008040570                DFSDM1_FLT0_IRQHandler
                0x0000000008040570                I2C2_ER_IRQHandler
                0x0000000008040570                DMA1_Channel2_IRQHandler
                0x0000000008040570                TIM8_BRK_IRQHandler
                0x0000000008040570                FLASH_IRQHandler
                0x0000000008040570                BusFault_Handler
                0x0000000008040570                USART1_IRQHandler
                0x0000000008040570                EXTI10_IRQHandler
                0x0000000008040570                SPI3_IRQHandler
                0x0000000008040570                I2C1_ER_IRQHandler
                0x0000000008040570                FMC_IRQHandler
                0x0000000008040570                EXTI6_IRQHandler
                0x0000000008040570                LPTIM1_IRQHandler
                0x0000000008040570                I2C4_ER_IRQHandler
                0x0000000008040570                ICACHE_IRQHandler
                0x0000000008040570                SAI1_IRQHandler
                0x0000000008040570                HASH_IRQHandler
                0x0000000008040570                DMA2_Channel3_IRQHandler
 .text.HAL_Init
                0x0000000008040572       0x34 ./Drivers/STM32L5xx_HAL_Driver/stm32l5xx_hal.o
                0x0000000008040572                HAL_Init
 *fill*         0x00000000080405a6        0x2 
 .text.HAL_InitTick
                0x00000000080405a8       0x78 ./Drivers/STM32L5xx_HAL_Driver/stm32l5xx_hal.o
                0x00000000080405a8                HAL_InitTick
 .text.HAL_IncTick
                0x0000000008040620       0x28 ./Drivers/STM32L5xx_HAL_Driver/stm32l5xx_hal.o
                0x0000000008040620                HAL_IncTick
 .text.HAL_GetTick
                0x0000000008040648       0x18 ./Drivers/STM32L5xx_HAL_Driver/stm32l5xx_hal.o
                0x0000000008040648                HAL_GetTick
 .text.HAL_Delay
                0x0000000008040660       0x48 ./Drivers/STM32L5xx_HAL_Driver/stm32l5xx_hal.o
                0x0000000008040660                HAL_Delay
 .text.__NVIC_SetPriorityGrouping
                0x00000000080406a8       0x48 ./Drivers/STM32L5xx_HAL_Driver/stm32l5xx_hal_cortex.o
 .text.__NVIC_GetPriorityGrouping
                0x00000000080406f0       0x1c ./Drivers/STM32L5xx_HAL_Driver/stm32l5xx_hal_cortex.o
 .text.__NVIC_SetPriority
                0x000000000804070c       0x54 ./Drivers/STM32L5xx_HAL_Driver/stm32l5xx_hal_cortex.o
 .text.NVIC_EncodePriority
                0x0000000008040760       0x66 ./Drivers/STM32L5xx_HAL_Driver/stm32l5xx_hal_cortex.o
 *fill*         0x00000000080407c6        0x2 
 .text.SysTick_Config
                0x00000000080407c8       0x44 ./Drivers/STM32L5xx_HAL_Driver/stm32l5xx_hal_cortex.o
 .text.HAL_NVIC_SetPriorityGrouping
                0x000000000804080c       0x16 ./Drivers/STM32L5xx_HAL_Driver/stm32l5xx_hal_cortex.o
                0x000000000804080c                HAL_NVIC_SetPriorityGrouping
 .text.HAL_NVIC_SetPriority
                0x0000000008040822       0x34 ./Drivers/STM32L5xx_HAL_Driver/stm32l5xx_hal_cortex.o
                0x0000000008040822                HAL_NVIC_SetPriority
 .text.HAL_SYSTICK_Config
                0x0000000008040856       0x18 ./Drivers/STM32L5xx_HAL_Driver/stm32l5xx_hal_cortex.o
                0x0000000008040856                HAL_SYSTICK_Config
 *fill*         0x000000000804086e        0x2 
 .text.HAL_PWREx_GetVoltageRange
                0x0000000008040870       0x1c ./Drivers/STM32L5xx_HAL_Driver/stm32l5xx_hal_pwr_ex.o
                0x0000000008040870                HAL_PWREx_GetVoltageRange
 .text.HAL_PWREx_ControlVoltageScaling
                0x000000000804088c       0xb8 ./Drivers/STM32L5xx_HAL_Driver/stm32l5xx_hal_pwr_ex.o
                0x000000000804088c                HAL_PWREx_ControlVoltageScaling
 .text.HAL_PWREx_SMPS_GetEffectiveMode
                0x0000000008040944       0x48 ./Drivers/STM32L5xx_HAL_Driver/stm32l5xx_hal_pwr_ex.o
                0x0000000008040944                HAL_PWREx_SMPS_GetEffectiveMode
 .text.HAL_RCC_OscConfig
                0x000000000804098c      0x9ac ./Drivers/STM32L5xx_HAL_Driver/stm32l5xx_hal_rcc.o
                0x000000000804098c                HAL_RCC_OscConfig
 .text.HAL_RCC_ClockConfig
                0x0000000008041338      0x270 ./Drivers/STM32L5xx_HAL_Driver/stm32l5xx_hal_rcc.o
                0x0000000008041338                HAL_RCC_ClockConfig
 .text.HAL_RCC_GetSysClockFreq
                0x00000000080415a8      0x13c ./Drivers/STM32L5xx_HAL_Driver/stm32l5xx_hal_rcc.o
                0x00000000080415a8                HAL_RCC_GetSysClockFreq
 .text.HAL_RCC_GetHCLKFreq
                0x00000000080416e4       0x28 ./Drivers/STM32L5xx_HAL_Driver/stm32l5xx_hal_rcc.o
                0x00000000080416e4                HAL_RCC_GetHCLKFreq
 .text.RCC_SetFlashLatencyFromMSIRange
                0x000000000804170c       0xc8 ./Drivers/STM32L5xx_HAL_Driver/stm32l5xx_hal_rcc.o
 .text.RCC_GetSysClockFreqFromPLLSource
                0x00000000080417d4       0xdc ./Drivers/STM32L5xx_HAL_Driver/stm32l5xx_hal_rcc.o
 .text.__libc_init_array
                0x00000000080418b0       0x48 c:/st/stm32cubeide_1.12.1/stm32cubeide/plugins/com.st.stm32cube.ide.mcu.externaltools.gnu-tools-for-stm32.10.3-2021.10.win32_1.0.200.202301161003/tools/bin/../lib/gcc/arm-none-eabi/10.3.1/../../../../arm-none-eabi/lib/thumb/v8-m.main+fp/hard\libc_nano.a(lib_a-init.o)
                0x00000000080418b0                __libc_init_array
 .text.memset   0x00000000080418f8       0x10 c:/st/stm32cubeide_1.12.1/stm32cubeide/plugins/com.st.stm32cube.ide.mcu.externaltools.gnu-tools-for-stm32.10.3-2021.10.win32_1.0.200.202301161003/tools/bin/../lib/gcc/arm-none-eabi/10.3.1/../../../../arm-none-eabi/lib/thumb/v8-m.main+fp/hard\libc_nano.a(lib_a-memset.o)
                0x00000000080418f8                memset
 *(.glue_7)
 .glue_7        0x0000000008041908        0x0 linker stubs
 *(.glue_7t)
 .glue_7t       0x0000000008041908        0x0 linker stubs
 *(.eh_frame)
 .eh_frame      0x0000000008041908        0x0 c:/st/stm32cubeide_1.12.1/stm32cubeide/plugins/com.st.stm32cube.ide.mcu.externaltools.gnu-tools-for-stm32.10.3-2021.10.win32_1.0.200.202301161003/tools/bin/../lib/gcc/arm-none-eabi/10.3.1/thumb/v8-m.main+fp/hard/crtbegin.o
 *(.init)
 .init          0x0000000008041908        0x4 c:/st/stm32cubeide_1.12.1/stm32cubeide/plugins/com.st.stm32cube.ide.mcu.externaltools.gnu-tools-for-stm32.10.3-2021.10.win32_1.0.200.202301161003/tools/bin/../lib/gcc/arm-none-eabi/10.3.1/thumb/v8-m.main+fp/hard/crti.o
                0x0000000008041908                _init
 .init          0x000000000804190c        0x8 c:/st/stm32cubeide_1.12.1/stm32cubeide/plugins/com.st.stm32cube.ide.mcu.externaltools.gnu-tools-for-stm32.10.3-2021.10.win32_1.0.200.202301161003/tools/bin/../lib/gcc/arm-none-eabi/10.3.1/thumb/v8-m.main+fp/hard/crtn.o
 *(.fini)
 .fini          0x0000000008041914        0x4 c:/st/stm32cubeide_1.12.1/stm32cubeide/plugins/com.st.stm32cube.ide.mcu.externaltools.gnu-tools-for-stm32.10.3-2021.10.win32_1.0.200.202301161003/tools/bin/../lib/gcc/arm-none-eabi/10.3.1/thumb/v8-m.main+fp/hard/crti.o
                0x0000000008041914                _fini
 .fini          0x0000000008041918        0x8 c:/st/stm32cubeide_1.12.1/stm32cubeide/plugins/com.st.stm32cube.ide.mcu.externaltools.gnu-tools-for-stm32.10.3-2021.10.win32_1.0.200.202301161003/tools/bin/../lib/gcc/arm-none-eabi/10.3.1/thumb/v8-m.main+fp/hard/crtn.o
 .fini.__stub   0x0000000008041920       0x70 linker stubs
                0x0000000008041990                . = ALIGN (0x4)
                0x0000000008041990                _etext = .

.vfp11_veneer   0x0000000008041990        0x0
 .vfp11_veneer  0x0000000008041990        0x0 linker stubs

.v4_bx          0x0000000008041990        0x0
 .v4_bx         0x0000000008041990        0x0 linker stubs

.iplt           0x0000000008041990        0x0
 .iplt          0x0000000008041990        0x0 c:/st/stm32cubeide_1.12.1/stm32cubeide/plugins/com.st.stm32cube.ide.mcu.externaltools.gnu-tools-for-stm32.10.3-2021.10.win32_1.0.200.202301161003/tools/bin/../lib/gcc/arm-none-eabi/10.3.1/thumb/v8-m.main+fp/hard/crtbegin.o

.rodata         0x0000000008041990       0x8c
                0x0000000008041990                . = ALIGN (0x4)
 *(.rodata)
 .rodata        0x0000000008041990       0x39 ./Core/Src/main.o
 *(.rodata*)
 *fill*         0x00000000080419c9        0x3 
 .rodata.AHBPrescTable
                0x00000000080419cc       0x10 ./Core/Src/system_stm32l5xx_ns.o
                0x00000000080419cc                AHBPrescTable
 .rodata.MSIRangeTable
                0x00000000080419dc       0x40 ./Core/Src/system_stm32l5xx_ns.o
                0x00000000080419dc                MSIRangeTable
                0x0000000008041a1c                . = ALIGN (0x4)

.rel.dyn        0x0000000008041a1c        0x0
 .rel.iplt      0x0000000008041a1c        0x0 c:/st/stm32cubeide_1.12.1/stm32cubeide/plugins/com.st.stm32cube.ide.mcu.externaltools.gnu-tools-for-stm32.10.3-2021.10.win32_1.0.200.202301161003/tools/bin/../lib/gcc/arm-none-eabi/10.3.1/thumb/v8-m.main+fp/hard/crtbegin.o

.ARM.extab      0x0000000008041a1c        0x0
                0x0000000008041a1c                . = ALIGN (0x4)
 *(.ARM.extab* .gnu.linkonce.armextab.*)
                0x0000000008041a1c                . = ALIGN (0x4)

.ARM            0x0000000008041a1c        0x0
                0x0000000008041a1c                . = ALIGN (0x4)
                0x0000000008041a1c                __exidx_start = .
 *(.ARM.exidx*)
                0x0000000008041a1c                __exidx_end = .
                0x0000000008041a1c                . = ALIGN (0x4)

.preinit_array  0x0000000008041a1c        0x0
                0x0000000008041a1c                . = ALIGN (0x4)
                0x0000000008041a1c                PROVIDE (__preinit_array_start = .)
 *(.preinit_array*)
                0x0000000008041a1c                PROVIDE (__preinit_array_end = .)
                0x0000000008041a1c                . = ALIGN (0x4)

.init_array     0x0000000008041a1c        0x4
                0x0000000008041a1c                . = ALIGN (0x4)
                0x0000000008041a1c                PROVIDE (__init_array_start = .)
 *(SORT_BY_NAME(.init_array.*))
 *(.init_array*)
 .init_array    0x0000000008041a1c        0x4 c:/st/stm32cubeide_1.12.1/stm32cubeide/plugins/com.st.stm32cube.ide.mcu.externaltools.gnu-tools-for-stm32.10.3-2021.10.win32_1.0.200.202301161003/tools/bin/../lib/gcc/arm-none-eabi/10.3.1/thumb/v8-m.main+fp/hard/crtbegin.o
                0x0000000008041a20                PROVIDE (__init_array_end = .)
                0x0000000008041a20                . = ALIGN (0x4)

.fini_array     0x0000000008041a20        0x4
                0x0000000008041a20                . = ALIGN (0x4)
                [!provide]                        PROVIDE (__fini_array_start = .)
 *(SORT_BY_NAME(.fini_array.*))
 *(.fini_array*)
 .fini_array    0x0000000008041a20        0x4 c:/st/stm32cubeide_1.12.1/stm32cubeide/plugins/com.st.stm32cube.ide.mcu.externaltools.gnu-tools-for-stm32.10.3-2021.10.win32_1.0.200.202301161003/tools/bin/../lib/gcc/arm-none-eabi/10.3.1/thumb/v8-m.main+fp/hard/crtbegin.o
                [!provide]                        PROVIDE (__fini_array_end = .)
                0x0000000008041a24                . = ALIGN (0x4)
                0x0000000008041a24                _sidata = LOADADDR (.data)

.data           0x0000000020018000        0xc load address 0x0000000008041a24
                0x0000000020018000                . = ALIGN (0x4)
                0x0000000020018000                _sdata = .
 *(.data)
 *(.data*)
 .data.SystemCoreClock
                0x0000000020018000        0x4 ./Core/Src/system_stm32l5xx_ns.o
                0x0000000020018000                SystemCoreClock
 .data.uwTickPrio
                0x0000000020018004        0x4 ./Drivers/STM32L5xx_HAL_Driver/stm32l5xx_hal.o
                0x0000000020018004                uwTickPrio
 .data.uwTickFreq
                0x0000000020018008        0x1 ./Drivers/STM32L5xx_HAL_Driver/stm32l5xx_hal.o
                0x0000000020018008                uwTickFreq
 *(.RamFunc)
 *(.RamFunc*)
                0x000000002001800c                . = ALIGN (0x4)
 *fill*         0x0000000020018009        0x3 
                0x000000002001800c                _edata = .

.igot.plt       0x000000002001800c        0x0 load address 0x0000000008041a30
 .igot.plt      0x000000002001800c        0x0 c:/st/stm32cubeide_1.12.1/stm32cubeide/plugins/com.st.stm32cube.ide.mcu.externaltools.gnu-tools-for-stm32.10.3-2021.10.win32_1.0.200.202301161003/tools/bin/../lib/gcc/arm-none-eabi/10.3.1/thumb/v8-m.main+fp/hard/crtbegin.o
                0x000000002001800c                . = ALIGN (0x4)

.bss            0x000000002001800c      0x424 load address 0x0000000008041a30
                0x000000002001800c                _sbss = .
                0x000000002001800c                __bss_start__ = _sbss
 *(.bss)
 .bss           0x000000002001800c       0x1c c:/st/stm32cubeide_1.12.1/stm32cubeide/plugins/com.st.stm32cube.ide.mcu.externaltools.gnu-tools-for-stm32.10.3-2021.10.win32_1.0.200.202301161003/tools/bin/../lib/gcc/arm-none-eabi/10.3.1/thumb/v8-m.main+fp/hard/crtbegin.o
 *(.bss*)
 .bss.NSC_Mem_Buffer
                0x0000000020018028      0x400 ./Core/Src/main.o
                0x0000000020018028                NSC_Mem_Buffer
 .bss.transferCompleteDetected
                0x0000000020018428        0x4 ./Core/Src/main.o
 .bss.uwTick    0x000000002001842c        0x4 ./Drivers/STM32L5xx_HAL_Driver/stm32l5xx_hal.o
                0x000000002001842c                uwTick
 *(COMMON)
                0x0000000020018430                . = ALIGN (0x4)
                0x0000000020018430                _ebss = .
                0x0000000020018430                __bss_end__ = _ebss

._user_heap_stack
                0x0000000020018430      0x600 load address 0x0000000008041a30
                0x0000000020018430                . = ALIGN (0x8)
                [!provide]                        PROVIDE (end = .)
                0x0000000020018430                PROVIDE (_end = .)
                0x0000000020018630                . = (. + _Min_Heap_Size)
 *fill*         0x0000000020018430      0x200 
                0x0000000020018a30                . = (. + _Min_Stack_Size)
 *fill*         0x0000000020018630      0x400 
                0x0000000020018a30                . = ALIGN (0x8)

/DISCARD/
 libc.a(*)
 libm.a(*)
 libgcc.a(*)

.ARM.attributes
                0x0000000000000000       0x36
 *(.ARM.attributes)
 .ARM.attributes
                0x0000000000000000       0x22 c:/st/stm32cubeide_1.12.1/stm32cubeide/plugins/com.st.stm32cube.ide.mcu.externaltools.gnu-tools-for-stm32.10.3-2021.10.win32_1.0.200.202301161003/tools/bin/../lib/gcc/arm-none-eabi/10.3.1/thumb/v8-m.main+fp/hard/crti.o
 .ARM.attributes
                0x0000000000000022       0x38 c:/st/stm32cubeide_1.12.1/stm32cubeide/plugins/com.st.stm32cube.ide.mcu.externaltools.gnu-tools-for-stm32.10.3-2021.10.win32_1.0.200.202301161003/tools/bin/../lib/gcc/arm-none-eabi/10.3.1/thumb/v8-m.main+fp/hard/crtbegin.o
 .ARM.attributes
                0x000000000000005a       0x3a ./Core/Src/main.o
 .ARM.attributes
                0x0000000000000094       0x3a ./Core/Src/stm32l5xx_hal_msp.o
 .ARM.attributes
                0x00000000000000ce       0x3a ./Core/Src/stm32l5xx_it.o
 .ARM.attributes
                0x0000000000000108       0x3a ./Core/Src/system_stm32l5xx_ns.o
 .ARM.attributes
                0x0000000000000142       0x24 ./Core/Startup/startup_stm32l562qeixq.o
 .ARM.attributes
                0x0000000000000166       0x3a ./Drivers/STM32L5xx_HAL_Driver/stm32l5xx_hal.o
 .ARM.attributes
                0x00000000000001a0       0x3a ./Drivers/STM32L5xx_HAL_Driver/stm32l5xx_hal_cortex.o
 .ARM.attributes
                0x00000000000001da       0x3a ./Drivers/STM32L5xx_HAL_Driver/stm32l5xx_hal_pwr_ex.o
 .ARM.attributes
                0x0000000000000214       0x3a ./Drivers/STM32L5xx_HAL_Driver/stm32l5xx_hal_rcc.o
 .ARM.attributes
                0x000000000000024e       0x38 c:/st/stm32cubeide_1.12.1/stm32cubeide/plugins/com.st.stm32cube.ide.mcu.externaltools.gnu-tools-for-stm32.10.3-2021.10.win32_1.0.200.202301161003/tools/bin/../lib/gcc/arm-none-eabi/10.3.1/../../../../arm-none-eabi/lib/thumb/v8-m.main+fp/hard\libc_nano.a(lib_a-init.o)
 .ARM.attributes
                0x0000000000000286       0x38 c:/st/stm32cubeide_1.12.1/stm32cubeide/plugins/com.st.stm32cube.ide.mcu.externaltools.gnu-tools-for-stm32.10.3-2021.10.win32_1.0.200.202301161003/tools/bin/../lib/gcc/arm-none-eabi/10.3.1/../../../../arm-none-eabi/lib/thumb/v8-m.main+fp/hard\libc_nano.a(lib_a-memset.o)
 .ARM.attributes
                0x00000000000002be       0x22 c:/st/stm32cubeide_1.12.1/stm32cubeide/plugins/com.st.stm32cube.ide.mcu.externaltools.gnu-tools-for-stm32.10.3-2021.10.win32_1.0.200.202301161003/tools/bin/../lib/gcc/arm-none-eabi/10.3.1/thumb/v8-m.main+fp/hard/crtn.o
OUTPUT(SPI_based_memory_acquisition_NonSecure.elf elf32-littlearm)
LOAD linker stubs
LOAD c:/st/stm32cubeide_1.12.1/stm32cubeide/plugins/com.st.stm32cube.ide.mcu.externaltools.gnu-tools-for-stm32.10.3-2021.10.win32_1.0.200.202301161003/tools/bin/../lib/gcc/arm-none-eabi/10.3.1/../../../../arm-none-eabi/lib/thumb/v8-m.main+fp/hard\libc.a
LOAD c:/st/stm32cubeide_1.12.1/stm32cubeide/plugins/com.st.stm32cube.ide.mcu.externaltools.gnu-tools-for-stm32.10.3-2021.10.win32_1.0.200.202301161003/tools/bin/../lib/gcc/arm-none-eabi/10.3.1/../../../../arm-none-eabi/lib/thumb/v8-m.main+fp/hard\libm.a
LOAD c:/st/stm32cubeide_1.12.1/stm32cubeide/plugins/com.st.stm32cube.ide.mcu.externaltools.gnu-tools-for-stm32.10.3-2021.10.win32_1.0.200.202301161003/tools/bin/../lib/gcc/arm-none-eabi/10.3.1/thumb/v8-m.main+fp/hard\libgcc.a

.debug_info     0x0000000000000000     0x4f9a
 .debug_info    0x0000000000000000      0xbdc ./Core/Src/main.o
 .debug_info    0x0000000000000bdc      0x3e0 ./Core/Src/stm32l5xx_hal_msp.o
 .debug_info    0x0000000000000fbc       0xda ./Core/Src/stm32l5xx_it.o
 .debug_info    0x0000000000001096      0x188 ./Core/Src/system_stm32l5xx_ns.o
 .debug_info    0x000000000000121e       0x22 ./Core/Startup/startup_stm32l562qeixq.o
 .debug_info    0x0000000000001240      0xd55 ./Drivers/STM32L5xx_HAL_Driver/stm32l5xx_hal.o
 .debug_info    0x0000000000001f95     0x1189 ./Drivers/STM32L5xx_HAL_Driver/stm32l5xx_hal_cortex.o
 .debug_info    0x000000000000311e      0xdf9 ./Drivers/STM32L5xx_HAL_Driver/stm32l5xx_hal_pwr_ex.o
 .debug_info    0x0000000000003f17     0x1083 ./Drivers/STM32L5xx_HAL_Driver/stm32l5xx_hal_rcc.o

.debug_abbrev   0x0000000000000000     0x1045
 .debug_abbrev  0x0000000000000000      0x2c9 ./Core/Src/main.o
 .debug_abbrev  0x00000000000002c9       0xe5 ./Core/Src/stm32l5xx_hal_msp.o
 .debug_abbrev  0x00000000000003ae       0x74 ./Core/Src/stm32l5xx_it.o
 .debug_abbrev  0x0000000000000422       0xc0 ./Core/Src/system_stm32l5xx_ns.o
 .debug_abbrev  0x00000000000004e2       0x12 ./Core/Startup/startup_stm32l562qeixq.o
 .debug_abbrev  0x00000000000004f4      0x2c3 ./Drivers/STM32L5xx_HAL_Driver/stm32l5xx_hal.o
 .debug_abbrev  0x00000000000007b7      0x31d ./Drivers/STM32L5xx_HAL_Driver/stm32l5xx_hal_cortex.o
 .debug_abbrev  0x0000000000000ad4      0x283 ./Drivers/STM32L5xx_HAL_Driver/stm32l5xx_hal_pwr_ex.o
 .debug_abbrev  0x0000000000000d57      0x2ee ./Drivers/STM32L5xx_HAL_Driver/stm32l5xx_hal_rcc.o

.debug_aranges  0x0000000000000000      0x5c0
 .debug_aranges
                0x0000000000000000       0x50 ./Core/Src/main.o
 .debug_aranges
                0x0000000000000050       0x20 ./Core/Src/stm32l5xx_hal_msp.o
 .debug_aranges
                0x0000000000000070       0x40 ./Core/Src/stm32l5xx_it.o
 .debug_aranges
                0x00000000000000b0       0x28 ./Core/Src/system_stm32l5xx_ns.o
 .debug_aranges
                0x00000000000000d8       0x28 ./Core/Startup/startup_stm32l562qeixq.o
 .debug_aranges
                0x0000000000000100      0x130 ./Drivers/STM32L5xx_HAL_Driver/stm32l5xx_hal.o
 .debug_aranges
                0x0000000000000230      0x130 ./Drivers/STM32L5xx_HAL_Driver/stm32l5xx_hal_cortex.o
 .debug_aranges
                0x0000000000000360      0x1b8 ./Drivers/STM32L5xx_HAL_Driver/stm32l5xx_hal_pwr_ex.o
 .debug_aranges
                0x0000000000000518       0xa8 ./Drivers/STM32L5xx_HAL_Driver/stm32l5xx_hal_rcc.o

.debug_ranges   0x0000000000000000      0x538
 .debug_ranges  0x0000000000000000       0x40 ./Core/Src/main.o
 .debug_ranges  0x0000000000000040       0x10 ./Core/Src/stm32l5xx_hal_msp.o
 .debug_ranges  0x0000000000000050       0x30 ./Core/Src/stm32l5xx_it.o
 .debug_ranges  0x0000000000000080       0x18 ./Core/Src/system_stm32l5xx_ns.o
 .debug_ranges  0x0000000000000098       0x20 ./Core/Startup/startup_stm32l562qeixq.o
 .debug_ranges  0x00000000000000b8      0x120 ./Drivers/STM32L5xx_HAL_Driver/stm32l5xx_hal.o
 .debug_ranges  0x00000000000001d8      0x120 ./Drivers/STM32L5xx_HAL_Driver/stm32l5xx_hal_cortex.o
 .debug_ranges  0x00000000000002f8      0x1a8 ./Drivers/STM32L5xx_HAL_Driver/stm32l5xx_hal_pwr_ex.o
 .debug_ranges  0x00000000000004a0       0x98 ./Drivers/STM32L5xx_HAL_Driver/stm32l5xx_hal_rcc.o

.debug_macro    0x0000000000000000    0x26e7c
 .debug_macro   0x0000000000000000      0x1e1 ./Core/Src/main.o
 .debug_macro   0x00000000000001e1      0xa7e ./Core/Src/main.o
 .debug_macro   0x0000000000000c5f      0x18a ./Core/Src/main.o
 .debug_macro   0x0000000000000de9       0x2e ./Core/Src/main.o
 .debug_macro   0x0000000000000e17       0x42 ./Core/Src/main.o
 .debug_macro   0x0000000000000e59       0x22 ./Core/Src/main.o
 .debug_macro   0x0000000000000e7b       0x8e ./Core/Src/main.o
 .debug_macro   0x0000000000000f09       0x51 ./Core/Src/main.o
 .debug_macro   0x0000000000000f5a      0x103 ./Core/Src/main.o
 .debug_macro   0x000000000000105d       0x6a ./Core/Src/main.o
 .debug_macro   0x00000000000010c7      0x1df ./Core/Src/main.o
 .debug_macro   0x00000000000012a6       0x1c ./Core/Src/main.o
 .debug_macro   0x00000000000012c2       0x29 ./Core/Src/main.o
 .debug_macro   0x00000000000012eb       0xfb ./Core/Src/main.o
 .debug_macro   0x00000000000013e6     0x1336 ./Core/Src/main.o
 .debug_macro   0x000000000000271c       0x5e ./Core/Src/main.o
 .debug_macro   0x000000000000277a    0x1bca6 ./Core/Src/main.o
 .debug_macro   0x000000000001e420       0x6c ./Core/Src/main.o
 .debug_macro   0x000000000001e48c     0x3535 ./Core/Src/main.o
 .debug_macro   0x00000000000219c1      0x174 ./Core/Src/main.o
 .debug_macro   0x0000000000021b35       0x5c ./Core/Src/main.o
 .debug_macro   0x0000000000021b91     0x19cd ./Core/Src/main.o
 .debug_macro   0x000000000002355e      0xa52 ./Core/Src/main.o
 .debug_macro   0x0000000000023fb0      0x1cf ./Core/Src/main.o
 .debug_macro   0x000000000002417f      0x1d8 ./Core/Src/main.o
 .debug_macro   0x0000000000024357      0x4e1 ./Core/Src/main.o
 .debug_macro   0x0000000000024838      0x1ab ./Core/Src/main.o
 .debug_macro   0x00000000000249e3       0x4a ./Core/Src/main.o
 .debug_macro   0x0000000000024a2d      0x1b9 ./Core/Src/main.o
 .debug_macro   0x0000000000024be6      0x230 ./Core/Src/main.o
 .debug_macro   0x0000000000024e16      0x3bb ./Core/Src/main.o
 .debug_macro   0x00000000000251d1       0x36 ./Core/Src/main.o
 .debug_macro   0x0000000000025207      0x11c ./Core/Src/main.o
 .debug_macro   0x0000000000025323      0x22c ./Core/Src/main.o
 .debug_macro   0x000000000002554f       0x5b ./Core/Src/main.o
 .debug_macro   0x00000000000255aa       0xa5 ./Core/Src/main.o
 .debug_macro   0x000000000002564f       0xc8 ./Core/Src/main.o
 .debug_macro   0x0000000000025717      0x199 ./Core/Src/main.o
 .debug_macro   0x00000000000258b0      0x487 ./Core/Src/main.o
 .debug_macro   0x0000000000025d37      0x3f1 ./Core/Src/main.o
 .debug_macro   0x0000000000026128       0x16 ./Core/Src/main.o
 .debug_macro   0x000000000002613e      0x1e1 ./Core/Src/stm32l5xx_hal_msp.o
 .debug_macro   0x000000000002631f      0x1eb ./Core/Src/stm32l5xx_it.o
 .debug_macro   0x000000000002650a      0x1c8 ./Core/Src/system_stm32l5xx_ns.o
 .debug_macro   0x00000000000266d2      0x1f8 ./Drivers/STM32L5xx_HAL_Driver/stm32l5xx_hal.o
 .debug_macro   0x00000000000268ca      0x1c8 ./Drivers/STM32L5xx_HAL_Driver/stm32l5xx_hal_cortex.o
 .debug_macro   0x0000000000026a92      0x1f8 ./Drivers/STM32L5xx_HAL_Driver/stm32l5xx_hal_pwr_ex.o
 .debug_macro   0x0000000000026c8a      0x1f2 ./Drivers/STM32L5xx_HAL_Driver/stm32l5xx_hal_rcc.o

.debug_line     0x0000000000000000     0x577d
 .debug_line    0x0000000000000000      0x846 ./Core/Src/main.o
 .debug_line    0x0000000000000846      0x6f6 ./Core/Src/stm32l5xx_hal_msp.o
 .debug_line    0x0000000000000f3c      0x75b ./Core/Src/stm32l5xx_it.o
 .debug_line    0x0000000000001697      0x6e2 ./Core/Src/system_stm32l5xx_ns.o
 .debug_line    0x0000000000001d79       0x88 ./Core/Startup/startup_stm32l562qeixq.o
 .debug_line    0x0000000000001e01      0xb24 ./Drivers/STM32L5xx_HAL_Driver/stm32l5xx_hal.o
 .debug_line    0x0000000000002925      0xd1c ./Drivers/STM32L5xx_HAL_Driver/stm32l5xx_hal_cortex.o
 .debug_line    0x0000000000003641      0xed8 ./Drivers/STM32L5xx_HAL_Driver/stm32l5xx_hal_pwr_ex.o
 .debug_line    0x0000000000004519     0x1264 ./Drivers/STM32L5xx_HAL_Driver/stm32l5xx_hal_rcc.o

.debug_str      0x0000000000000000    0xf8be3
 .debug_str     0x0000000000000000    0xf6caa ./Core/Src/main.o
                                      0xf6fa9 (size before relaxing)
 .debug_str     0x00000000000f6caa       0x2c ./Core/Src/stm32l5xx_hal_msp.o
                                      0xf6902 (size before relaxing)
 .debug_str     0x00000000000f6cd6       0x89 ./Core/Src/stm32l5xx_it.o
                                      0xf6782 (size before relaxing)
 .debug_str     0x00000000000f6d5f       0x84 ./Core/Src/system_stm32l5xx_ns.o
                                      0xf6759 (size before relaxing)
 .debug_str     0x00000000000f6de3       0x37 ./Core/Startup/startup_stm32l562qeixq.o
                                         0x91 (size before relaxing)
 .debug_str     0x00000000000f6e1a      0xbfc ./Drivers/STM32L5xx_HAL_Driver/stm32l5xx_hal.o
                                      0xf75e5 (size before relaxing)
 .debug_str     0x00000000000f7a16      0x4e4 ./Drivers/STM32L5xx_HAL_Driver/stm32l5xx_hal_cortex.o
                                      0xf73ec (size before relaxing)
 .debug_str     0x00000000000f7efa      0x808 ./Drivers/STM32L5xx_HAL_Driver/stm32l5xx_hal_pwr_ex.o
                                      0xf71b4 (size before relaxing)
 .debug_str     0x00000000000f8702      0x4e1 ./Drivers/STM32L5xx_HAL_Driver/stm32l5xx_hal_rcc.o
                                      0xf7069 (size before relaxing)

.comment        0x0000000000000000       0x50
 .comment       0x0000000000000000       0x50 ./Core/Src/main.o
                                         0x51 (size before relaxing)
 .comment       0x0000000000000050       0x51 ./Core/Src/stm32l5xx_hal_msp.o
 .comment       0x0000000000000050       0x51 ./Core/Src/stm32l5xx_it.o
 .comment       0x0000000000000050       0x51 ./Core/Src/system_stm32l5xx_ns.o
 .comment       0x0000000000000050       0x51 ./Drivers/STM32L5xx_HAL_Driver/stm32l5xx_hal.o
 .comment       0x0000000000000050       0x51 ./Drivers/STM32L5xx_HAL_Driver/stm32l5xx_hal_cortex.o
 .comment       0x0000000000000050       0x51 ./Drivers/STM32L5xx_HAL_Driver/stm32l5xx_hal_pwr_ex.o
 .comment       0x0000000000000050       0x51 ./Drivers/STM32L5xx_HAL_Driver/stm32l5xx_hal_rcc.o

.debug_frame    0x0000000000000000     0x15b8
 .debug_frame   0x0000000000000000      0x10c ./Core/Src/main.o
 .debug_frame   0x000000000000010c       0x38 ./Core/Src/stm32l5xx_hal_msp.o
 .debug_frame   0x0000000000000144       0x9c ./Core/Src/stm32l5xx_it.o
 .debug_frame   0x00000000000001e0       0x4c ./Core/Src/system_stm32l5xx_ns.o
 .debug_frame   0x000000000000022c      0x4a4 ./Drivers/STM32L5xx_HAL_Driver/stm32l5xx_hal.o
 .debug_frame   0x00000000000006d0      0x508 ./Drivers/STM32L5xx_HAL_Driver/stm32l5xx_hal_cortex.o
 .debug_frame   0x0000000000000bd8      0x6fc ./Drivers/STM32L5xx_HAL_Driver/stm32l5xx_hal_pwr_ex.o
 .debug_frame   0x00000000000012d4      0x298 ./Drivers/STM32L5xx_HAL_Driver/stm32l5xx_hal_rcc.o
 .debug_frame   0x000000000000156c       0x2c c:/st/stm32cubeide_1.12.1/stm32cubeide/plugins/com.st.stm32cube.ide.mcu.externaltools.gnu-tools-for-stm32.10.3-2021.10.win32_1.0.200.202301161003/tools/bin/../lib/gcc/arm-none-eabi/10.3.1/../../../../arm-none-eabi/lib/thumb/v8-m.main+fp/hard\libc_nano.a(lib_a-init.o)
 .debug_frame   0x0000000000001598       0x20 c:/st/stm32cubeide_1.12.1/stm32cubeide/plugins/com.st.stm32cube.ide.mcu.externaltools.gnu-tools-for-stm32.10.3-2021.10.win32_1.0.200.202301161003/tools/bin/../lib/gcc/arm-none-eabi/10.3.1/../../../../arm-none-eabi/lib/thumb/v8-m.main+fp/hard\libc_nano.a(lib_a-memset.o)
