../Core/Src/main.c:98:5:main	32	static
../Core/Src/main.c:216:13:NonSecure_Init	24	static,ignoring_inline_asm
../Core/Src/main.c:236:6:SystemClock_Config	104	static
../Core/Src/main.c:287:13:MX_GTZC_S_Init	120	static
../Core/Src/main.c:362:13:MX_ICACHE_Init	8	static
../Core/Src/main.c:394:13:MX_SPI3_Init	8	static
../Core/Src/main.c:435:13:MX_USART1_UART_Init	8	static
../Core/Src/main.c:481:13:MX_DMA_Init	16	static
../Core/Src/main.c:503:13:MX_GPIO_Init	48	static
../Core/Src/main.c:546:6:HAL_SPI_TxRxCpltCallback	16	static
../Core/Src/main.c:552:1:__io_putchar	16	static
../Core/Src/main.c:567:6:Error_Handler	4	static,ignoring_inline_asm
