../Core/Src/main.c:156:5:main	32	static
../Core/Src/main.c:265:13:NonSecure_Init	24	static,ignoring_inline_asm
../Core/Src/main.c:285:6:SystemClock_Config	104	static
../Core/Src/main.c:338:13:MX_GTZC_S_Init	120	static
../Core/Src/main.c:421:13:MX_HASH_Init	8	static
../Core/Src/main.c:447:13:MX_ICACHE_Init	8	static
../Core/Src/main.c:479:13:MX_IWDG_Init	8	static
../Core/Src/main.c:508:13:MX_SPI3_Init	8	static
../Core/Src/main.c:548:13:MX_USART1_UART_Init	8	static
../Core/Src/main.c:597:13:MX_DMA_Init	16	static
../Core/Src/main.c:702:13:MX_GPIO_Init	48	static
../Core/Src/main.c:746:6:HAL_SPI_TxRxCpltCallback	16	static
../Core/Src/main.c:753:6:HAL_SPI_TxCpltCallback	16	static
../Core/Src/main.c:760:6:HAL_SPI_RxCpltCallback	16	static
../Core/Src/main.c:768:1:__io_putchar	16	static
../Core/Src/main.c:780:5:SearchForSig	48	static
../Core/Src/main.c:810:6:SECURE_SPI_Receive_Classification	32	static
../Core/Src/main.c:984:6:SECURE_Print_Mem_Buffer	24	static
../Core/Src/main.c:1006:13:NonsecureToSecureTransferComplete	16	static
../Core/Src/main.c:1019:13:NonsecureToSecureTransferError	16	static
../Core/Src/main.c:1031:13:SecureToSecureTransferComplete	16	static
../Core/Src/main.c:1042:13:SecureToSecureTransferError	16	static
../Core/Src/main.c:1055:6:Error_Handler	4	static,ignoring_inline_asm
