../Core/Src/main.c:156:5:main	32	static
../Core/Src/main.c:267:13:NonSecure_Init	24	static,ignoring_inline_asm
../Core/Src/main.c:287:6:SystemClock_Config	104	static
../Core/Src/main.c:340:13:MX_GTZC_S_Init	120	static
../Core/Src/main.c:423:13:MX_HASH_Init	8	static
../Core/Src/main.c:449:13:MX_ICACHE_Init	8	static
../Core/Src/main.c:481:13:MX_IWDG_Init	8	static
../Core/Src/main.c:510:13:MX_SPI3_Init	8	static
../Core/Src/main.c:550:13:MX_USART1_UART_Init	8	static
../Core/Src/main.c:599:13:MX_DMA_Init	16	static
../Core/Src/main.c:704:13:MX_GPIO_Init	48	static
../Core/Src/main.c:748:6:HAL_SPI_TxRxCpltCallback	16	static
../Core/Src/main.c:755:6:HAL_SPI_TxCpltCallback	16	static
../Core/Src/main.c:762:6:HAL_SPI_RxCpltCallback	16	static
../Core/Src/main.c:770:1:__io_putchar	16	static
../Core/Src/main.c:782:5:SearchForSig	48	static
../Core/Src/main.c:986:6:SECURE_Print_Mem_Buffer	24	static
../Core/Src/main.c:1008:13:NonsecureToSecureTransferComplete	16	static
../Core/Src/main.c:1021:13:NonsecureToSecureTransferError	16	static
../Core/Src/main.c:1033:13:SecureToSecureTransferComplete	16	static
../Core/Src/main.c:1044:13:SecureToSecureTransferError	16	static
../Core/Src/main.c:1057:6:Error_Handler	4	static,ignoring_inline_asm
