../Core/Src/main.c:116:5:main	8	static
../Core/Src/main.c:177:13:NonSecure_Init	24	static,ignoring_inline_asm
../Core/Src/main.c:197:6:SystemClock_Config	104	static
../Core/Src/main.c:250:13:MX_GTZC_S_Init	120	static
../Core/Src/main.c:329:13:MX_ICACHE_Init	8	static
../Core/Src/main.c:361:13:MX_IWDG_Init	8	static
../Core/Src/main.c:390:13:MX_SPI3_Init	8	static
../Core/Src/main.c:430:13:MX_USART1_UART_Init	8	static
../Core/Src/main.c:478:13:MX_DMA_Init	16	static
../Core/Src/main.c:542:13:MX_GPIO_Init	48	static
../Core/Src/main.c:582:6:HAL_SPI_TxRxCpltCallback	16	static
../Core/Src/main.c:589:6:HAL_SPI_TxCpltCallback	16	static
../Core/Src/main.c:596:6:HAL_SPI_RxCpltCallback	16	static
../Core/Src/main.c:604:1:__io_putchar	16	static
../Core/Src/main.c:616:5:SearchForSig	48	static
../Core/Src/main.c:646:6:SECURE_SPI_Receive_Classification	32	static
../Core/Src/main.c:708:6:SECURE_SPI_Send_Start_Signal	1040	static
../Core/Src/main.c:739:6:SECURE_SPI_Send_End_Signal	1040	static
../Core/Src/main.c:771:6:SECURE_SPI_Send_Data	8	static
../Core/Src/main.c:806:6:SECURE_SPI_Toggle_Comm	16	static
../Core/Src/main.c:828:6:SECURE_DMA_Fetch_NonSecure_Mem	16	static
../Core/Src/main.c:854:6:SECURE_Print_Mem_Buffer	16	static
../Core/Src/main.c:876:13:NonsecureToSecureTransferComplete	16	static
../Core/Src/main.c:889:13:NonsecureToSecureTransferError	16	static
../Core/Src/main.c:902:6:Error_Handler	4	static,ignoring_inline_asm
