Archive member included to satisfy reference by file (symbol)

c:/st/stm32cubeide_1.12.1/stm32cubeide/plugins/com.st.stm32cube.ide.mcu.externaltools.gnu-tools-for-stm32.10.3-2021.10.win32_1.0.200.202301161003/tools/bin/../lib/gcc/arm-none-eabi/10.3.1/../../../../arm-none-eabi/lib/thumb/v8-m.main+fp/hard\libc_nano.a(lib_a-errno.o)
                              ./Core/Src/syscalls.o (__errno)
c:/st/stm32cubeide_1.12.1/stm32cubeide/plugins/com.st.stm32cube.ide.mcu.externaltools.gnu-tools-for-stm32.10.3-2021.10.win32_1.0.200.202301161003/tools/bin/../lib/gcc/arm-none-eabi/10.3.1/../../../../arm-none-eabi/lib/thumb/v8-m.main+fp/hard\libc_nano.a(lib_a-exit.o)
                              c:/st/stm32cubeide_1.12.1/stm32cubeide/plugins/com.st.stm32cube.ide.mcu.externaltools.gnu-tools-for-stm32.10.3-2021.10.win32_1.0.200.202301161003/tools/bin/../lib/gcc/arm-none-eabi/10.3.1/../../../../arm-none-eabi/lib/thumb/v8-m.main+fp/hard/crt0.o (exit)
c:/st/stm32cubeide_1.12.1/stm32cubeide/plugins/com.st.stm32cube.ide.mcu.externaltools.gnu-tools-for-stm32.10.3-2021.10.win32_1.0.200.202301161003/tools/bin/../lib/gcc/arm-none-eabi/10.3.1/../../../../arm-none-eabi/lib/thumb/v8-m.main+fp/hard\libc_nano.a(lib_a-impure.o)
                              c:/st/stm32cubeide_1.12.1/stm32cubeide/plugins/com.st.stm32cube.ide.mcu.externaltools.gnu-tools-for-stm32.10.3-2021.10.win32_1.0.200.202301161003/tools/bin/../lib/gcc/arm-none-eabi/10.3.1/../../../../arm-none-eabi/lib/thumb/v8-m.main+fp/hard\libc_nano.a(lib_a-exit.o) (_global_impure_ptr)
c:/st/stm32cubeide_1.12.1/stm32cubeide/plugins/com.st.stm32cube.ide.mcu.externaltools.gnu-tools-for-stm32.10.3-2021.10.win32_1.0.200.202301161003/tools/bin/../lib/gcc/arm-none-eabi/10.3.1/../../../../arm-none-eabi/lib/thumb/v8-m.main+fp/hard\libc_nano.a(lib_a-init.o)
                              c:/st/stm32cubeide_1.12.1/stm32cubeide/plugins/com.st.stm32cube.ide.mcu.externaltools.gnu-tools-for-stm32.10.3-2021.10.win32_1.0.200.202301161003/tools/bin/../lib/gcc/arm-none-eabi/10.3.1/../../../../arm-none-eabi/lib/thumb/v8-m.main+fp/hard/crt0.o (__libc_init_array)
c:/st/stm32cubeide_1.12.1/stm32cubeide/plugins/com.st.stm32cube.ide.mcu.externaltools.gnu-tools-for-stm32.10.3-2021.10.win32_1.0.200.202301161003/tools/bin/../lib/gcc/arm-none-eabi/10.3.1/../../../../arm-none-eabi/lib/thumb/v8-m.main+fp/hard\libc_nano.a(lib_a-memset.o)
                              c:/st/stm32cubeide_1.12.1/stm32cubeide/plugins/com.st.stm32cube.ide.mcu.externaltools.gnu-tools-for-stm32.10.3-2021.10.win32_1.0.200.202301161003/tools/bin/../lib/gcc/arm-none-eabi/10.3.1/../../../../arm-none-eabi/lib/thumb/v8-m.main+fp/hard/crt0.o (memset)
c:/st/stm32cubeide_1.12.1/stm32cubeide/plugins/com.st.stm32cube.ide.mcu.externaltools.gnu-tools-for-stm32.10.3-2021.10.win32_1.0.200.202301161003/tools/bin/../lib/gcc/arm-none-eabi/10.3.1/../../../../arm-none-eabi/lib/thumb/v8-m.main+fp/hard\libc_nano.a(lib_a-printf.o)
                              ./Core/Src/main.o (printf)
c:/st/stm32cubeide_1.12.1/stm32cubeide/plugins/com.st.stm32cube.ide.mcu.externaltools.gnu-tools-for-stm32.10.3-2021.10.win32_1.0.200.202301161003/tools/bin/../lib/gcc/arm-none-eabi/10.3.1/../../../../arm-none-eabi/lib/thumb/v8-m.main+fp/hard\libc_nano.a(lib_a-snprintf.o)
                              ./Core/Src/secure_nsc.o (snprintf)
c:/st/stm32cubeide_1.12.1/stm32cubeide/plugins/com.st.stm32cube.ide.mcu.externaltools.gnu-tools-for-stm32.10.3-2021.10.win32_1.0.200.202301161003/tools/bin/../lib/gcc/arm-none-eabi/10.3.1/../../../../arm-none-eabi/lib/thumb/v8-m.main+fp/hard\libc_nano.a(lib_a-findfp.o)
                              c:/st/stm32cubeide_1.12.1/stm32cubeide/plugins/com.st.stm32cube.ide.mcu.externaltools.gnu-tools-for-stm32.10.3-2021.10.win32_1.0.200.202301161003/tools/bin/../lib/gcc/arm-none-eabi/10.3.1/../../../../arm-none-eabi/lib/thumb/v8-m.main+fp/hard\libc_nano.a(lib_a-printf.o) (__sinit)
c:/st/stm32cubeide_1.12.1/stm32cubeide/plugins/com.st.stm32cube.ide.mcu.externaltools.gnu-tools-for-stm32.10.3-2021.10.win32_1.0.200.202301161003/tools/bin/../lib/gcc/arm-none-eabi/10.3.1/../../../../arm-none-eabi/lib/thumb/v8-m.main+fp/hard\libc_nano.a(lib_a-fwalk.o)
                              c:/st/stm32cubeide_1.12.1/stm32cubeide/plugins/com.st.stm32cube.ide.mcu.externaltools.gnu-tools-for-stm32.10.3-2021.10.win32_1.0.200.202301161003/tools/bin/../lib/gcc/arm-none-eabi/10.3.1/../../../../arm-none-eabi/lib/thumb/v8-m.main+fp/hard\libc_nano.a(lib_a-findfp.o) (_fwalk)
c:/st/stm32cubeide_1.12.1/stm32cubeide/plugins/com.st.stm32cube.ide.mcu.externaltools.gnu-tools-for-stm32.10.3-2021.10.win32_1.0.200.202301161003/tools/bin/../lib/gcc/arm-none-eabi/10.3.1/../../../../arm-none-eabi/lib/thumb/v8-m.main+fp/hard\libc_nano.a(lib_a-lock.o)
[...]
Memory Configuration

Name             Origin             Length             Attributes
RAM              0x0000000030000000 0x0000000000018000 xrw
RAM2             0x0000000030030000 0x0000000000010000 xrw
FLASH            0x000000000c000000 0x000000000003e000 xr
FLASH_NSC        0x000000000c03e000 0x0000000000002000 xr
*default*        0x0000000000000000 0xffffffffffffffff

Linker script and memory map

LOAD c:/st/stm32cubeide_1.12.1/stm32cubeide/plugins/com.st.stm32cube.ide.mcu.externaltools.gnu-tools-for-stm32.10.3-2021.10.win32_1.0.200.202301161003/tools/bin/../lib/gcc/arm-none-eabi/10.3.1/thumb/v8-m.main+fp/hard/crti.o
LOAD c:/st/stm32cubeide_1.12.1/stm32cubeide/plugins/com.st.stm32cube.ide.mcu.externaltools.gnu-tools-for-stm32.10.3-2021.10.win32_1.0.200.202301161003/tools/bin/../lib/gcc/arm-none-eabi/10.3.1/thumb/v8-m.main+fp/hard/crtbegin.o
LOAD c:/st/stm32cubeide_1.12.1/stm32cubeide/plugins/com.st.stm32cube.ide.mcu.externaltools.gnu-tools-for-stm32.10.3-2021.10.win32_1.0.200.202301161003/tools/bin/../lib/gcc/arm-none-eabi/10.3.1/../../../../arm-none-eabi/lib/thumb/v8-m.main+fp/hard/crt0.o
LOAD ./Core/Src/main.o
LOAD ./Core/Src/secure_nsc.o
LOAD ./Core/Src/stm32l5xx_hal_msp.o
LOAD ./Core/Src/stm32l5xx_it.o
LOAD ./Core/Src/syscalls.o
LOAD ./Core/Src/sysmem.o
LOAD ./Core/Src/system_stm32l5xx_s.o
LOAD ./Core/Startup/startup_stm32l562qeixq.o
LOAD ./Drivers/STM32L5xx_HAL_Driver/stm32l5xx_hal.o
LOAD ./Drivers/STM32L5xx_HAL_Driver/stm32l5xx_hal_cortex.o
LOAD ./Drivers/STM32L5xx_HAL_Driver/stm32l5xx_hal_dma.o
LOAD ./Drivers/STM32L5xx_HAL_Driver/stm32l5xx_hal_dma_ex.o
LOAD ./Drivers/STM32L5xx_HAL_Driver/stm32l5xx_hal_exti.o
LOAD ./Drivers/STM32L5xx_HAL_Driver/stm32l5xx_hal_flash.o
LOAD ./Drivers/STM32L5xx_HAL_Driver/stm32l5xx_hal_flash_ex.o
LOAD ./Drivers/STM32L5xx_HAL_Driver/stm32l5xx_hal_flash_ramfunc.o
LOAD ./Drivers/STM32L5xx_HAL_Driver/stm32l5xx_hal_gpio.o
LOAD ./Drivers/STM32L5xx_HAL_Driver/stm32l5xx_hal_gtzc.o
LOAD ./Drivers/STM32L5xx_HAL_Driver/stm32l5xx_hal_hash.o
LOAD ./Drivers/STM32L5xx_HAL_Driver/stm32l5xx_hal_hash_ex.o
LOAD ./Drivers/STM32L5xx_HAL_Driver/stm32l5xx_hal_i2c.o
LOAD ./Drivers/STM32L5xx_HAL_Driver/stm32l5xx_hal_i2c_ex.o
LOAD ./Drivers/STM32L5xx_HAL_Driver/stm32l5xx_hal_icache.o
LOAD ./Drivers/STM32L5xx_HAL_Driver/stm32l5xx_hal_iwdg.o
LOAD ./Drivers/STM32L5xx_HAL_Driver/stm32l5xx_hal_pwr.o
LOAD ./Drivers/STM32L5xx_HAL_Driver/stm32l5xx_hal_pwr_ex.o
LOAD ./Drivers/STM32L5xx_HAL_Driver/stm32l5xx_hal_rcc.o
LOAD ./Drivers/STM32L5xx_HAL_Driver/stm32l5xx_hal_rcc_ex.o
LOAD ./Drivers/STM32L5xx_HAL_Driver/stm32l5xx_hal_spi.o
LOAD ./Drivers/STM32L5xx_HAL_Driver/stm32l5xx_hal_spi_ex.o
LOAD ./Drivers/STM32L5xx_HAL_Driver/stm32l5xx_hal_tim.o
LOAD ./Drivers/STM32L5xx_HAL_Driver/stm32l5xx_hal_tim_ex.o
LOAD ./Drivers/STM32L5xx_HAL_Driver/stm32l5xx_hal_uart.o
LOAD ./Drivers/STM32L5xx_HAL_Driver/stm32l5xx_hal_uart_ex.o
START GROUP
LOAD c:/st/stm32cubeide_1.12.1/stm32cubeide/plugins/com.st.stm32cube.ide.mcu.externaltools.gnu-tools-for-stm32.10.3-2021.10.win32_1.0.200.202301161003/tools/bin/../lib/gcc/arm-none-eabi/10.3.1/../../../../arm-none-eabi/lib/thumb/v8-m.main+fp/hard\libc_nano.a
LOAD c:/st/stm32cubeide_1.12.1/stm32cubeide/plugins/com.st.stm32cube.ide.mcu.externaltools.gnu-tools-for-stm32.10.3-2021.10.win32_1.0.200.202301161003/tools/bin/../lib/gcc/arm-none-eabi/10.3.1/../../../../arm-none-eabi/lib/thumb/v8-m.main+fp/hard\libm.a
END GROUP
START GROUP
LOAD c:/st/stm32cubeide_1.12.1/stm32cubeide/plugins/com.st.stm32cube.ide.mcu.externaltools.gnu-tools-for-stm32.10.3-2021.10.win32_1.0.200.202301161003/tools/bin/../lib/gcc/arm-none-eabi/10.3.1/thumb/v8-m.main+fp/hard\libgcc.a
LOAD c:/st/stm32cubeide_1.12.1/stm32cubeide/plugins/com.st.stm32cube.ide.mcu.externaltools.gnu-tools-for-stm32.10.3-2021.10.win32_1.0.200.202301161003/tools/bin/../lib/gcc/arm-none-eabi/10.3.1/../../../../arm-none-eabi/lib/thumb/v8-m.main+fp/hard\libc_nano.a
END GROUP
START GROUP
LOAD c:/st/stm32cubeide_1.12.1/stm32cubeide/plugins/com.st.stm32cube.ide.mcu.externaltools.gnu-tools-for-stm32.10.3-2021.10.win32_1.0.200.202301161003/tools/bin/../lib/gcc/arm-none-eabi/10.3.1/thumb/v8-m.main+fp/hard\libgcc.a
LOAD c:/st/stm32cubeide_1.12.1/stm32cubeide/plugins/com.st.stm32cube.ide.mcu.externaltools.gnu-tools-for-stm32.10.3-2021.10.win32_1.0.200.202301161003/tools/bin/../lib/gcc/arm-none-eabi/10.3.1/../../../../arm-none-eabi/lib/thumb/v8-m.main+fp/hard\libc_nano.a
LOAD c:/st/stm32cubeide_1.12.1/stm32cubeide/plugins/com.st.stm32cube.ide.mcu.externaltools.gnu-tools-for-stm32.10.3-2021.10.win32_1.0.200.202301161003/tools/bin/../lib/gcc/arm-none-eabi/10.3.1/../../../../arm-none-eabi/lib/thumb/v8-m.main+fp/hard\libnosys.a
END GROUP
START GROUP
LOAD c:/st/stm32cubeide_1.12.1/stm32cubeide/plugins/com.st.stm32cube.ide.mcu.externaltools.gnu-tools-for-stm32.10.3-2021.10.win32_1.0.200.202301161003/tools/bin/../lib/gcc/arm-none-eabi/10.3.1/thumb/v8-m.main+fp/hard\libgcc.a
LOAD c:/st/stm32cubeide_1.12.1/stm32cubeide/plugins/com.st.stm32cube.ide.mcu.externaltools.gnu-tools-for-stm32.10.3-2021.10.win32_1.0.200.202301161003/tools/bin/../lib/gcc/arm-none-eabi/10.3.1/../../../../arm-none-eabi/lib/thumb/v8-m.main+fp/hard\libc_nano.a
LOAD c:/st/stm32cubeide_1.12.1/stm32cubeide/plugins/com.st.stm32cube.ide.mcu.externaltools.gnu-tools-for-stm32.10.3-2021.10.win32_1.0.200.202301161003/tools/bin/../lib/gcc/arm-none-eabi/10.3.1/../../../../arm-none-eabi/lib/thumb/v8-m.main+fp/hard\libnosys.a
END GROUP
LOAD c:/st/stm32cubeide_1.12.1/stm32cubeide/plugins/com.st.stm32cube.ide.mcu.externaltools.gnu-tools-for-stm32.10.3-2021.10.win32_1.0.200.202301161003/tools/bin/../lib/gcc/arm-none-eabi/10.3.1/thumb/v8-m.main+fp/hard/crtend.o
LOAD c:/st/stm32cubeide_1.12.1/stm32cubeide/plugins/com.st.stm32cube.ide.mcu.externaltools.gnu-tools-for-stm32.10.3-2021.10.win32_1.0.200.202301161003/tools/bin/../lib/gcc/arm-none-eabi/10.3.1/thumb/v8-m.main+fp/hard/crtn.o
                0x0000000030018000                _estack = (ORIGIN (RAM) + LENGTH (RAM))
                0x0000000000000200                _Min_Heap_Size = 0x200
                0x0000000000000400                _Min_Stack_Size = 0x400

.isr_vector     0x000000000c000000      0x1f4
                0x000000000c000000                . = ALIGN (0x4)
 *(.isr_vector)
 .isr_vector    0x000000000c000000      0x1f4 ./Core/Startup/startup_stm32l562qeixq.o
                0x000000000c000000                g_pfnVectors
                0x000000000c0001f4                . = ALIGN (0x4)

.text           0x000000000c0001f4     0x79b8
                0x000000000c0001f4                . = ALIGN (0x4)
 *(.text)
 .text          0x000000000c0001f4       0x40 c:/st/stm32cubeide_1.12.1/stm32cubeide/plugins/com.st.stm32cube.ide.mcu.externaltools.gnu-tools-for-stm32.10.3-2021.10.win32_1.0.200.202301161003/tools/bin/../lib/gcc/arm-none-eabi/10.3.1/thumb/v8-m.main+fp/hard/crtbegin.o
 .text          0x000000000c000234       0xe8 c:/st/stm32cubeide_1.12.1/stm32cubeide/plugins/com.st.stm32cube.ide.mcu.externaltools.gnu-tools-for-stm32.10.3-2021.10.win32_1.0.200.202301161003/tools/bin/../lib/gcc/arm-none-eabi/10.3.1/thumb/v8-m.main+fp/hard\libgcc.a(cmse.o)
                0x000000000c000234                cmse_check_address_range
 .text          0x000000000c00031c       0x5c c:/st/stm32cubeide_1.12.1/stm32cubeide/plugins/com.st.stm32cube.ide.mcu.externaltools.gnu-tools-for-stm32.10.3-2021.10.win32_1.0.200.202301161003/tools/bin/../lib/gcc/arm-none-eabi/10.3.1/thumb/v8-m.main+fp/hard\libgcc.a(cmse_nonsecure_call.o)
                0x000000000c00031c                __gnu_cmse_nonsecure_call
 .text          0x000000000c000378       0x30 c:/st/stm32cubeide_1.12.1/stm32cubeide/plugins/com.st.stm32cube.ide.mcu.externaltools.gnu-tools-for-stm32.10.3-2021.10.win32_1.0.200.202301161003/tools/bin/../lib/gcc/arm-none-eabi/10.3.1/thumb/v8-m.main+fp/hard\libgcc.a(_aeabi_uldivmod.o)
                0x000000000c000378                __aeabi_uldivmod
 .text          0x000000000c0003a8      0x2ec c:/st/stm32cubeide_1.12.1/stm32cubeide/plugins/com.st.stm32cube.ide.mcu.externaltools.gnu-tools-for-stm32.10.3-2021.10.win32_1.0.200.202301161003/tools/bin/../lib/gcc/arm-none-eabi/10.3.1/thumb/v8-m.main+fp/hard\libgcc.a(_udivmoddi4.o)
                0x000000000c0003a8                __udivmoddi4
 .text          0x000000000c000694        0x4 c:/st/stm32cubeide_1.12.1/stm32cubeide/plugins/com.st.stm32cube.ide.mcu.externaltools.gnu-tools-for-stm32.10.3-2021.10.win32_1.0.200.202301161003/tools/bin/../lib/gcc/arm-none-eabi/10.3.1/thumb/v8-m.main+fp/hard\libgcc.a(_dvmd_tls.o)
                0x000000000c000694                __aeabi_idiv0
                0x000000000c000694                __aeabi_ldiv0
 *(.text*)
 .text.main     0x000000000c000698      0x148 ./Core/Src/main.o
                0x000000000c000698                main
 .text.NonSecure_Init
                0x000000000c0007e0       0x88 ./Core/Src/main.o
 .text.SystemClock_Config
                0x000000000c000868       0xaa ./Core/Src/main.o
                0x000000000c000868                SystemClock_Config
 *fill*         0x000000000c000912        0x2 
 .text.MX_GTZC_S_Init
                0x000000000c000914      0x148 ./Core/Src/main.o
 .text.MX_HASH_Init
                0x000000000c000a5c       0x24 ./Core/Src/main.o
 .text.MX_ICACHE_Init
                0x000000000c000a80       0x26 ./Core/Src/main.o
 *fill*         0x000000000c000aa6        0x2 
 .text.MX_SPI3_Init
                0x000000000c000aa8       0x7c ./Core/Src/main.o
 .text.MX_USART1_UART_Init
                0x000000000c000b24       0x9c ./Core/Src/main.o
 .text.MX_DMA_Init
                0x000000000c000bc0      0x1c4 ./Core/Src/main.o
 .text.MX_GPIO_Init
                0x000000000c000d84       0xec ./Core/Src/main.o
 .text.HAL_SPI_TxCpltCallback
                0x000000000c000e70       0x20 ./Core/Src/main.o
                0x000000000c000e70                HAL_SPI_TxCpltCallback
 .text.__io_putchar
                0x000000000c000e90       0x24 ./Core/Src/main.o
                0x000000000c000e90                __io_putchar
 .text.NonsecureToSecureTransferComplete
                0x000000000c000eb4       0x20 ./Core/Src/main.o
 .text.NonsecureToSecureTransferError
                0x000000000c000ed4       0x20 ./Core/Src/main.o
 .text.SecureToSecureTransferComplete
                0x000000000c000ef4       0x20 ./Core/Src/main.o
 .text.SecureToSecureTransferError
                0x000000000c000f14       0x20 ./Core/Src/main.o
 .text.Error_Handler
                0x000000000c000f34        0xa ./Core/Src/main.o
                0x000000000c000f34                Error_Handler
 .text.SECURE_print_Log
                0x000000000c000f3e       0x80 ./Core/Src/secure_nsc.o
                0x000000000c000f3e                __acle_se_SECURE_print_Log
 *fill*         0x000000000c000fbe        0x2 
 .text.SECURE_print_Num
                0x000000000c000fc0       0x8c ./Core/Src/secure_nsc.o
                0x000000000c000fc0                __acle_se_SECURE_print_Num
 .text.SECURE_Send_Mem
                0x000000000c00104c      0x3c8 ./Core/Src/secure_nsc.o
                0x000000000c00104c                __acle_se_SECURE_Send_Mem
 .text.SECURE_SPI_Send_Signal
                0x000000000c001414       0x74 ./Core/Src/secure_nsc.o
                0x000000000c001414                SECURE_SPI_Send_Signal
 .text.SECURE_SPI_Send_Size
                0x000000000c001488       0x6c ./Core/Src/secure_nsc.o
                0x000000000c001488                SECURE_SPI_Send_Size
 .text.SECURE_SPI_Send_Data_Block
                0x000000000c0014f4       0x7c ./Core/Src/secure_nsc.o
                0x000000000c0014f4                SECURE_SPI_Send_Data_Block
 .text.SECURE_DMA_Fetch_NonSecure_Mem
                0x000000000c001570       0x6c ./Core/Src/secure_nsc.o
                0x000000000c001570                SECURE_DMA_Fetch_NonSecure_Mem
 .text.SECURE_SPI_Send_Block_List
                0x000000000c0015dc       0x70 ./Core/Src/secure_nsc.o
                0x000000000c0015dc                SECURE_SPI_Send_Block_List
 .text.SECURE_SPI_Toggle_Comm
                0x000000000c00164c       0x34 ./Core/Src/secure_nsc.o
                0x000000000c00164c                SECURE_SPI_Toggle_Comm
 .text.SECURE_RegisterCallback
                0x000000000c001680       0xac ./Core/Src/secure_nsc.o
                0x000000000c001680                __acle_se_SECURE_RegisterCallback
 .text.HAL_MspInit
                0x000000000c00172c       0x60 ./Core/Src/stm32l5xx_hal_msp.o
                0x000000000c00172c                HAL_MspInit
 .text.HAL_HASH_MspInit
                0x000000000c00178c       0x30 ./Core/Src/stm32l5xx_hal_msp.o
                0x000000000c00178c                HAL_HASH_MspInit
 .text.HAL_SPI_MspInit
                0x000000000c0017bc      0x21c ./Core/Src/stm32l5xx_hal_msp.o
                0x000000000c0017bc                HAL_SPI_MspInit
 .text.HAL_UART_MspInit
                0x000000000c0019d8       0xbc ./Core/Src/stm32l5xx_hal_msp.o
                0x000000000c0019d8                HAL_UART_MspInit
 .text.NMI_Handler
                0x000000000c001a94        0x6 ./Core/Src/stm32l5xx_it.o
                0x000000000c001a94                NMI_Handler
 .text.HardFault_Handler
                0x000000000c001a9a        0x6 ./Core/Src/stm32l5xx_it.o
                0x000000000c001a9a                HardFault_Handler
 .text.MemManage_Handler
                0x000000000c001aa0        0x6 ./Core/Src/stm32l5xx_it.o
                0x000000000c001aa0                MemManage_Handler
 .text.BusFault_Handler
                0x000000000c001aa6        0x6 ./Core/Src/stm32l5xx_it.o
                0x000000000c001aa6                BusFault_Handler
 .text.UsageFault_Handler
                0x000000000c001aac        0x6 ./Core/Src/stm32l5xx_it.o
                0x000000000c001aac                UsageFault_Handler
 .text.SecureFault_Handler
                0x000000000c001ab2        0x6 ./Core/Src/stm32l5xx_it.o
                0x000000000c001ab2                SecureFault_Handler
 .text.SVC_Handler
                0x000000000c001ab8        0xe ./Core/Src/stm32l5xx_it.o
                0x000000000c001ab8                SVC_Handler
 .text.DebugMon_Handler
                0x000000000c001ac6        0xe ./Core/Src/stm32l5xx_it.o
                0x000000000c001ac6                DebugMon_Handler
 .text.PendSV_Handler
                0x000000000c001ad4        0xe ./Core/Src/stm32l5xx_it.o
                0x000000000c001ad4                PendSV_Handler
 .text.SysTick_Handler
                0x000000000c001ae2        0xc ./Core/Src/stm32l5xx_it.o
                0x000000000c001ae2                SysTick_Handler
 *fill*         0x000000000c001aee        0x2 
 .text.DMA1_Channel2_IRQHandler
                0x000000000c001af0       0x14 ./Core/Src/stm32l5xx_it.o
                0x000000000c001af0                DMA1_Channel2_IRQHandler
 .text.DMA1_Channel3_IRQHandler
                0x000000000c001b04       0x14 ./Core/Src/stm32l5xx_it.o
                0x000000000c001b04                DMA1_Channel3_IRQHandler
 .text.DMA1_Channel1_IRQHandler
                0x000000000c001b18       0x14 ./Core/Src/stm32l5xx_it.o
                0x000000000c001b18                DMA1_Channel1_IRQHandler
 .text.DMA1_Channel4_IRQHandler
                0x000000000c001b2c       0x14 ./Core/Src/stm32l5xx_it.o
                0x000000000c001b2c                DMA1_Channel4_IRQHandler
 .text._read    0x000000000c001b40       0x3a ./Core/Src/syscalls.o
                0x000000000c001b40                _read
 .text._write   0x000000000c001b7a       0x38 ./Core/Src/syscalls.o
                0x000000000c001b7a                _write
 .text._close   0x000000000c001bb2       0x18 ./Core/Src/syscalls.o
                0x000000000c001bb2                _close
 .text._fstat   0x000000000c001bca       0x20 ./Core/Src/syscalls.o
                0x000000000c001bca                _fstat
 .text._isatty  0x000000000c001bea       0x16 ./Core/Src/syscalls.o
                0x000000000c001bea                _isatty
 .text._lseek   0x000000000c001c00       0x1a ./Core/Src/syscalls.o
                0x000000000c001c00                _lseek
 *fill*         0x000000000c001c1a        0x2 
 .text._sbrk    0x000000000c001c1c       0x6c ./Core/Src/sysmem.o
                0x000000000c001c1c                _sbrk
 .text.TZ_SAU_Setup
                0x000000000c001c88      0x100 ./Core/Src/system_stm32l5xx_s.o
 .text.SystemInit
                0x000000000c001d88       0x34 ./Core/Src/system_stm32l5xx_s.o
                0x000000000c001d88                SystemInit
 .text.SystemCoreClockUpdate
                0x000000000c001dbc      0x15c ./Core/Src/system_stm32l5xx_s.o
                0x000000000c001dbc                SystemCoreClockUpdate
 .text.SECURE_SystemCoreClockUpdate
                0x000000000c001f18       0x80 ./Core/Src/system_stm32l5xx_s.o
                0x000000000c001f18                __acle_se_SECURE_SystemCoreClockUpdate
 .text.Reset_Handler
                0x000000000c001f98       0x50 ./Core/Startup/startup_stm32l562qeixq.o
                0x000000000c001f98                Reset_Handler
 .text.Default_Handler
                0x000000000c001fe8        0x2 ./Core/Startup/startup_stm32l562qeixq.o
                0x000000000c001fe8                EXTI2_IRQHandler
                0x000000000c001fe8                TIM8_TRG_COM_IRQHandler
                0x000000000c001fe8                TIM8_CC_IRQHandler
                0x000000000c001fe8                EXTI5_IRQHandler
                0x000000000c001fe8                FLASH_S_IRQHandler
                0x000000000c001fe8                EXTI13_IRQHandler
                0x000000000c001fe8                TIM1_CC_IRQHandler
                0x000000000c001fe8                TSC_IRQHandler
                0x000000000c001fe8                TAMP_IRQHandler
                0x000000000c001fe8                TIM6_IRQHandler
                0x000000000c001fe8                EXTI12_IRQHandler
                0x000000000c001fe8                DMA2_Channel8_IRQHandler
                0x000000000c001fe8                EXTI3_IRQHandler
                0x000000000c001fe8                EXTI8_IRQHandler
                0x000000000c001fe8                LPTIM2_IRQHandler
                0x000000000c001fe8                DFSDM1_FLT1_IRQHandler
                0x000000000c001fe8                USB_FS_IRQHandler
                0x000000000c001fe8                I2C3_ER_IRQHandler
                0x000000000c001fe8                DFSDM1_FLT2_IRQHandler
                0x000000000c001fe8                DMAMUX1_IRQHandler
                0x000000000c001fe8                LPTIM3_IRQHandler
                0x000000000c001fe8                EXTI0_IRQHandler
                0x000000000c001fe8                I2C2_EV_IRQHandler
                0x000000000c001fe8                FPU_IRQHandler
                0x000000000c001fe8                FDCAN1_IT1_IRQHandler
                0x000000000c001fe8                ADC1_2_IRQHandler
                0x000000000c001fe8                SPI1_IRQHandler
                0x000000000c001fe8                OCTOSPI1_IRQHandler
                0x000000000c001fe8                TIM8_UP_IRQHandler
                0x000000000c001fe8                RCC_S_IRQHandler
                0x000000000c001fe8                DMA2_Channel2_IRQHandler
                0x000000000c001fe8                SAI2_IRQHandler
                0x000000000c001fe8                DFSDM1_FLT3_IRQHandler
                0x000000000c001fe8                PKA_IRQHandler
                0x000000000c001fe8                EXTI15_IRQHandler
                0x000000000c001fe8                TIM17_IRQHandler
                0x000000000c001fe8                USART3_IRQHandler
                0x000000000c001fe8                RTC_IRQHandler
                0x000000000c001fe8                EXTI9_IRQHandler
                0x000000000c001fe8                DMA1_Channel7_IRQHandler
                0x000000000c001fe8                UART5_IRQHandler
                0x000000000c001fe8                TIM4_IRQHandler
                0x000000000c001fe8                DMA2_Channel1_IRQHandler
                0x000000000c001fe8                I2C1_EV_IRQHandler
                0x000000000c001fe8                DMA1_Channel6_IRQHandler
                0x000000000c001fe8                TIM16_IRQHandler
                0x000000000c001fe8                UART4_IRQHandler
                0x000000000c001fe8                DMA2_Channel4_IRQHandler
                0x000000000c001fe8                TIM3_IRQHandler
                0x000000000c001fe8                RCC_IRQHandler
                0x000000000c001fe8                TIM1_TRG_COM_IRQHandler
                0x000000000c001fe8                Default_Handler
                0x000000000c001fe8                DMA2_Channel7_IRQHandler
                0x000000000c001fe8                OTFDEC1_IRQHandler
                0x000000000c001fe8                DMA1_Channel8_IRQHandler
                0x000000000c001fe8                TIM7_IRQHandler
                0x000000000c001fe8                SDMMC1_IRQHandler
                0x000000000c001fe8                TIM5_IRQHandler
                0x000000000c001fe8                UCPD1_IRQHandler
                0x000000000c001fe8                TIM15_IRQHandler
                0x000000000c001fe8                I2C3_EV_IRQHandler
                0x000000000c001fe8                PVD_PVM_IRQHandler
                0x000000000c001fe8                SPI2_IRQHandler
                0x000000000c001fe8                EXTI14_IRQHandler
                0x000000000c001fe8                EXTI11_IRQHandler
                0x000000000c001fe8                DMA2_Channel5_IRQHandler
                0x000000000c001fe8                CRS_IRQHandler
                0x000000000c001fe8                DMA1_Channel5_IRQHandler
                0x000000000c001fe8                EXTI4_IRQHandler
                0x000000000c001fe8                RTC_S_IRQHandler
                0x000000000c001fe8                RNG_IRQHandler
                0x000000000c001fe8                DMAMUX1_S_IRQHandler
                0x000000000c001fe8                COMP_IRQHandler
                0x000000000c001fe8                TIM1_UP_IRQHandler
                0x000000000c001fe8                WWDG_IRQHandler
                0x000000000c001fe8                I2C4_EV_IRQHandler
                0x000000000c001fe8                LPUART1_IRQHandler
                0x000000000c001fe8                DMA2_Channel6_IRQHandler
                0x000000000c001fe8                FDCAN1_IT0_IRQHandler
                0x000000000c001fe8                TIM2_IRQHandler
                0x000000000c001fe8                TAMP_S_IRQHandler
                0x000000000c001fe8                EXTI7_IRQHandler
                0x000000000c001fe8                TIM1_BRK_IRQHandler
                0x000000000c001fe8                DAC_IRQHandler
                0x000000000c001fe8                EXTI1_IRQHandler
                0x000000000c001fe8                AES_IRQHandler
                0x000000000c001fe8                GTZC_IRQHandler
                0x000000000c001fe8                USART2_IRQHandler
                0x000000000c001fe8                DFSDM1_FLT0_IRQHandler
                0x000000000c001fe8                I2C2_ER_IRQHandler
                0x000000000c001fe8                TIM8_BRK_IRQHandler
                0x000000000c001fe8                FLASH_IRQHandler
                0x000000000c001fe8                USART1_IRQHandler
                0x000000000c001fe8                EXTI10_IRQHandler
                0x000000000c001fe8                SPI3_IRQHandler
                0x000000000c001fe8                I2C1_ER_IRQHandler
                0x000000000c001fe8                FMC_IRQHandler
                0x000000000c001fe8                EXTI6_IRQHandler
                0x000000000c001fe8                LPTIM1_IRQHandler
                0x000000000c001fe8                I2C4_ER_IRQHandler
                0x000000000c001fe8                ICACHE_IRQHandler
                0x000000000c001fe8                SAI1_IRQHandler
                0x000000000c001fe8                HASH_IRQHandler
                0x000000000c001fe8                DMA2_Channel3_IRQHandler
 .text.HAL_Init
                0x000000000c001fea       0x34 ./Drivers/STM32L5xx_HAL_Driver/stm32l5xx_hal.o
                0x000000000c001fea                HAL_Init
 *fill*         0x000000000c00201e        0x2 
 .text.HAL_InitTick
                0x000000000c002020       0x78 ./Drivers/STM32L5xx_HAL_Driver/stm32l5xx_hal.o
                0x000000000c002020                HAL_InitTick
 .text.HAL_IncTick
                0x000000000c002098       0x28 ./Drivers/STM32L5xx_HAL_Driver/stm32l5xx_hal.o
                0x000000000c002098                HAL_IncTick
 .text.HAL_GetTick
                0x000000000c0020c0       0x18 ./Drivers/STM32L5xx_HAL_Driver/stm32l5xx_hal.o
                0x000000000c0020c0                HAL_GetTick
 .text.HAL_Delay
                0x000000000c0020d8       0x48 ./Drivers/STM32L5xx_HAL_Driver/stm32l5xx_hal.o
                0x000000000c0020d8                HAL_Delay
 .text.__NVIC_SetPriorityGrouping
                0x000000000c002120       0x48 ./Drivers/STM32L5xx_HAL_Driver/stm32l5xx_hal_cortex.o
 .text.__NVIC_GetPriorityGrouping
                0x000000000c002168       0x1c ./Drivers/STM32L5xx_HAL_Driver/stm32l5xx_hal_cortex.o
 .text.__NVIC_EnableIRQ
                0x000000000c002184       0x3c ./Drivers/STM32L5xx_HAL_Driver/stm32l5xx_hal_cortex.o
 .text.__NVIC_SetPriority
                0x000000000c0021c0       0x54 ./Drivers/STM32L5xx_HAL_Driver/stm32l5xx_hal_cortex.o
 .text.NVIC_EncodePriority
                0x000000000c002214       0x66 ./Drivers/STM32L5xx_HAL_Driver/stm32l5xx_hal_cortex.o
 *fill*         0x000000000c00227a        0x2 
 .text.SysTick_Config
                0x000000000c00227c       0x44 ./Drivers/STM32L5xx_HAL_Driver/stm32l5xx_hal_cortex.o
 .text.HAL_NVIC_SetPriorityGrouping
                0x000000000c0022c0       0x16 ./Drivers/STM32L5xx_HAL_Driver/stm32l5xx_hal_cortex.o
                0x000000000c0022c0                HAL_NVIC_SetPriorityGrouping
 .text.HAL_NVIC_SetPriority
                0x000000000c0022d6       0x34 ./Drivers/STM32L5xx_HAL_Driver/stm32l5xx_hal_cortex.o
                0x000000000c0022d6                HAL_NVIC_SetPriority
 .text.HAL_NVIC_EnableIRQ
                0x000000000c00230a       0x1c ./Drivers/STM32L5xx_HAL_Driver/stm32l5xx_hal_cortex.o
                0x000000000c00230a                HAL_NVIC_EnableIRQ
 .text.HAL_SYSTICK_Config
                0x000000000c002326       0x18 ./Drivers/STM32L5xx_HAL_Driver/stm32l5xx_hal_cortex.o
                0x000000000c002326                HAL_SYSTICK_Config
 *fill*         0x000000000c00233e        0x2 
 .text.HAL_DMA_Init
                0x000000000c002340      0x150 ./Drivers/STM32L5xx_HAL_Driver/stm32l5xx_hal_dma.o
                0x000000000c002340                HAL_DMA_Init
 .text.HAL_DMA_Start_IT
                0x000000000c002490       0xf6 ./Drivers/STM32L5xx_HAL_Driver/stm32l5xx_hal_dma.o
                0x000000000c002490                HAL_DMA_Start_IT
 .text.HAL_DMA_IRQHandler
                0x000000000c002586      0x200 ./Drivers/STM32L5xx_HAL_Driver/stm32l5xx_hal_dma.o
                0x000000000c002586                HAL_DMA_IRQHandler
 *fill*         0x000000000c002786        0x2 
 .text.HAL_DMA_RegisterCallback
                0x000000000c002788       0xa8 ./Drivers/STM32L5xx_HAL_Driver/stm32l5xx_hal_dma.o
                0x000000000c002788                HAL_DMA_RegisterCallback
 .text.HAL_DMA_ConfigChannelAttributes
                0x000000000c002830      0x110 ./Drivers/STM32L5xx_HAL_Driver/stm32l5xx_hal_dma.o
                0x000000000c002830                HAL_DMA_ConfigChannelAttributes
 .text.DMA_SetConfig
                0x000000000c002940       0x7c ./Drivers/STM32L5xx_HAL_Driver/stm32l5xx_hal_dma.o
 .text.DMA_CalcDMAMUXChannelBaseAndMask
                0x000000000c0029bc       0x7c ./Drivers/STM32L5xx_HAL_Driver/stm32l5xx_hal_dma.o
 .text.DMA_CalcDMAMUXRequestGenBaseAndMask
                0x000000000c002a38       0x48 ./Drivers/STM32L5xx_HAL_Driver/stm32l5xx_hal_dma.o
 .text.HAL_GPIO_Init
                0x000000000c002a80      0x300 ./Drivers/STM32L5xx_HAL_Driver/stm32l5xx_hal_gpio.o
                0x000000000c002a80                HAL_GPIO_Init
 .text.HAL_GPIO_WritePin
                0x000000000c002d80       0x30 ./Drivers/STM32L5xx_HAL_Driver/stm32l5xx_hal_gpio.o
                0x000000000c002d80                HAL_GPIO_WritePin
 .text.HAL_GPIO_ConfigPinAttributes
                0x000000000c002db0       0x70 ./Drivers/STM32L5xx_HAL_Driver/stm32l5xx_hal_gpio.o
                0x000000000c002db0                HAL_GPIO_ConfigPinAttributes
 .text.HAL_GTZC_TZSC_ConfigPeriphAttributes
                0x000000000c002e20      0x1b0 ./Drivers/STM32L5xx_HAL_Driver/stm32l5xx_hal_gtzc.o
                0x000000000c002e20                HAL_GTZC_TZSC_ConfigPeriphAttributes
 .text.HAL_GTZC_MPCBB_ConfigMem
                0x000000000c002fd0      0x108 ./Drivers/STM32L5xx_HAL_Driver/stm32l5xx_hal_gtzc.o
                0x000000000c002fd0                HAL_GTZC_MPCBB_ConfigMem
 .text.HAL_HASH_Init
                0x000000000c0030d8       0xa8 ./Drivers/STM32L5xx_HAL_Driver/stm32l5xx_hal_hash.o
                0x000000000c0030d8                HAL_HASH_Init
 .text.HAL_HASH_MD5_Start
                0x000000000c003180       0x2c ./Drivers/STM32L5xx_HAL_Driver/stm32l5xx_hal_hash.o
                0x000000000c003180                HAL_HASH_MD5_Start
 .text.HASH_WriteData
                0x000000000c0031ac       0xe0 ./Drivers/STM32L5xx_HAL_Driver/stm32l5xx_hal_hash.o
 .text.HASH_GetDigest
                0x000000000c00328c      0x24c ./Drivers/STM32L5xx_HAL_Driver/stm32l5xx_hal_hash.o
 .text.HASH_WaitOnFlagUntilTimeout
                0x000000000c0034d8      0x10c ./Drivers/STM32L5xx_HAL_Driver/stm32l5xx_hal_hash.o
 .text.HASH_Start
                0x000000000c0035e4      0x1c4 ./Drivers/STM32L5xx_HAL_Driver/stm32l5xx_hal_hash.o
                0x000000000c0035e4                HASH_Start
 .text.HAL_ICACHE_ConfigAssociativityMode
                0x000000000c0037a8       0x40 ./Drivers/STM32L5xx_HAL_Driver/stm32l5xx_hal_icache.o
                0x000000000c0037a8                HAL_ICACHE_ConfigAssociativityMode
 .text.HAL_ICACHE_Enable
                0x000000000c0037e8       0x20 ./Drivers/STM32L5xx_HAL_Driver/stm32l5xx_hal_icache.o
                0x000000000c0037e8                HAL_ICACHE_Enable
 .text.HAL_PWREx_GetVoltageRange
                0x000000000c003808       0x1c ./Drivers/STM32L5xx_HAL_Driver/stm32l5xx_hal_pwr_ex.o
                0x000000000c003808                HAL_PWREx_GetVoltageRange
 .text.HAL_PWREx_ControlVoltageScaling
                0x000000000c003824       0xb8 ./Drivers/STM32L5xx_HAL_Driver/stm32l5xx_hal_pwr_ex.o
                0x000000000c003824                HAL_PWREx_ControlVoltageScaling
 .text.HAL_PWREx_EnableVddIO2
                0x000000000c0038dc       0x20 ./Drivers/STM32L5xx_HAL_Driver/stm32l5xx_hal_pwr_ex.o
                0x000000000c0038dc                HAL_PWREx_EnableVddIO2
 .text.HAL_PWREx_DisableUCPDDeadBattery
                0x000000000c0038fc       0x20 ./Drivers/STM32L5xx_HAL_Driver/stm32l5xx_hal_pwr_ex.o
                0x000000000c0038fc                HAL_PWREx_DisableUCPDDeadBattery
 .text.HAL_PWREx_SMPS_GetEffectiveMode
                0x000000000c00391c       0x48 ./Drivers/STM32L5xx_HAL_Driver/stm32l5xx_hal_pwr_ex.o
                0x000000000c00391c                HAL_PWREx_SMPS_GetEffectiveMode
 .text.HAL_RCC_OscConfig
                0x000000000c003964      0x9ac ./Drivers/STM32L5xx_HAL_Driver/stm32l5xx_hal_rcc.o
                0x000000000c003964                HAL_RCC_OscConfig
 .text.HAL_RCC_ClockConfig
                0x000000000c004310      0x270 ./Drivers/STM32L5xx_HAL_Driver/stm32l5xx_hal_rcc.o
                0x000000000c004310                HAL_RCC_ClockConfig
 .text.HAL_RCC_GetSysClockFreq
                0x000000000c004580      0x13c ./Drivers/STM32L5xx_HAL_Driver/stm32l5xx_hal_rcc.o
                0x000000000c004580                HAL_RCC_GetSysClockFreq
 .text.HAL_RCC_GetHCLKFreq
                0x000000000c0046bc       0x28 ./Drivers/STM32L5xx_HAL_Driver/stm32l5xx_hal_rcc.o
                0x000000000c0046bc                HAL_RCC_GetHCLKFreq
 .text.HAL_RCC_GetPCLK1Freq
                0x000000000c0046e4       0x28 ./Drivers/STM32L5xx_HAL_Driver/stm32l5xx_hal_rcc.o
                0x000000000c0046e4                HAL_RCC_GetPCLK1Freq
 .text.HAL_RCC_GetPCLK2Freq
                0x000000000c00470c       0x28 ./Drivers/STM32L5xx_HAL_Driver/stm32l5xx_hal_rcc.o
                0x000000000c00470c                HAL_RCC_GetPCLK2Freq
 .text.RCC_SetFlashLatencyFromMSIRange
                0x000000000c004734       0xc8 ./Drivers/STM32L5xx_HAL_Driver/stm32l5xx_hal_rcc.o
 .text.RCC_GetSysClockFreqFromPLLSource
                0x000000000c0047fc       0xdc ./Drivers/STM32L5xx_HAL_Driver/stm32l5xx_hal_rcc.o
 .text.HAL_RCCEx_PeriphCLKConfig
                0x000000000c0048d8      0x708 ./Drivers/STM32L5xx_HAL_Driver/stm32l5xx_hal_rcc_ex.o
                0x000000000c0048d8                HAL_RCCEx_PeriphCLKConfig
 .text.RCCEx_PLLSAI1_Config
                0x000000000c004fe0      0x1cc ./Drivers/STM32L5xx_HAL_Driver/stm32l5xx_hal_rcc_ex.o
 .text.RCCEx_PLLSAI2_Config
                0x000000000c0051ac      0x158 ./Drivers/STM32L5xx_HAL_Driver/stm32l5xx_hal_rcc_ex.o
 .text.HAL_SPI_Init
                0x000000000c005304      0x146 ./Drivers/STM32L5xx_HAL_Driver/stm32l5xx_hal_spi.o
                0x000000000c005304                HAL_SPI_Init
 *fill*         0x000000000c00544a        0x2 
 .text.HAL_SPI_Transmit_DMA
                0x000000000c00544c      0x1e8 ./Drivers/STM32L5xx_HAL_Driver/stm32l5xx_hal_spi.o
                0x000000000c00544c                HAL_SPI_Transmit_DMA
 .text.HAL_SPI_TxHalfCpltCallback
                0x000000000c005634       0x14 ./Drivers/STM32L5xx_HAL_Driver/stm32l5xx_hal_spi.o
                0x000000000c005634                HAL_SPI_TxHalfCpltCallback
 .text.HAL_SPI_ErrorCallback
                0x000000000c005648       0x14 ./Drivers/STM32L5xx_HAL_Driver/stm32l5xx_hal_spi.o
                0x000000000c005648                HAL_SPI_ErrorCallback
 .text.SPI_DMATransmitCplt
                0x000000000c00565c       0xa6 ./Drivers/STM32L5xx_HAL_Driver/stm32l5xx_hal_spi.o
 .text.SPI_DMAHalfTransmitCplt
                0x000000000c005702       0x1c ./Drivers/STM32L5xx_HAL_Driver/stm32l5xx_hal_spi.o
 .text.SPI_DMAError
                0x000000000c00571e       0x40 ./Drivers/STM32L5xx_HAL_Driver/stm32l5xx_hal_spi.o
 *fill*         0x000000000c00575e        0x2 
 .text.SPI_WaitFlagStateUntilTimeout
                0x000000000c005760      0x110 ./Drivers/STM32L5xx_HAL_Driver/stm32l5xx_hal_spi.o
 .text.SPI_WaitFifoStateUntilTimeout
                0x000000000c005870      0x12c ./Drivers/STM32L5xx_HAL_Driver/stm32l5xx_hal_spi.o
 .text.SPI_EndRxTxTransaction
                0x000000000c00599c       0x8c ./Drivers/STM32L5xx_HAL_Driver/stm32l5xx_hal_spi.o
 .text.HAL_UART_Init
                0x000000000c005a28       0xa0 ./Drivers/STM32L5xx_HAL_Driver/stm32l5xx_hal_uart.o
                0x000000000c005a28                HAL_UART_Init
 .text.HAL_UART_Transmit
                0x000000000c005ac8      0x11c ./Drivers/STM32L5xx_HAL_Driver/stm32l5xx_hal_uart.o
                0x000000000c005ac8                HAL_UART_Transmit
 .text.UART_SetConfig
                0x000000000c005be4      0x5fc ./Drivers/STM32L5xx_HAL_Driver/stm32l5xx_hal_uart.o
                0x000000000c005be4                UART_SetConfig
 .text.UART_AdvFeatureConfig
                0x000000000c0061e0      0x144 ./Drivers/STM32L5xx_HAL_Driver/stm32l5xx_hal_uart.o
                0x000000000c0061e0                UART_AdvFeatureConfig
 .text.UART_CheckIdleState
                0x000000000c006324      0x154 ./Drivers/STM32L5xx_HAL_Driver/stm32l5xx_hal_uart.o
                0x000000000c006324                UART_CheckIdleState
 .text.UART_WaitOnFlagUntilTimeout
                0x000000000c006478       0xce ./Drivers/STM32L5xx_HAL_Driver/stm32l5xx_hal_uart.o
                0x000000000c006478                UART_WaitOnFlagUntilTimeout
 .text.UART_EndRxTransfer
                0x000000000c006546       0xcc ./Drivers/STM32L5xx_HAL_Driver/stm32l5xx_hal_uart.o
 .text.HAL_UARTEx_DisableFifoMode
                0x000000000c006612       0x72 ./Drivers/STM32L5xx_HAL_Driver/stm32l5xx_hal_uart_ex.o
                0x000000000c006612                HAL_UARTEx_DisableFifoMode
 .text.HAL_UARTEx_SetTxFifoThreshold
                0x000000000c006684       0x7c ./Drivers/STM32L5xx_HAL_Driver/stm32l5xx_hal_uart_ex.o
                0x000000000c006684                HAL_UARTEx_SetTxFifoThreshold
 .text.HAL_UARTEx_SetRxFifoThreshold
                0x000000000c006700       0x7c ./Drivers/STM32L5xx_HAL_Driver/stm32l5xx_hal_uart_ex.o
                0x000000000c006700                HAL_UARTEx_SetRxFifoThreshold
 .text.UARTEx_SetNbDataToProcess
                0x000000000c00677c       0x9c ./Drivers/STM32L5xx_HAL_Driver/stm32l5xx_hal_uart_ex.o
 .text.__errno  0x000000000c006818        0xc c:/st/stm32cubeide_1.12.1/stm32cubeide/plugins/com.st.stm32cube.ide.mcu.externaltools.gnu-tools-for-stm32.10.3-2021.10.win32_1.0.200.202301161003/tools/bin/../lib/gcc/arm-none-eabi/10.3.1/../../../../arm-none-eabi/lib/thumb/v8-m.main+fp/hard\libc_nano.a(lib_a-errno.o)
                0x000000000c006818                __errno
 .text.__libc_init_array
                0x000000000c006824       0x48 c:/st/stm32cubeide_1.12.1/stm32cubeide/plugins/com.st.stm32cube.ide.mcu.externaltools.gnu-tools-for-stm32.10.3-2021.10.win32_1.0.200.202301161003/tools/bin/../lib/gcc/arm-none-eabi/10.3.1/../../../../arm-none-eabi/lib/thumb/v8-m.main+fp/hard\libc_nano.a(lib_a-init.o)
                0x000000000c006824                __libc_init_array
 .text.memset   0x000000000c00686c       0x10 c:/st/stm32cubeide_1.12.1/stm32cubeide/plugins/com.st.stm32cube.ide.mcu.externaltools.gnu-tools-for-stm32.10.3-2021.10.win32_1.0.200.202301161003/tools/bin/../lib/gcc/arm-none-eabi/10.3.1/../../../../arm-none-eabi/lib/thumb/v8-m.main+fp/hard\libc_nano.a(lib_a-memset.o)
                0x000000000c00686c                memset
 .text.printf   0x000000000c00687c       0x30 c:/st/stm32cubeide_1.12.1/stm32cubeide/plugins/com.st.stm32cube.ide.mcu.externaltools.gnu-tools-for-stm32.10.3-2021.10.win32_1.0.200.202301161003/tools/bin/../lib/gcc/arm-none-eabi/10.3.1/../../../../arm-none-eabi/lib/thumb/v8-m.main+fp/hard\libc_nano.a(lib_a-printf.o)
                0x000000000c00687c                iprintf
                0x000000000c00687c                printf
 .text.snprintf
                0x000000000c0068ac       0x68 c:/st/stm32cubeide_1.12.1/stm32cubeide/plugins/com.st.stm32cube.ide.mcu.externaltools.gnu-tools-for-stm32.10.3-2021.10.win32_1.0.200.202301161003/tools/bin/../lib/gcc/arm-none-eabi/10.3.1/../../../../arm-none-eabi/lib/thumb/v8-m.main+fp/hard\libc_nano.a(lib_a-snprintf.o)
                0x000000000c0068ac                sniprintf
                0x000000000c0068ac                snprintf
 .text.std      0x000000000c006914       0x48 c:/st/stm32cubeide_1.12.1/stm32cubeide/plugins/com.st.stm32cube.ide.mcu.externaltools.gnu-tools-for-stm32.10.3-2021.10.win32_1.0.200.202301161003/tools/bin/../lib/gcc/arm-none-eabi/10.3.1/../../../../arm-none-eabi/lib/thumb/v8-m.main+fp/hard\libc_nano.a(lib_a-findfp.o)
 .text._cleanup_r
                0x000000000c00695c        0xc c:/st/stm32cubeide_1.12.1/stm32cubeide/plugins/com.st.stm32cube.ide.mcu.externaltools.gnu-tools-for-stm32.10.3-2021.10.win32_1.0.200.202301161003/tools/bin/../lib/gcc/arm-none-eabi/10.3.1/../../../../arm-none-eabi/lib/thumb/v8-m.main+fp/hard\libc_nano.a(lib_a-findfp.o)
                0x000000000c00695c                _cleanup_r
 .text.__sfmoreglue
                0x000000000c006968       0x2c c:/st/stm32cubeide_1.12.1/stm32cubeide/plugins/com.st.stm32cube.ide.mcu.externaltools.gnu-tools-for-stm32.10.3-2021.10.win32_1.0.200.202301161003/tools/bin/../lib/gcc/arm-none-eabi/10.3.1/../../../../arm-none-eabi/lib/thumb/v8-m.main+fp/hard\libc_nano.a(lib_a-findfp.o)
                0x000000000c006968                __sfmoreglue
 .text.__sfp_lock_acquire
                0x000000000c006994        0xc c:/st/stm32cubeide_1.12.1/stm32cubeide/plugins/com.st.stm32cube.ide.mcu.externaltools.gnu-tools-for-stm32.10.3-2021.10.win32_1.0.200.202301161003/tools/bin/../lib/gcc/arm-none-eabi/10.3.1/../../../../arm-none-eabi/lib/thumb/v8-m.main+fp/hard\libc_nano.a(lib_a-findfp.o)
                0x000000000c006994                __sfp_lock_acquire
 .text.__sfp_lock_release
                0x000000000c0069a0        0xc c:/st/stm32cubeide_1.12.1/stm32cubeide/plugins/com.st.stm32cube.ide.mcu.externaltools.gnu-tools-for-stm32.10.3-2021.10.win32_1.0.200.202301161003/tools/bin/../lib/gcc/arm-none-eabi/10.3.1/../../../../arm-none-eabi/lib/thumb/v8-m.main+fp/hard\libc_nano.a(lib_a-findfp.o)
                0x000000000c0069a0                __sfp_lock_release
 .text.__sinit_lock_acquire
                0x000000000c0069ac        0xc c:/st/stm32cubeide_1.12.1/stm32cubeide/plugins/com.st.stm32cube.ide.mcu.externaltools.gnu-tools-for-stm32.10.3-2021.10.win32_1.0.200.202301161003/tools/bin/../lib/gcc/arm-none-eabi/10.3.1/../../../../arm-none-eabi/lib/thumb/v8-m.main+fp/hard\libc_nano.a(lib_a-findfp.o)
                0x000000000c0069ac                __sinit_lock_acquire
 .text.__sinit_lock_release
                0x000000000c0069b8        0xc c:/st/stm32cubeide_1.12.1/stm32cubeide/plugins/com.st.stm32cube.ide.mcu.externaltools.gnu-tools-for-stm32.10.3-2021.10.win32_1.0.200.202301161003/tools/bin/../lib/gcc/arm-none-eabi/10.3.1/../../../../arm-none-eabi/lib/thumb/v8-m.main+fp/hard\libc_nano.a(lib_a-findfp.o)
                0x000000000c0069b8                __sinit_lock_release
 .text.__sinit  0x000000000c0069c4       0x70 c:/st/stm32cubeide_1.12.1/stm32cubeide/plugins/com.st.stm32cube.ide.mcu.externaltools.gnu-tools-for-stm32.10.3-2021.10.win32_1.0.200.202301161003/tools/bin/../lib/gcc/arm-none-eabi/10.3.1/../../../../arm-none-eabi/lib/thumb/v8-m.main+fp/hard\libc_nano.a(lib_a-findfp.o)
                0x000000000c0069c4                __sinit
 .text.__sfp    0x000000000c006a34       0x8c c:/st/stm32cubeide_1.12.1/stm32cubeide/plugins/com.st.stm32cube.ide.mcu.externaltools.gnu-tools-for-stm32.10.3-2021.10.win32_1.0.200.202301161003/tools/bin/../lib/gcc/arm-none-eabi/10.3.1/../../../../arm-none-eabi/lib/thumb/v8-m.main+fp/hard\libc_nano.a(lib_a-findfp.o)
                0x000000000c006a34                __sfp
 .text._fwalk_reent
                0x000000000c006ac0       0x3e c:/st/stm32cubeide_1.12.1/stm32cubeide/plugins/com.st.stm32cube.ide.mcu.externaltools.gnu-tools-for-stm32.10.3-2021.10.win32_1.0.200.202301161003/tools/bin/../lib/gcc/arm-none-eabi/10.3.1/../../../../arm-none-eabi/lib/thumb/v8-m.main+fp/hard\libc_nano.a(lib_a-fwalk.o)
                0x000000000c006ac0                _fwalk_reent
 .text.__retarget_lock_init_recursive
                0x000000000c006afe        0x2 c:/st/stm32cubeide_1.12.1/stm32cubeide/plugins/com.st.stm32cube.ide.mcu.externaltools.gnu-tools-for-stm32.10.3-2021.10.win32_1.0.200.202301161003/tools/bin/../lib/gcc/arm-none-eabi/10.3.1/../../../../arm-none-eabi/lib/thumb/v8-m.main+fp/hard\libc_nano.a(lib_a-lock.o)
                0x000000000c006afe                __retarget_lock_init_recursive
 .text.__retarget_lock_acquire_recursive
                0x000000000c006b00        0x2 c:/st/stm32cubeide_1.12.1/stm32cubeide/plugins/com.st.stm32cube.ide.mcu.externaltools.gnu-tools-for-stm32.10.3-2021.10.win32_1.0.200.202301161003/tools/bin/../lib/gcc/arm-none-eabi/10.3.1/../../../../arm-none-eabi/lib/thumb/v8-m.main+fp/hard\libc_nano.a(lib_a-lock.o)
                0x000000000c006b00                __retarget_lock_acquire_recursive
 .text.__retarget_lock_release_recursive
                0x000000000c006b02        0x2 c:/st/stm32cubeide_1.12.1/stm32cubeide/plugins/com.st.stm32cube.ide.mcu.externaltools.gnu-tools-for-stm32.10.3-2021.10.win32_1.0.200.202301161003/tools/bin/../lib/gcc/arm-none-eabi/10.3.1/../../../../arm-none-eabi/lib/thumb/v8-m.main+fp/hard\libc_nano.a(lib_a-lock.o)
                0x000000000c006b02                __retarget_lock_release_recursive
 .text.sbrk_aligned
                0x000000000c006b04       0x40 c:/st/stm32cubeide_1.12.1/stm32cubeide/plugins/com.st.stm32cube.ide.mcu.externaltools.gnu-tools-for-stm32.10.3-2021.10.win32_1.0.200.202301161003/tools/bin/../lib/gcc/arm-none-eabi/10.3.1/../../../../arm-none-eabi/lib/thumb/v8-m.main+fp/hard\libc_nano.a(lib_a-nano-mallocr.o)
 .text._malloc_r
                0x000000000c006b44       0xe8 c:/st/stm32cubeide_1.12.1/stm32cubeide/plugins/com.st.stm32cube.ide.mcu.externaltools.gnu-tools-for-stm32.10.3-2021.10.win32_1.0.200.202301161003/tools/bin/../lib/gcc/arm-none-eabi/10.3.1/../../../../arm-none-eabi/lib/thumb/v8-m.main+fp/hard\libc_nano.a(lib_a-nano-mallocr.o)
                0x000000000c006b44                _malloc_r
 .text.__ssputs_r
                0x000000000c006c2c       0xb6 c:/st/stm32cubeide_1.12.1/stm32cubeide/plugins/com.st.stm32cube.ide.mcu.externaltools.gnu-tools-for-stm32.10.3-2021.10.win32_1.0.200.202301161003/tools/bin/../lib/gcc/arm-none-eabi/10.3.1/../../../../arm-none-eabi/lib/thumb/v8-m.main+fp/hard\libc_nano.a(lib_a-nano-svfprintf.o)
                0x000000000c006c2c                __ssputs_r
 *fill*         0x000000000c006ce2        0x2 
 .text._svfprintf_r
                0x000000000c006ce4      0x200 c:/st/stm32cubeide_1.12.1/stm32cubeide/plugins/com.st.stm32cube.ide.mcu.externaltools.gnu-tools-for-stm32.10.3-2021.10.win32_1.0.200.202301161003/tools/bin/../lib/gcc/arm-none-eabi/10.3.1/../../../../arm-none-eabi/lib/thumb/v8-m.main+fp/hard\libc_nano.a(lib_a-nano-svfprintf.o)
                0x000000000c006ce4                _svfiprintf_r
                0x000000000c006ce4                _svfprintf_r
 .text.__sfputc_r
                0x000000000c006ee4       0x2e c:/st/stm32cubeide_1.12.1/stm32cubeide/plugins/com.st.stm32cube.ide.mcu.externaltools.gnu-tools-for-stm32.10.3-2021.10.win32_1.0.200.202301161003/tools/bin/../lib/gcc/arm-none-eabi/10.3.1/../../../../arm-none-eabi/lib/thumb/v8-m.main+fp/hard\libc_nano.a(lib_a-nano-vfprintf.o)
 .text.__sfputs_r
                0x000000000c006f12       0x24 c:/st/stm32cubeide_1.12.1/stm32cubeide/plugins/com.st.stm32cube.ide.mcu.externaltools.gnu-tools-for-stm32.10.3-2021.10.win32_1.0.200.202301161003/tools/bin/../lib/gcc/arm-none-eabi/10.3.1/../../../../arm-none-eabi/lib/thumb/v8-m.main+fp/hard\libc_nano.a(lib_a-nano-vfprintf.o)
                0x000000000c006f12                __sfputs_r
 *fill*         0x000000000c006f36        0x2 
 .text._vfprintf_r
                0x000000000c006f38      0x260 c:/st/stm32cubeide_1.12.1/stm32cubeide/plugins/com.st.stm32cube.ide.mcu.externaltools.gnu-tools-for-stm32.10.3-2021.10.win32_1.0.200.202301161003/tools/bin/../lib/gcc/arm-none-eabi/10.3.1/../../../../arm-none-eabi/lib/thumb/v8-m.main+fp/hard\libc_nano.a(lib_a-nano-vfprintf.o)
                0x000000000c006f38                _vfprintf_r
                0x000000000c006f38                _vfiprintf_r
 .text._printf_common
                0x000000000c007198       0xe0 c:/st/stm32cubeide_1.12.1/stm32cubeide/plugins/com.st.stm32cube.ide.mcu.externaltools.gnu-tools-for-stm32.10.3-2021.10.win32_1.0.200.202301161003/tools/bin/../lib/gcc/arm-none-eabi/10.3.1/../../../../arm-none-eabi/lib/thumb/v8-m.main+fp/hard\libc_nano.a(lib_a-nano-vfprintf_i.o)
                0x000000000c007198                _printf_common
 .text._printf_i
                0x000000000c007278      0x24c c:/st/stm32cubeide_1.12.1/stm32cubeide/plugins/com.st.stm32cube.ide.mcu.externaltools.gnu-tools-for-stm32.10.3-2021.10.win32_1.0.200.202301161003/tools/bin/../lib/gcc/arm-none-eabi/10.3.1/../../../../arm-none-eabi/lib/thumb/v8-m.main+fp/hard\libc_nano.a(lib_a-nano-vfprintf_i.o)
                0x000000000c007278                _printf_i
 .text._sbrk_r  0x000000000c0074c4       0x20 c:/st/stm32cubeide_1.12.1/stm32cubeide/plugins/com.st.stm32cube.ide.mcu.externaltools.gnu-tools-for-stm32.10.3-2021.10.win32_1.0.200.202301161003/tools/bin/../lib/gcc/arm-none-eabi/10.3.1/../../../../arm-none-eabi/lib/thumb/v8-m.main+fp/hard\libc_nano.a(lib_a-sbrkr.o)
                0x000000000c0074c4                _sbrk_r
 .text.__sread  0x000000000c0074e4       0x22 c:/st/stm32cubeide_1.12.1/stm32cubeide/plugins/com.st.stm32cube.ide.mcu.externaltools.gnu-tools-for-stm32.10.3-2021.10.win32_1.0.200.202301161003/tools/bin/../lib/gcc/arm-none-eabi/10.3.1/../../../../arm-none-eabi/lib/thumb/v8-m.main+fp/hard\libc_nano.a(lib_a-stdio.o)
                0x000000000c0074e4                __sread
 .text.__swrite
                0x000000000c007506       0x38 c:/st/stm32cubeide_1.12.1/stm32cubeide/plugins/com.st.stm32cube.ide.mcu.externaltools.gnu-tools-for-stm32.10.3-2021.10.win32_1.0.200.202301161003/tools/bin/../lib/gcc/arm-none-eabi/10.3.1/../../../../arm-none-eabi/lib/thumb/v8-m.main+fp/hard\libc_nano.a(lib_a-stdio.o)
                0x000000000c007506                __swrite
 .text.__sseek  0x000000000c00753e       0x24 c:/st/stm32cubeide_1.12.1/stm32cubeide/plugins/com.st.stm32cube.ide.mcu.externaltools.gnu-tools-for-stm32.10.3-2021.10.win32_1.0.200.202301161003/tools/bin/../lib/gcc/arm-none-eabi/10.3.1/../../../../arm-none-eabi/lib/thumb/v8-m.main+fp/hard\libc_nano.a(lib_a-stdio.o)
                0x000000000c00753e                __sseek
 .text.__sclose
                0x000000000c007562        0x8 c:/st/stm32cubeide_1.12.1/stm32cubeide/plugins/com.st.stm32cube.ide.mcu.externaltools.gnu-tools-for-stm32.10.3-2021.10.win32_1.0.200.202301161003/tools/bin/../lib/gcc/arm-none-eabi/10.3.1/../../../../arm-none-eabi/lib/thumb/v8-m.main+fp/hard\libc_nano.a(lib_a-stdio.o)
                0x000000000c007562                __sclose
 *fill*         0x000000000c00756a        0x2 
 .text.__swbuf_r
                0x000000000c00756c       0xa4 c:/st/stm32cubeide_1.12.1/stm32cubeide/plugins/com.st.stm32cube.ide.mcu.externaltools.gnu-tools-for-stm32.10.3-2021.10.win32_1.0.200.202301161003/tools/bin/../lib/gcc/arm-none-eabi/10.3.1/../../../../arm-none-eabi/lib/thumb/v8-m.main+fp/hard\libc_nano.a(lib_a-wbuf.o)
                0x000000000c00756c                __swbuf_r
 .text._write_r
                0x000000000c007610       0x24 c:/st/stm32cubeide_1.12.1/stm32cubeide/plugins/com.st.stm32cube.ide.mcu.externaltools.gnu-tools-for-stm32.10.3-2021.10.win32_1.0.200.202301161003/tools/bin/../lib/gcc/arm-none-eabi/10.3.1/../../../../arm-none-eabi/lib/thumb/v8-m.main+fp/hard\libc_nano.a(lib_a-writer.o)
                0x000000000c007610                _write_r
 .text.__swsetup_r
                0x000000000c007634       0xdc c:/st/stm32cubeide_1.12.1/stm32cubeide/plugins/com.st.stm32cube.ide.mcu.externaltools.gnu-tools-for-stm32.10.3-2021.10.win32_1.0.200.202301161003/tools/bin/../lib/gcc/arm-none-eabi/10.3.1/../../../../arm-none-eabi/lib/thumb/v8-m.main+fp/hard\libc_nano.a(lib_a-wsetup.o)
                0x000000000c007634                __swsetup_r
 .text._close_r
                0x000000000c007710       0x20 c:/st/stm32cubeide_1.12.1/stm32cubeide/plugins/com.st.stm32cube.ide.mcu.externaltools.gnu-tools-for-stm32.10.3-2021.10.win32_1.0.200.202301161003/tools/bin/../lib/gcc/arm-none-eabi/10.3.1/../../../../arm-none-eabi/lib/thumb/v8-m.main+fp/hard\libc_nano.a(lib_a-closer.o)
                0x000000000c007710                _close_r
 .text.__sflush_r
                0x000000000c007730      0x108 c:/st/stm32cubeide_1.12.1/stm32cubeide/plugins/com.st.stm32cube.ide.mcu.externaltools.gnu-tools-for-stm32.10.3-2021.10.win32_1.0.200.202301161003/tools/bin/../lib/gcc/arm-none-eabi/10.3.1/../../../../arm-none-eabi/lib/thumb/v8-m.main+fp/hard\libc_nano.a(lib_a-fflush.o)
                0x000000000c007730                __sflush_r
 .text._fflush_r
                0x000000000c007838       0x78 c:/st/stm32cubeide_1.12.1/stm32cubeide/plugins/com.st.stm32cube.ide.mcu.externaltools.gnu-tools-for-stm32.10.3-2021.10.win32_1.0.200.202301161003/tools/bin/../lib/gcc/arm-none-eabi/10.3.1/../../../../arm-none-eabi/lib/thumb/v8-m.main+fp/hard\libc_nano.a(lib_a-fflush.o)
                0x000000000c007838                _fflush_r
 .text._lseek_r
                0x000000000c0078b0       0x24 c:/st/stm32cubeide_1.12.1/stm32cubeide/plugins/com.st.stm32cube.ide.mcu.externaltools.gnu-tools-for-stm32.10.3-2021.10.win32_1.0.200.202301161003/tools/bin/../lib/gcc/arm-none-eabi/10.3.1/../../../../arm-none-eabi/lib/thumb/v8-m.main+fp/hard\libc_nano.a(lib_a-lseekr.o)
                0x000000000c0078b0                _lseek_r
 .text.__swhatbuf_r
                0x000000000c0078d4       0x4a c:/st/stm32cubeide_1.12.1/stm32cubeide/plugins/com.st.stm32cube.ide.mcu.externaltools.gnu-tools-for-stm32.10.3-2021.10.win32_1.0.200.202301161003/tools/bin/../lib/gcc/arm-none-eabi/10.3.1/../../../../arm-none-eabi/lib/thumb/v8-m.main+fp/hard\libc_nano.a(lib_a-makebuf.o)
                0x000000000c0078d4                __swhatbuf_r
 *fill*         0x000000000c00791e        0x2 
 .text.__smakebuf_r
                0x000000000c007920       0x80 c:/st/stm32cubeide_1.12.1/stm32cubeide/plugins/com.st.stm32cube.ide.mcu.externaltools.gnu-tools-for-stm32.10.3-2021.10.win32_1.0.200.202301161003/tools/bin/../lib/gcc/arm-none-eabi/10.3.1/../../../../arm-none-eabi/lib/thumb/v8-m.main+fp/hard\libc_nano.a(lib_a-makebuf.o)
                0x000000000c007920                __smakebuf_r
 .text.memchr   0x000000000c0079a0       0x1c c:/st/stm32cubeide_1.12.1/stm32cubeide/plugins/com.st.stm32cube.ide.mcu.externaltools.gnu-tools-for-stm32.10.3-2021.10.win32_1.0.200.202301161003/tools/bin/../lib/gcc/arm-none-eabi/10.3.1/../../../../arm-none-eabi/lib/thumb/v8-m.main+fp/hard\libc_nano.a(lib_a-memchr-stub.o)
                0x000000000c0079a0                memchr
 .text.memcpy   0x000000000c0079bc       0x1a c:/st/stm32cubeide_1.12.1/stm32cubeide/plugins/com.st.stm32cube.ide.mcu.externaltools.gnu-tools-for-stm32.10.3-2021.10.win32_1.0.200.202301161003/tools/bin/../lib/gcc/arm-none-eabi/10.3.1/../../../../arm-none-eabi/lib/thumb/v8-m.main+fp/hard\libc_nano.a(lib_a-memcpy-stub.o)
                0x000000000c0079bc                memcpy
 .text.memmove  0x000000000c0079d6       0x34 c:/st/stm32cubeide_1.12.1/stm32cubeide/plugins/com.st.stm32cube.ide.mcu.externaltools.gnu-tools-for-stm32.10.3-2021.10.win32_1.0.200.202301161003/tools/bin/../lib/gcc/arm-none-eabi/10.3.1/../../../../arm-none-eabi/lib/thumb/v8-m.main+fp/hard\libc_nano.a(lib_a-memmove.o)
                0x000000000c0079d6                memmove
 *fill*         0x000000000c007a0a        0x2 
 .text.__malloc_lock
                0x000000000c007a0c        0xc c:/st/stm32cubeide_1.12.1/stm32cubeide/plugins/com.st.stm32cube.ide.mcu.externaltools.gnu-tools-for-stm32.10.3-2021.10.win32_1.0.200.202301161003/tools/bin/../lib/gcc/arm-none-eabi/10.3.1/../../../../arm-none-eabi/lib/thumb/v8-m.main+fp/hard\libc_nano.a(lib_a-mlock.o)
                0x000000000c007a0c                __malloc_lock
 .text.__malloc_unlock
                0x000000000c007a18        0xc c:/st/stm32cubeide_1.12.1/stm32cubeide/plugins/com.st.stm32cube.ide.mcu.externaltools.gnu-tools-for-stm32.10.3-2021.10.win32_1.0.200.202301161003/tools/bin/../lib/gcc/arm-none-eabi/10.3.1/../../../../arm-none-eabi/lib/thumb/v8-m.main+fp/hard\libc_nano.a(lib_a-mlock.o)
                0x000000000c007a18                __malloc_unlock
 .text._free_r  0x000000000c007a24       0x98 c:/st/stm32cubeide_1.12.1/stm32cubeide/plugins/com.st.stm32cube.ide.mcu.externaltools.gnu-tools-for-stm32.10.3-2021.10.win32_1.0.200.202301161003/tools/bin/../lib/gcc/arm-none-eabi/10.3.1/../../../../arm-none-eabi/lib/thumb/v8-m.main+fp/hard\libc_nano.a(lib_a-nano-freer.o)
                0x000000000c007a24                _free_r
 .text._realloc_r
                0x000000000c007abc       0x5e c:/st/stm32cubeide_1.12.1/stm32cubeide/plugins/com.st.stm32cube.ide.mcu.externaltools.gnu-tools-for-stm32.10.3-2021.10.win32_1.0.200.202301161003/tools/bin/../lib/gcc/arm-none-eabi/10.3.1/../../../../arm-none-eabi/lib/thumb/v8-m.main+fp/hard\libc_nano.a(lib_a-nano-reallocr.o)
                0x000000000c007abc                _realloc_r
 *fill*         0x000000000c007b1a        0x2 
 .text._read_r  0x000000000c007b1c       0x24 c:/st/stm32cubeide_1.12.1/stm32cubeide/plugins/com.st.stm32cube.ide.mcu.externaltools.gnu-tools-for-stm32.10.3-2021.10.win32_1.0.200.202301161003/tools/bin/../lib/gcc/arm-none-eabi/10.3.1/../../../../arm-none-eabi/lib/thumb/v8-m.main+fp/hard\libc_nano.a(lib_a-readr.o)
                0x000000000c007b1c                _read_r
 .text._fstat_r
                0x000000000c007b40       0x24 c:/st/stm32cubeide_1.12.1/stm32cubeide/plugins/com.st.stm32cube.ide.mcu.externaltools.gnu-tools-for-stm32.10.3-2021.10.win32_1.0.200.202301161003/tools/bin/../lib/gcc/arm-none-eabi/10.3.1/../../../../arm-none-eabi/lib/thumb/v8-m.main+fp/hard\libc_nano.a(lib_a-fstatr.o)
                0x000000000c007b40                _fstat_r
 .text._isatty_r
                0x000000000c007b64       0x20 c:/st/stm32cubeide_1.12.1/stm32cubeide/plugins/com.st.stm32cube.ide.mcu.externaltools.gnu-tools-for-stm32.10.3-2021.10.win32_1.0.200.202301161003/tools/bin/../lib/gcc/arm-none-eabi/10.3.1/../../../../arm-none-eabi/lib/thumb/v8-m.main+fp/hard\libc_nano.a(lib_a-isattyr.o)
                0x000000000c007b64                _isatty_r
 .text._malloc_usable_size_r
                0x000000000c007b84       0x10 c:/st/stm32cubeide_1.12.1/stm32cubeide/plugins/com.st.stm32cube.ide.mcu.externaltools.gnu-tools-for-stm32.10.3-2021.10.win32_1.0.200.202301161003/tools/bin/../lib/gcc/arm-none-eabi/10.3.1/../../../../arm-none-eabi/lib/thumb/v8-m.main+fp/hard\libc_nano.a(lib_a-nano-msizer.o)
                0x000000000c007b84                _malloc_usable_size_r
 *(.glue_7)
 .glue_7        0x000000000c007b94        0x0 linker stubs
 *(.glue_7t)
 .glue_7t       0x000000000c007b94        0x0 linker stubs
 *(.eh_frame)
 .eh_frame      0x000000000c007b94        0x0 c:/st/stm32cubeide_1.12.1/stm32cubeide/plugins/com.st.stm32cube.ide.mcu.externaltools.gnu-tools-for-stm32.10.3-2021.10.win32_1.0.200.202301161003/tools/bin/../lib/gcc/arm-none-eabi/10.3.1/thumb/v8-m.main+fp/hard/crtbegin.o
 *(.init)
 .init          0x000000000c007b94        0x4 c:/st/stm32cubeide_1.12.1/stm32cubeide/plugins/com.st.stm32cube.ide.mcu.externaltools.gnu-tools-for-stm32.10.3-2021.10.win32_1.0.200.202301161003/tools/bin/../lib/gcc/arm-none-eabi/10.3.1/thumb/v8-m.main+fp/hard/crti.o
                0x000000000c007b94                _init
 .init          0x000000000c007b98        0x8 c:/st/stm32cubeide_1.12.1/stm32cubeide/plugins/com.st.stm32cube.ide.mcu.externaltools.gnu-tools-for-stm32.10.3-2021.10.win32_1.0.200.202301161003/tools/bin/../lib/gcc/arm-none-eabi/10.3.1/thumb/v8-m.main+fp/hard/crtn.o
 *(.fini)
 .fini          0x000000000c007ba0        0x4 c:/st/stm32cubeide_1.12.1/stm32cubeide/plugins/com.st.stm32cube.ide.mcu.externaltools.gnu-tools-for-stm32.10.3-2021.10.win32_1.0.200.202301161003/tools/bin/../lib/gcc/arm-none-eabi/10.3.1/thumb/v8-m.main+fp/hard/crti.o
                0x000000000c007ba0                _fini
 .fini          0x000000000c007ba4        0x8 c:/st/stm32cubeide_1.12.1/stm32cubeide/plugins/com.st.stm32cube.ide.mcu.externaltools.gnu-tools-for-stm32.10.3-2021.10.win32_1.0.200.202301161003/tools/bin/../lib/gcc/arm-none-eabi/10.3.1/thumb/v8-m.main+fp/hard/crtn.o
                0x000000000c007bac                . = ALIGN (0x4)
                0x000000000c007bac                _etext = .

.vfp11_veneer   0x000000000c007bac        0x0
 .vfp11_veneer  0x000000000c007bac        0x0 linker stubs

.v4_bx          0x000000000c007bac        0x0
 .v4_bx         0x000000000c007bac        0x0 linker stubs

.iplt           0x000000000c007bac        0x0
 .iplt          0x000000000c007bac        0x0 c:/st/stm32cubeide_1.12.1/stm32cubeide/plugins/com.st.stm32cube.ide.mcu.externaltools.gnu-tools-for-stm32.10.3-2021.10.win32_1.0.200.202301161003/tools/bin/../lib/gcc/arm-none-eabi/10.3.1/thumb/v8-m.main+fp/hard/crtbegin.o

.rodata         0x000000000c007bac      0x55c
                0x000000000c007bac                . = ALIGN (0x4)
 *(.rodata)
 .rodata        0x000000000c007bac      0x204 ./Core/Src/main.o
 .rodata        0x000000000c007db0      0x23f ./Core/Src/secure_nsc.o
 *(.rodata*)
 *fill*         0x000000000c007fef        0x1 
 .rodata.AHBPrescTable
                0x000000000c007ff0       0x10 ./Core/Src/system_stm32l5xx_s.o
                0x000000000c007ff0                AHBPrescTable
 .rodata.APBPrescTable
                0x000000000c008000        0x8 ./Core/Src/system_stm32l5xx_s.o
                0x000000000c008000                APBPrescTable
 .rodata.MSIRangeTable
                0x000000000c008008       0x40 ./Core/Src/system_stm32l5xx_s.o
                0x000000000c008008                MSIRangeTable
 .rodata.UARTPrescTable
                0x000000000c008048       0x18 ./Drivers/STM32L5xx_HAL_Driver/stm32l5xx_hal_uart.o
                0x000000000c008048                UARTPrescTable
 .rodata.numerator.1
                0x000000000c008060        0x8 ./Drivers/STM32L5xx_HAL_Driver/stm32l5xx_hal_uart_ex.o
 .rodata.denominator.0
                0x000000000c008068        0x8 ./Drivers/STM32L5xx_HAL_Driver/stm32l5xx_hal_uart_ex.o
 .rodata._global_impure_ptr
                0x000000000c008070        0x4 c:/st/stm32cubeide_1.12.1/stm32cubeide/plugins/com.st.stm32cube.ide.mcu.externaltools.gnu-tools-for-stm32.10.3-2021.10.win32_1.0.200.202301161003/tools/bin/../lib/gcc/arm-none-eabi/10.3.1/../../../../arm-none-eabi/lib/thumb/v8-m.main+fp/hard\libc_nano.a(lib_a-impure.o)
                0x000000000c008070                _global_impure_ptr
 .rodata.__sf_fake_stderr
                0x000000000c008074       0x20 c:/st/stm32cubeide_1.12.1/stm32cubeide/plugins/com.st.stm32cube.ide.mcu.externaltools.gnu-tools-for-stm32.10.3-2021.10.win32_1.0.200.202301161003/tools/bin/../lib/gcc/arm-none-eabi/10.3.1/../../../../arm-none-eabi/lib/thumb/v8-m.main+fp/hard\libc_nano.a(lib_a-findfp.o)
                0x000000000c008074                __sf_fake_stderr
 .rodata.__sf_fake_stdin
                0x000000000c008094       0x20 c:/st/stm32cubeide_1.12.1/stm32cubeide/plugins/com.st.stm32cube.ide.mcu.externaltools.gnu-tools-for-stm32.10.3-2021.10.win32_1.0.200.202301161003/tools/bin/../lib/gcc/arm-none-eabi/10.3.1/../../../../arm-none-eabi/lib/thumb/v8-m.main+fp/hard\libc_nano.a(lib_a-findfp.o)
                0x000000000c008094                __sf_fake_stdin
 .rodata.__sf_fake_stdout
                0x000000000c0080b4       0x20 c:/st/stm32cubeide_1.12.1/stm32cubeide/plugins/com.st.stm32cube.ide.mcu.externaltools.gnu-tools-for-stm32.10.3-2021.10.win32_1.0.200.202301161003/tools/bin/../lib/gcc/arm-none-eabi/10.3.1/../../../../arm-none-eabi/lib/thumb/v8-m.main+fp/hard\libc_nano.a(lib_a-findfp.o)
                0x000000000c0080b4                __sf_fake_stdout
 .rodata._svfprintf_r.str1.1
                0x000000000c0080d4       0x11 c:/st/stm32cubeide_1.12.1/stm32cubeide/plugins/com.st.stm32cube.ide.mcu.externaltools.gnu-tools-for-stm32.10.3-2021.10.win32_1.0.200.202301161003/tools/bin/../lib/gcc/arm-none-eabi/10.3.1/../../../../arm-none-eabi/lib/thumb/v8-m.main+fp/hard\libc_nano.a(lib_a-nano-svfprintf.o)
 .rodata._vfprintf_r.str1.1
                0x000000000c0080e5       0x11 c:/st/stm32cubeide_1.12.1/stm32cubeide/plugins/com.st.stm32cube.ide.mcu.externaltools.gnu-tools-for-stm32.10.3-2021.10.win32_1.0.200.202301161003/tools/bin/../lib/gcc/arm-none-eabi/10.3.1/../../../../arm-none-eabi/lib/thumb/v8-m.main+fp/hard\libc_nano.a(lib_a-nano-vfprintf.o)
 .rodata._printf_i.str1.1
                0x000000000c0080e5       0x22 c:/st/stm32cubeide_1.12.1/stm32cubeide/plugins/com.st.stm32cube.ide.mcu.externaltools.gnu-tools-for-stm32.10.3-2021.10.win32_1.0.200.202301161003/tools/bin/../lib/gcc/arm-none-eabi/10.3.1/../../../../arm-none-eabi/lib/thumb/v8-m.main+fp/hard\libc_nano.a(lib_a-nano-vfprintf_i.o)
                0x000000000c008108                . = ALIGN (0x4)
 *fill*         0x000000000c008107        0x1 

.ARM.extab      0x000000000c008108        0x0
                0x000000000c008108                . = ALIGN (0x4)
 *(.ARM.extab* .gnu.linkonce.armextab.*)
                0x000000000c008108                . = ALIGN (0x4)

.ARM            0x000000000c008108        0x8
                0x000000000c008108                . = ALIGN (0x4)
                0x000000000c008108                __exidx_start = .
 *(.ARM.exidx*)
 .ARM.exidx     0x000000000c008108        0x8 c:/st/stm32cubeide_1.12.1/stm32cubeide/plugins/com.st.stm32cube.ide.mcu.externaltools.gnu-tools-for-stm32.10.3-2021.10.win32_1.0.200.202301161003/tools/bin/../lib/gcc/arm-none-eabi/10.3.1/thumb/v8-m.main+fp/hard\libgcc.a(_udivmoddi4.o)
                0x000000000c008110                __exidx_end = .
                0x000000000c008110                . = ALIGN (0x4)

.rel.dyn        0x000000000c008110        0x0
 .rel.iplt      0x000000000c008110        0x0 c:/st/stm32cubeide_1.12.1/stm32cubeide/plugins/com.st.stm32cube.ide.mcu.externaltools.gnu-tools-for-stm32.10.3-2021.10.win32_1.0.200.202301161003/tools/bin/../lib/gcc/arm-none-eabi/10.3.1/thumb/v8-m.main+fp/hard/crtbegin.o

.preinit_array  0x000000000c008110        0x0
                0x000000000c008110                . = ALIGN (0x4)
                0x000000000c008110                PROVIDE (__preinit_array_start = .)
 *(.preinit_array*)
                0x000000000c008110                PROVIDE (__preinit_array_end = .)
                0x000000000c008110                . = ALIGN (0x4)

.init_array     0x000000000c008110        0x4
                0x000000000c008110                . = ALIGN (0x4)
                0x000000000c008110                PROVIDE (__init_array_start = .)
 *(SORT_BY_NAME(.init_array.*))
 *(.init_array*)
 .init_array    0x000000000c008110        0x4 c:/st/stm32cubeide_1.12.1/stm32cubeide/plugins/com.st.stm32cube.ide.mcu.externaltools.gnu-tools-for-stm32.10.3-2021.10.win32_1.0.200.202301161003/tools/bin/../lib/gcc/arm-none-eabi/10.3.1/thumb/v8-m.main+fp/hard/crtbegin.o
                0x000000000c008114                PROVIDE (__init_array_end = .)
                0x000000000c008114                . = ALIGN (0x4)

.fini_array     0x000000000c008114        0x4
                0x000000000c008114                . = ALIGN (0x4)
                [!provide]                        PROVIDE (__fini_array_start = .)
 *(SORT_BY_NAME(.fini_array.*))
 *(.fini_array*)
 .fini_array    0x000000000c008114        0x4 c:/st/stm32cubeide_1.12.1/stm32cubeide/plugins/com.st.stm32cube.ide.mcu.externaltools.gnu-tools-for-stm32.10.3-2021.10.win32_1.0.200.202301161003/tools/bin/../lib/gcc/arm-none-eabi/10.3.1/thumb/v8-m.main+fp/hard/crtbegin.o
                [!provide]                        PROVIDE (__fini_array_end = .)
                0x000000000c008118                . = ALIGN (0x4)
                0x000000000c008118                _sidata = LOADADDR (.data)

.data           0x0000000030000000      0x130 load address 0x000000000c008118
                0x0000000030000000                . = ALIGN (0x4)
                0x0000000030000000                _sdata = .
 *(.data)
 *(.data*)
 .data.END_TRANSMISSION_SIG
                0x0000000030000000       0x13 ./Core/Src/main.o
                0x0000000030000000                END_TRANSMISSION_SIG
 *fill*         0x0000000030000013        0x1 
 .data.START_TRANSMISSION_SIG
                0x0000000030000014       0x15 ./Core/Src/main.o
                0x0000000030000014                START_TRANSMISSION_SIG
 *fill*         0x0000000030000029        0x3 
 .data.START_SIZE_SIG
                0x000000003000002c        0xd ./Core/Src/main.o
                0x000000003000002c                START_SIZE_SIG
 *fill*         0x0000000030000039        0x3 
 .data.END_SIZE_SIG
                0x000000003000003c        0xb ./Core/Src/main.o
                0x000000003000003c                END_SIZE_SIG
 *fill*         0x0000000030000047        0x1 
 .data.START_BLOCK_NUMS_SIG
                0x0000000030000048       0x13 ./Core/Src/main.o
                0x0000000030000048                START_BLOCK_NUMS_SIG
 *fill*         0x000000003000005b        0x1 
 .data.END_BLOCK_NUMS_SIG
                0x000000003000005c       0x11 ./Core/Src/main.o
                0x000000003000005c                END_BLOCK_NUMS_SIG
 *fill*         0x000000003000006d        0x3 
 .data.START_BLOCK_LIST_SIZE_SIG
                0x0000000030000070       0x18 ./Core/Src/main.o
                0x0000000030000070                START_BLOCK_LIST_SIZE_SIG
 .data.END_BLOCK_LIST_SIZE_SIG
                0x0000000030000088       0x16 ./Core/Src/main.o
                0x0000000030000088                END_BLOCK_LIST_SIZE_SIG
 *fill*         0x000000003000009e        0x2 
 .data.START_SIZE_SIG_SIZE
                0x00000000300000a0        0x4 ./Core/Src/main.o
                0x00000000300000a0                START_SIZE_SIG_SIZE
 .data.END_SIZE_SIG_SIZE
                0x00000000300000a4        0x4 ./Core/Src/main.o
                0x00000000300000a4                END_SIZE_SIG_SIZE
 .data.START_TRANS_SIZE
                0x00000000300000a8        0x4 ./Core/Src/main.o
                0x00000000300000a8                START_TRANS_SIZE
 .data.END_TRANS_SIZE
                0x00000000300000ac        0x4 ./Core/Src/main.o
                0x00000000300000ac                END_TRANS_SIZE
 .data.START_BLOCK_NUMS_SIZE
                0x00000000300000b0        0x4 ./Core/Src/main.o
                0x00000000300000b0                START_BLOCK_NUMS_SIZE
 .data.END_BLOCK_NUMS_SIZE
                0x00000000300000b4        0x4 ./Core/Src/main.o
                0x00000000300000b4                END_BLOCK_NUMS_SIZE
 .data.START_BLOCK_LIST_SIZE
                0x00000000300000b8        0x4 ./Core/Src/main.o
                0x00000000300000b8                START_BLOCK_LIST_SIZE
 .data.END_BLOCK_LIST_SIZE
                0x00000000300000bc        0x4 ./Core/Src/main.o
                0x00000000300000bc                END_BLOCK_LIST_SIZE
 .data.SystemCoreClock
                0x00000000300000c0        0x4 ./Core/Src/system_stm32l5xx_s.o
                0x00000000300000c0                SystemCoreClock
 .data.uwTickPrio
                0x00000000300000c4        0x4 ./Drivers/STM32L5xx_HAL_Driver/stm32l5xx_hal.o
                0x00000000300000c4                uwTickPrio
 .data.uwTickFreq
                0x00000000300000c8        0x1 ./Drivers/STM32L5xx_HAL_Driver/stm32l5xx_hal.o
                0x00000000300000c8                uwTickFreq
 *fill*         0x00000000300000c9        0x3 
 .data._impure_ptr
                0x00000000300000cc        0x4 c:/st/stm32cubeide_1.12.1/stm32cubeide/plugins/com.st.stm32cube.ide.mcu.externaltools.gnu-tools-for-stm32.10.3-2021.10.win32_1.0.200.202301161003/tools/bin/../lib/gcc/arm-none-eabi/10.3.1/../../../../arm-none-eabi/lib/thumb/v8-m.main+fp/hard\libc_nano.a(lib_a-impure.o)
                0x00000000300000cc                _impure_ptr
 .data.impure_data
                0x00000000300000d0       0x60 c:/st/stm32cubeide_1.12.1/stm32cubeide/plugins/com.st.stm32cube.ide.mcu.externaltools.gnu-tools-for-stm32.10.3-2021.10.win32_1.0.200.202301161003/tools/bin/../lib/gcc/arm-none-eabi/10.3.1/../../../../arm-none-eabi/lib/thumb/v8-m.main+fp/hard\libc_nano.a(lib_a-impure.o)
 *(.RamFunc)
 *(.RamFunc*)
                0x0000000030000130                . = ALIGN (0x4)
                0x0000000030000130                _edata = .

.igot.plt       0x0000000030000130        0x0 load address 0x000000000c008248
 .igot.plt      0x0000000030000130        0x0 c:/st/stm32cubeide_1.12.1/stm32cubeide/plugins/com.st.stm32cube.ide.mcu.externaltools.gnu-tools-for-stm32.10.3-2021.10.win32_1.0.200.202301161003/tools/bin/../lib/gcc/arm-none-eabi/10.3.1/thumb/v8-m.main+fp/hard/crtbegin.o

.gnu.sgstubs    0x000000000c03e000       0x40
                0x000000000c03e000                . = ALIGN (0x4)
 *(.gnu.sgstubs*)
                0x000000000c03e000                . = ALIGN (0x4)
 .gnu.sgstubs.__stub
                0x000000000c03e000       0x28 linker stubs
                0x000000000c03e000                SECURE_print_Num
                0x000000000c03e008                SECURE_SystemCoreClockUpdate
                0x000000000c03e010                SECURE_RegisterCallback
                0x000000000c03e018                SECURE_Send_Mem
                0x000000000c03e020                SECURE_print_Log
                0x000000000c03e028                . = ALIGN (0x4)

.bss            0x0000000030000130     0x1740
                0x0000000030000130                _sbss = .
                0x0000000030000130                __bss_start__ = _sbss
 *(.bss)
 .bss           0x0000000030000130       0x1c c:/st/stm32cubeide_1.12.1/stm32cubeide/plugins/com.st.stm32cube.ide.mcu.externaltools.gnu-tools-for-stm32.10.3-2021.10.win32_1.0.200.202301161003/tools/bin/../lib/gcc/arm-none-eabi/10.3.1/thumb/v8-m.main+fp/hard/crtbegin.o
 *(.bss*)
 .bss.hhash     0x000000003000014c       0x44 ./Core/Src/main.o
                0x000000003000014c                hhash
 .bss.hspi3     0x0000000030000190       0x64 ./Core/Src/main.o
                0x0000000030000190                hspi3
 .bss.hdma_spi3_rx
                0x00000000300001f4       0x68 ./Core/Src/main.o
                0x00000000300001f4                hdma_spi3_rx
 .bss.hdma_spi3_tx
                0x000000003000025c       0x68 ./Core/Src/main.o
                0x000000003000025c                hdma_spi3_tx
 .bss.huart1    0x00000000300002c4       0x94 ./Core/Src/main.o
                0x00000000300002c4                huart1
 .bss.hdma_memtomem_dma1_channel1
                0x0000000030000358       0x68 ./Core/Src/main.o
                0x0000000030000358                hdma_memtomem_dma1_channel1
 .bss.hdma_memtomem_dma1_channel4
                0x00000000300003c0       0x68 ./Core/Src/main.o
                0x00000000300003c0                hdma_memtomem_dma1_channel4
 .bss.wTransferState
                0x0000000030000428        0x4 ./Core/Src/main.o
                0x0000000030000428                wTransferState
 .bss.NonsecureToSecureTransferCompleteDetected
                0x000000003000042c        0x4 ./Core/Src/main.o
                0x000000003000042c                NonsecureToSecureTransferCompleteDetected
 .bss.NonsecureToSecureTransferErrorDetected
                0x0000000030000430        0x4 ./Core/Src/main.o
                0x0000000030000430                NonsecureToSecureTransferErrorDetected
 .bss.SecureToSecureTransferErrorDetected
                0x0000000030000434        0x4 ./Core/Src/main.o
 .bss.SecureToSecureTransferCompleteDetected
                0x0000000030000438        0x4 ./Core/Src/main.o
 .bss.SEC_Mem_Buffer
                0x000000003000043c      0x400 ./Core/Src/main.o
                0x000000003000043c                SEC_Mem_Buffer
 .bss.SEC_Mem_Digest
                0x000000003000083c       0x10 ./Core/Src/main.o
                0x000000003000083c                SEC_Mem_Digest
 .bss.SEC_Mem_Hashes
                0x000000003000084c     0x1000 ./Core/Src/main.o
                0x000000003000084c                SEC_Mem_Hashes
 .bss.blockNum  0x000000003000184c        0x4 ./Core/Src/main.o
                0x000000003000184c                blockNum
 .bss.pSecureFaultCallback
                0x0000000030001850        0x4 ./Core/Src/secure_nsc.o
                0x0000000030001850                pSecureFaultCallback
 .bss.pSecureErrorCallback
                0x0000000030001854        0x4 ./Core/Src/secure_nsc.o
                0x0000000030001854                pSecureErrorCallback
 .bss.__sbrk_heap_end
                0x0000000030001858        0x4 ./Core/Src/sysmem.o
 .bss.uwTick    0x000000003000185c        0x4 ./Drivers/STM32L5xx_HAL_Driver/stm32l5xx_hal.o
                0x000000003000185c                uwTick
 .bss.__lock___malloc_recursive_mutex
                0x0000000030001860        0x1 c:/st/stm32cubeide_1.12.1/stm32cubeide/plugins/com.st.stm32cube.ide.mcu.externaltools.gnu-tools-for-stm32.10.3-2021.10.win32_1.0.200.202301161003/tools/bin/../lib/gcc/arm-none-eabi/10.3.1/../../../../arm-none-eabi/lib/thumb/v8-m.main+fp/hard\libc_nano.a(lib_a-lock.o)
                0x0000000030001860                __lock___malloc_recursive_mutex
 .bss.__lock___sfp_recursive_mutex
                0x0000000030001861        0x1 c:/st/stm32cubeide_1.12.1/stm32cubeide/plugins/com.st.stm32cube.ide.mcu.externaltools.gnu-tools-for-stm32.10.3-2021.10.win32_1.0.200.202301161003/tools/bin/../lib/gcc/arm-none-eabi/10.3.1/../../../../arm-none-eabi/lib/thumb/v8-m.main+fp/hard\libc_nano.a(lib_a-lock.o)
                0x0000000030001861                __lock___sfp_recursive_mutex
 .bss.__lock___sinit_recursive_mutex
                0x0000000030001862        0x1 c:/st/stm32cubeide_1.12.1/stm32cubeide/plugins/com.st.stm32cube.ide.mcu.externaltools.gnu-tools-for-stm32.10.3-2021.10.win32_1.0.200.202301161003/tools/bin/../lib/gcc/arm-none-eabi/10.3.1/../../../../arm-none-eabi/lib/thumb/v8-m.main+fp/hard\libc_nano.a(lib_a-lock.o)
                0x0000000030001862                __lock___sinit_recursive_mutex
 *fill*         0x0000000030001863        0x1 
 .bss.__malloc_free_list
                0x0000000030001864        0x4 c:/st/stm32cubeide_1.12.1/stm32cubeide/plugins/com.st.stm32cube.ide.mcu.externaltools.gnu-tools-for-stm32.10.3-2021.10.win32_1.0.200.202301161003/tools/bin/../lib/gcc/arm-none-eabi/10.3.1/../../../../arm-none-eabi/lib/thumb/v8-m.main+fp/hard\libc_nano.a(lib_a-nano-mallocr.o)
                0x0000000030001864                __malloc_free_list
 .bss.__malloc_sbrk_start
                0x0000000030001868        0x4 c:/st/stm32cubeide_1.12.1/stm32cubeide/plugins/com.st.stm32cube.ide.mcu.externaltools.gnu-tools-for-stm32.10.3-2021.10.win32_1.0.200.202301161003/tools/bin/../lib/gcc/arm-none-eabi/10.3.1/../../../../arm-none-eabi/lib/thumb/v8-m.main+fp/hard\libc_nano.a(lib_a-nano-mallocr.o)
                0x0000000030001868                __malloc_sbrk_start
 .bss.errno     0x000000003000186c        0x4 c:/st/stm32cubeide_1.12.1/stm32cubeide/plugins/com.st.stm32cube.ide.mcu.externaltools.gnu-tools-for-stm32.10.3-2021.10.win32_1.0.200.202301161003/tools/bin/../lib/gcc/arm-none-eabi/10.3.1/../../../../arm-none-eabi/lib/thumb/v8-m.main+fp/hard\libc_nano.a(lib_a-reent.o)
                0x000000003000186c                errno
 *(COMMON)
                0x0000000030001870                . = ALIGN (0x4)
                0x0000000030001870                _ebss = .
                0x0000000030001870                __bss_end__ = _ebss

._user_heap_stack
                0x0000000030001870      0x600
                0x0000000030001870                . = ALIGN (0x8)
                [!provide]                        PROVIDE (end = .)
                0x0000000030001870                PROVIDE (_end = .)
                0x0000000030001a70                . = (. + _Min_Heap_Size)
 *fill*         0x0000000030001870      0x200 
                0x0000000030001e70                . = (. + _Min_Stack_Size)
 *fill*         0x0000000030001a70      0x400 
                0x0000000030001e70                . = ALIGN (0x8)

/DISCARD/
 libc.a(*)
 libm.a(*)
 libgcc.a(*)

.ARM.attributes
                0x0000000000000000       0x36
 *(.ARM.attributes)
 .ARM.attributes
                0x0000000000000000       0x22 c:/st/stm32cubeide_1.12.1/stm32cubeide/plugins/com.st.stm32cube.ide.mcu.externaltools.gnu-tools-for-stm32.10.3-2021.10.win32_1.0.200.202301161003/tools/bin/../lib/gcc/arm-none-eabi/10.3.1/thumb/v8-m.main+fp/hard/crti.o
 .ARM.attributes
                0x0000000000000022       0x38 c:/st/stm32cubeide_1.12.1/stm32cubeide/plugins/com.st.stm32cube.ide.mcu.externaltools.gnu-tools-for-stm32.10.3-2021.10.win32_1.0.200.202301161003/tools/bin/../lib/gcc/arm-none-eabi/10.3.1/thumb/v8-m.main+fp/hard/crtbegin.o
 .ARM.attributes
                0x000000000000005a       0x3a ./Core/Src/main.o
 .ARM.attributes
                0x0000000000000094       0x3a ./Core/Src/stm32l5xx_hal_msp.o
 .ARM.attributes
                0x00000000000000ce       0x3a ./Core/Src/stm32l5xx_it.o
 .ARM.attributes
                0x0000000000000108       0x3a ./Core/Src/syscalls.o
 .ARM.attributes
                0x0000000000000142       0x3a ./Core/Src/sysmem.o
 .ARM.attributes
                0x000000000000017c       0x3a ./Core/Src/system_stm32l5xx_s.o
 .ARM.attributes
                0x00000000000001b6       0x24 ./Core/Startup/startup_stm32l562qeixq.o
 .ARM.attributes
                0x00000000000001da       0x3a ./Drivers/STM32L5xx_HAL_Driver/stm32l5xx_hal.o
 .ARM.attributes
                0x0000000000000214       0x3a ./Drivers/STM32L5xx_HAL_Driver/stm32l5xx_hal_cortex.o
 .ARM.attributes
                0x000000000000024e       0x3a ./Drivers/STM32L5xx_HAL_Driver/stm32l5xx_hal_dma.o
 .ARM.attributes
                0x0000000000000288       0x3a ./Drivers/STM32L5xx_HAL_Driver/stm32l5xx_hal_gpio.o
 .ARM.attributes
                0x00000000000002c2       0x3a ./Drivers/STM32L5xx_HAL_Driver/stm32l5xx_hal_gtzc.o
 .ARM.attributes
                0x00000000000002fc       0x3a ./Drivers/STM32L5xx_HAL_Driver/stm32l5xx_hal_hash.o
 .ARM.attributes
                0x0000000000000336       0x3a ./Drivers/STM32L5xx_HAL_Driver/stm32l5xx_hal_icache.o
 .ARM.attributes
                0x0000000000000370       0x3a ./Drivers/STM32L5xx_HAL_Driver/stm32l5xx_hal_pwr_ex.o
 .ARM.attributes
                0x00000000000003aa       0x3a ./Drivers/STM32L5xx_HAL_Driver/stm32l5xx_hal_rcc.o
 .ARM.attributes
                0x00000000000003e4       0x3a ./Drivers/STM32L5xx_HAL_Driver/stm32l5xx_hal_rcc_ex.o
 .ARM.attributes
                0x000000000000041e       0x3a ./Drivers/STM32L5xx_HAL_Driver/stm32l5xx_hal_spi.o
 .ARM.attributes
                0x0000000000000458       0x3a ./Drivers/STM32L5xx_HAL_Driver/stm32l5xx_hal_uart.o
 .ARM.attributes
                0x0000000000000492       0x3a ./Drivers/STM32L5xx_HAL_Driver/stm32l5xx_hal_uart_ex.o
 .ARM.attributes
                0x00000000000004cc       0x38 c:/st/stm32cubeide_1.12.1/stm32cubeide/plugins/com.st.stm32cube.ide.mcu.externaltools.gnu-tools-for-stm32.10.3-2021.10.win32_1.0.200.202301161003/tools/bin/../lib/gcc/arm-none-eabi/10.3.1/../../../../arm-none-eabi/lib/thumb/v8-m.main+fp/hard\libc_nano.a(lib_a-errno.o)
 .ARM.attributes
                0x0000000000000504       0x38 c:/st/stm32cubeide_1.12.1/stm32cubeide/plugins/com.st.stm32cube.ide.mcu.externaltools.gnu-tools-for-stm32.10.3-2021.10.win32_1.0.200.202301161003/tools/bin/../lib/gcc/arm-none-eabi/10.3.1/../../../../arm-none-eabi/lib/thumb/v8-m.main+fp/hard\libc_nano.a(lib_a-impure.o)
 .ARM.attributes
                0x000000000000053c       0x38 c:/st/stm32cubeide_1.12.1/stm32cubeide/plugins/com.st.stm32cube.ide.mcu.externaltools.gnu-tools-for-stm32.10.3-2021.10.win32_1.0.200.202301161003/tools/bin/../lib/gcc/arm-none-eabi/10.3.1/../../../../arm-none-eabi/lib/thumb/v8-m.main+fp/hard\libc_nano.a(lib_a-init.o)
 .ARM.attributes
                0x0000000000000574       0x38 c:/st/stm32cubeide_1.12.1/stm32cubeide/plugins/com.st.stm32cube.ide.mcu.externaltools.gnu-tools-for-stm32.10.3-2021.10.win32_1.0.200.202301161003/tools/bin/../lib/gcc/arm-none-eabi/10.3.1/../../../../arm-none-eabi/lib/thumb/v8-m.main+fp/hard\libc_nano.a(lib_a-memset.o)
 .ARM.attributes
                0x00000000000005ac       0x38 c:/st/stm32cubeide_1.12.1/stm32cubeide/plugins/com.st.stm32cube.ide.mcu.externaltools.gnu-tools-for-stm32.10.3-2021.10.win32_1.0.200.202301161003/tools/bin/../lib/gcc/arm-none-eabi/10.3.1/../../../../arm-none-eabi/lib/thumb/v8-m.main+fp/hard\libc_nano.a(lib_a-printf.o)
 .ARM.attributes
                0x00000000000005e4       0x38 c:/st/stm32cubeide_1.12.1/stm32cubeide/plugins/com.st.stm32cube.ide.mcu.externaltools.gnu-tools-for-stm32.10.3-2021.10.win32_1.0.200.202301161003/tools/bin/../lib/gcc/arm-none-eabi/10.3.1/../../../../arm-none-eabi/lib/thumb/v8-m.main+fp/hard\libc_nano.a(lib_a-findfp.o)
 .ARM.attributes
                0x000000000000061c       0x38 c:/st/stm32cubeide_1.12.1/stm32cubeide/plugins/com.st.stm32cube.ide.mcu.externaltools.gnu-tools-for-stm32.10.3-2021.10.win32_1.0.200.202301161003/tools/bin/../lib/gcc/arm-none-eabi/10.3.1/../../../../arm-none-eabi/lib/thumb/v8-m.main+fp/hard\libc_nano.a(lib_a-fwalk.o)
 .ARM.attributes
                0x0000000000000654       0x38 c:/st/stm32cubeide_1.12.1/stm32cubeide/plugins/com.st.stm32cube.ide.mcu.externaltools.gnu-tools-for-stm32.10.3-2021.10.win32_1.0.200.202301161003/tools/bin/../lib/gcc/arm-none-eabi/10.3.1/../../../../arm-none-eabi/lib/thumb/v8-m.main+fp/hard\libc_nano.a(lib_a-lock.o)
 .ARM.attributes
                0x000000000000068c       0x38 c:/st/stm32cubeide_1.12.1/stm32cubeide/plugins/com.st.stm32cube.ide.mcu.externaltools.gnu-tools-for-stm32.10.3-2021.10.win32_1.0.200.202301161003/tools/bin/../lib/gcc/arm-none-eabi/10.3.1/../../../../arm-none-eabi/lib/thumb/v8-m.main+fp/hard\libc_nano.a(lib_a-nano-mallocr.o)
 .ARM.attributes
                0x00000000000006c4       0x38 c:/st/stm32cubeide_1.12.1/stm32cubeide/plugins/com.st.stm32cube.ide.mcu.externaltools.gnu-tools-for-stm32.10.3-2021.10.win32_1.0.200.202301161003/tools/bin/../lib/gcc/arm-none-eabi/10.3.1/../../../../arm-none-eabi/lib/thumb/v8-m.main+fp/hard\libc_nano.a(lib_a-nano-vfprintf.o)
 .ARM.attributes
                0x00000000000006fc       0x38 c:/st/stm32cubeide_1.12.1/stm32cubeide/plugins/com.st.stm32cube.ide.mcu.externaltools.gnu-tools-for-stm32.10.3-2021.10.win32_1.0.200.202301161003/tools/bin/../lib/gcc/arm-none-eabi/10.3.1/../../../../arm-none-eabi/lib/thumb/v8-m.main+fp/hard\libc_nano.a(lib_a-nano-vfprintf_i.o)
 .ARM.attributes
                0x0000000000000734       0x38 c:/st/stm32cubeide_1.12.1/stm32cubeide/plugins/com.st.stm32cube.ide.mcu.externaltools.gnu-tools-for-stm32.10.3-2021.10.win32_1.0.200.202301161003/tools/bin/../lib/gcc/arm-none-eabi/10.3.1/../../../../arm-none-eabi/lib/thumb/v8-m.main+fp/hard\libc_nano.a(lib_a-sbrkr.o)
 .ARM.attributes
                0x000000000000076c       0x38 c:/st/stm32cubeide_1.12.1/stm32cubeide/plugins/com.st.stm32cube.ide.mcu.externaltools.gnu-tools-for-stm32.10.3-2021.10.win32_1.0.200.202301161003/tools/bin/../lib/gcc/arm-none-eabi/10.3.1/../../../../arm-none-eabi/lib/thumb/v8-m.main+fp/hard\libc_nano.a(lib_a-stdio.o)
 .ARM.attributes
                0x00000000000007a4       0x38 c:/st/stm32cubeide_1.12.1/stm32cubeide/plugins/com.st.stm32cube.ide.mcu.externaltools.gnu-tools-for-stm32.10.3-2021.10.win32_1.0.200.202301161003/tools/bin/../lib/gcc/arm-none-eabi/10.3.1/../../../../arm-none-eabi/lib/thumb/v8-m.main+fp/hard\libc_nano.a(lib_a-wbuf.o)
 .ARM.attributes
                0x00000000000007dc       0x38 c:/st/stm32cubeide_1.12.1/stm32cubeide/plugins/com.st.stm32cube.ide.mcu.externaltools.gnu-tools-for-stm32.10.3-2021.10.win32_1.0.200.202301161003/tools/bin/../lib/gcc/arm-none-eabi/10.3.1/../../../../arm-none-eabi/lib/thumb/v8-m.main+fp/hard\libc_nano.a(lib_a-writer.o)
 .ARM.attributes
                0x0000000000000814       0x38 c:/st/stm32cubeide_1.12.1/stm32cubeide/plugins/com.st.stm32cube.ide.mcu.externaltools.gnu-tools-for-stm32.10.3-2021.10.win32_1.0.200.202301161003/tools/bin/../lib/gcc/arm-none-eabi/10.3.1/../../../../arm-none-eabi/lib/thumb/v8-m.main+fp/hard\libc_nano.a(lib_a-wsetup.o)
 .ARM.attributes
                0x000000000000084c       0x38 c:/st/stm32cubeide_1.12.1/stm32cubeide/plugins/com.st.stm32cube.ide.mcu.externaltools.gnu-tools-for-stm32.10.3-2021.10.win32_1.0.200.202301161003/tools/bin/../lib/gcc/arm-none-eabi/10.3.1/../../../../arm-none-eabi/lib/thumb/v8-m.main+fp/hard\libc_nano.a(lib_a-closer.o)
 .ARM.attributes
                0x0000000000000884       0x38 c:/st/stm32cubeide_1.12.1/stm32cubeide/plugins/com.st.stm32cube.ide.mcu.externaltools.gnu-tools-for-stm32.10.3-2021.10.win32_1.0.200.202301161003/tools/bin/../lib/gcc/arm-none-eabi/10.3.1/../../../../arm-none-eabi/lib/thumb/v8-m.main+fp/hard\libc_nano.a(lib_a-fflush.o)
 .ARM.attributes
                0x00000000000008bc       0x38 c:/st/stm32cubeide_1.12.1/stm32cubeide/plugins/com.st.stm32cube.ide.mcu.externaltools.gnu-tools-for-stm32.10.3-2021.10.win32_1.0.200.202301161003/tools/bin/../lib/gcc/arm-none-eabi/10.3.1/../../../../arm-none-eabi/lib/thumb/v8-m.main+fp/hard\libc_nano.a(lib_a-lseekr.o)
 .ARM.attributes
                0x00000000000008f4       0x38 c:/st/stm32cubeide_1.12.1/stm32cubeide/plugins/com.st.stm32cube.ide.mcu.externaltools.gnu-tools-for-stm32.10.3-2021.10.win32_1.0.200.202301161003/tools/bin/../lib/gcc/arm-none-eabi/10.3.1/../../../../arm-none-eabi/lib/thumb/v8-m.main+fp/hard\libc_nano.a(lib_a-makebuf.o)
 .ARM.attributes
                0x000000000000092c       0x38 c:/st/stm32cubeide_1.12.1/stm32cubeide/plugins/com.st.stm32cube.ide.mcu.externaltools.gnu-tools-for-stm32.10.3-2021.10.win32_1.0.200.202301161003/tools/bin/../lib/gcc/arm-none-eabi/10.3.1/../../../../arm-none-eabi/lib/thumb/v8-m.main+fp/hard\libc_nano.a(lib_a-memchr-stub.o)
 .ARM.attributes
                0x0000000000000964       0x38 c:/st/stm32cubeide_1.12.1/stm32cubeide/plugins/com.st.stm32cube.ide.mcu.externaltools.gnu-tools-for-stm32.10.3-2021.10.win32_1.0.200.202301161003/tools/bin/../lib/gcc/arm-none-eabi/10.3.1/../../../../arm-none-eabi/lib/thumb/v8-m.main+fp/hard\libc_nano.a(lib_a-mlock.o)
 .ARM.attributes
                0x000000000000099c       0x38 c:/st/stm32cubeide_1.12.1/stm32cubeide/plugins/com.st.stm32cube.ide.mcu.externaltools.gnu-tools-for-stm32.10.3-2021.10.win32_1.0.200.202301161003/tools/bin/../lib/gcc/arm-none-eabi/10.3.1/../../../../arm-none-eabi/lib/thumb/v8-m.main+fp/hard\libc_nano.a(lib_a-nano-freer.o)
 .ARM.attributes
                0x00000000000009d4       0x38 c:/st/stm32cubeide_1.12.1/stm32cubeide/plugins/com.st.stm32cube.ide.mcu.externaltools.gnu-tools-for-stm32.10.3-2021.10.win32_1.0.200.202301161003/tools/bin/../lib/gcc/arm-none-eabi/10.3.1/../../../../arm-none-eabi/lib/thumb/v8-m.main+fp/hard\libc_nano.a(lib_a-readr.o)
 .ARM.attributes
                0x0000000000000a0c       0x38 c:/st/stm32cubeide_1.12.1/stm32cubeide/plugins/com.st.stm32cube.ide.mcu.externaltools.gnu-tools-for-stm32.10.3-2021.10.win32_1.0.200.202301161003/tools/bin/../lib/gcc/arm-none-eabi/10.3.1/../../../../arm-none-eabi/lib/thumb/v8-m.main+fp/hard\libc_nano.a(lib_a-reent.o)
 .ARM.attributes
                0x0000000000000a44       0x38 c:/st/stm32cubeide_1.12.1/stm32cubeide/plugins/com.st.stm32cube.ide.mcu.externaltools.gnu-tools-for-stm32.10.3-2021.10.win32_1.0.200.202301161003/tools/bin/../lib/gcc/arm-none-eabi/10.3.1/../../../../arm-none-eabi/lib/thumb/v8-m.main+fp/hard\libc_nano.a(lib_a-fstatr.o)
 .ARM.attributes
                0x0000000000000a7c       0x38 c:/st/stm32cubeide_1.12.1/stm32cubeide/plugins/com.st.stm32cube.ide.mcu.externaltools.gnu-tools-for-stm32.10.3-2021.10.win32_1.0.200.202301161003/tools/bin/../lib/gcc/arm-none-eabi/10.3.1/../../../../arm-none-eabi/lib/thumb/v8-m.main+fp/hard\libc_nano.a(lib_a-isattyr.o)
 .ARM.attributes
                0x0000000000000ab4       0x24 c:/st/stm32cubeide_1.12.1/stm32cubeide/plugins/com.st.stm32cube.ide.mcu.externaltools.gnu-tools-for-stm32.10.3-2021.10.win32_1.0.200.202301161003/tools/bin/../lib/gcc/arm-none-eabi/10.3.1/thumb/v8-m.main+fp/hard\libgcc.a(cmse_nonsecure_call.o)
 .ARM.attributes
                0x0000000000000ad8       0x22 c:/st/stm32cubeide_1.12.1/stm32cubeide/plugins/com.st.stm32cube.ide.mcu.externaltools.gnu-tools-for-stm32.10.3-2021.10.win32_1.0.200.202301161003/tools/bin/../lib/gcc/arm-none-eabi/10.3.1/thumb/v8-m.main+fp/hard\libgcc.a(_aeabi_uldivmod.o)
 .ARM.attributes
                0x0000000000000afa       0x38 c:/st/stm32cubeide_1.12.1/stm32cubeide/plugins/com.st.stm32cube.ide.mcu.externaltools.gnu-tools-for-stm32.10.3-2021.10.win32_1.0.200.202301161003/tools/bin/../lib/gcc/arm-none-eabi/10.3.1/thumb/v8-m.main+fp/hard\libgcc.a(_udivmoddi4.o)
 .ARM.attributes
                0x0000000000000b32       0x22 c:/st/stm32cubeide_1.12.1/stm32cubeide/plugins/com.st.stm32cube.ide.mcu.externaltools.gnu-tools-for-stm32.10.3-2021.10.win32_1.0.200.202301161003/tools/bin/../lib/gcc/arm-none-eabi/10.3.1/thumb/v8-m.main+fp/hard\libgcc.a(_dvmd_tls.o)
 .ARM.attributes
                0x0000000000000b54       0x22 c:/st/stm32cubeide_1.12.1/stm32cubeide/plugins/com.st.stm32cube.ide.mcu.externaltools.gnu-tools-for-stm32.10.3-2021.10.win32_1.0.200.202301161003/tools/bin/../lib/gcc/arm-none-eabi/10.3.1/thumb/v8-m.main+fp/hard/crtn.o
OUTPUT(Nonblocking_Memory_Forensics_Secure.elf elf32-littlearm)
LOAD linker stubs
LOAD c:/st/stm32cubeide_1.12.1/stm32cubeide/plugins/com.st.stm32cube.ide.mcu.externaltools.gnu-tools-for-stm32.10.3-2021.10.win32_1.0.200.202301161003/tools/bin/../lib/gcc/arm-none-eabi/10.3.1/../../../../arm-none-eabi/lib/thumb/v8-m.main+fp/hard\libc.a
LOAD c:/st/stm32cubeide_1.12.1/stm32cubeide/plugins/com.st.stm32cube.ide.mcu.externaltools.gnu-tools-for-stm32.10.3-2021.10.win32_1.0.200.202301161003/tools/bin/../lib/gcc/arm-none-eabi/10.3.1/../../../../arm-none-eabi/lib/thumb/v8-m.main+fp/hard\libm.a
LOAD c:/st/stm32cubeide_1.12.1/stm32cubeide/plugins/com.st.stm32cube.ide.mcu.externaltools.gnu-tools-for-stm32.10.3-2021.10.win32_1.0.200.202301161003/tools/bin/../lib/gcc/arm-none-eabi/10.3.1/thumb/v8-m.main+fp/hard\libgcc.a

.debug_info     0x0000000000000000    0x16938
 .debug_info    0x0000000000000000     0x2837 ./Core/Src/main.o
 .debug_info    0x0000000000002837      0xd40 ./Core/Src/secure_nsc.o
 .debug_info    0x0000000000003577     0x1632 ./Core/Src/stm32l5xx_hal_msp.o
 .debug_info    0x0000000000004ba9      0x568 ./Core/Src/stm32l5xx_it.o
 .debug_info    0x0000000000005111      0x6e0 ./Core/Src/syscalls.o
 .debug_info    0x00000000000057f1      0x171 ./Core/Src/sysmem.o
 .debug_info    0x0000000000005962      0xa4e ./Core/Src/system_stm32l5xx_s.o
 .debug_info    0x00000000000063b0       0x22 ./Core/Startup/startup_stm32l562qeixq.o
 .debug_info    0x00000000000063d2      0xdd9 ./Drivers/STM32L5xx_HAL_Driver/stm32l5xx_hal.o
 .debug_info    0x00000000000071ab     0x124c ./Drivers/STM32L5xx_HAL_Driver/stm32l5xx_hal_cortex.o