Archive member included to satisfy reference by file (symbol)

c:/st/stm32cubeide_1.12.1/stm32cubeide/plugins/com.st.stm32cube.ide.mcu.externaltools.gnu-tools-for-stm32.10.3-2021.10.win32_1.0.200.202301161003/tools/bin/../lib/gcc/arm-none-eabi/10.3.1/../../../../arm-none-eabi/lib/thumb/v8-m.main+fp/hard\libc_nano.a(lib_a-errno.o)
                              ./Core/Src/syscalls.o (__errno)
c:/st/stm32cubeide_1.12.1/stm32cubeide/plugins/com.st.stm32cube.ide.mcu.externaltools.gnu-tools-for-stm32.10.3-2021.10.win32_1.0.200.202301161003/tools/bin/../lib/gcc/arm-none-eabi/10.3.1/../../../../arm-none-eabi/lib/thumb/v8-m.main+fp/hard\libc_nano.a(lib_a-exit.o)
                              c:/st/stm32cubeide_1.12.1/stm32cubeide/plugins/com.st.stm32cube.ide.mcu.externaltools.gnu-tools-for-stm32.10.3-2021.10.win32_1.0.200.202301161003/tools/bin/../lib/gcc/arm-none-eabi/10.3.1/../../../../arm-none-eabi/lib/thumb/v8-m.main+fp/hard/crt0.o (exit)
c:/st/stm32cubeide_1.12.1/stm32cubeide/plugins/com.st.stm32cube.ide.mcu.externaltools.gnu-tools-for-stm32.10.3-2021.10.win32_1.0.200.202301161003/tools/bin/../lib/gcc/arm-none-eabi/10.3.1/../../../../arm-none-eabi/lib/thumb/v8-m.main+fp/hard\libc_nano.a(lib_a-impure.o)
                              c:/st/stm32cubeide_1.12.1/stm32cubeide/plugins/com.st.stm32cube.ide.mcu.externaltools.gnu-tools-for-stm32.10.3-2021.10.win32_1.0.200.202301161003/tools/bin/../lib/gcc/arm-none-eabi/10.3.1/../../../../arm-none-eabi/lib/thumb/v8-m.main+fp/hard\libc_nano.a(lib_a-exit.o) (_global_impure_ptr)
c:/st/stm32cubeide_1.12.1/stm32cubeide/plugins/com.st.stm32cube.ide.mcu.externaltools.gnu-tools-for-stm32.10.3-2021.10.win32_1.0.200.202301161003/tools/bin/../lib/gcc/arm-none-eabi/10.3.1/../../../../arm-none-eabi/lib/thumb/v8-m.main+fp/hard\libc_nano.a(lib_a-init.o)
                              c:/st/stm32cubeide_1.12.1/stm32cubeide/plugins/com.st.stm32cube.ide.mcu.externaltools.gnu-tools-for-stm32.10.3-2021.10.win32_1.0.200.202301161003/tools/bin/../lib/gcc/arm-none-eabi/10.3.1/../../../../arm-none-eabi/lib/thumb/v8-m.main+fp/hard/crt0.o (__libc_init_array)
c:/st/stm32cubeide_1.12.1/stm32cubeide/plugins/com.st.stm32cube.ide.mcu.externaltools.gnu-tools-for-stm32.10.3-2021.10.win32_1.0.200.202301161003/tools/bin/../lib/gcc/arm-none-eabi/10.3.1/../../../../arm-none-eabi/lib/thumb/v8-m.main+fp/hard\libc_nano.a(lib_a-memcpy-stub.o)
                              ./Core/Src/main.o (memcpy)
c:/st/stm32cubeide_1.12.1/stm32cubeide/plugins/com.st.stm32cube.ide.mcu.externaltools.gnu-tools-for-stm32.10.3-2021.10.win32_1.0.200.202301161003/tools/bin/../lib/gcc/arm-none-eabi/10.3.1/../../../../arm-none-eabi/lib/thumb/v8-m.main+fp/hard\libc_nano.a(lib_a-memset.o)
                              c:/st/stm32cubeide_1.12.1/stm32cubeide/plugins/com.st.stm32cube.ide.mcu.externaltools.gnu-tools-for-stm32.10.3-2021.10.win32_1.0.200.202301161003/tools/bin/../lib/gcc/arm-none-eabi/10.3.1/../../../../arm-none-eabi/lib/thumb/v8-m.main+fp/hard/crt0.o (memset)
c:/st/stm32cubeide_1.12.1/stm32cubeide/plugins/com.st.stm32cube.ide.mcu.externaltools.gnu-tools-for-stm32.10.3-2021.10.win32_1.0.200.202301161003/tools/bin/../lib/gcc/arm-none-eabi/10.3.1/thumb/v8-m.main+fp/hard\libgcc.a(_aeabi_uldivmod.o)
                              ./Drivers/STM32L5xx_HAL_Driver/stm32l5xx_hal_uart.o (__aeabi_uldivmod)
c:/st/stm32cubeide_1.12.1/stm32cubeide/plugins/com.st.stm32cube.ide.mcu.externaltools.gnu-tools-for-stm32.10.3-2021.10.win32_1.0.200.202301161003/tools/bin/../lib/gcc/arm-none-eabi/10.3.1/thumb/v8-m.main+fp/hard\libgcc.a(_udivmoddi4.o)
                              c:/st/stm32cubeide_1.12.1/stm32cubeide/plugins/com.st.stm32cube.ide.mcu.externaltools.gnu-tools-for-stm32.10.3-2021.10.win32_1.0.200.202301161003/tools/bin/../lib/gcc/arm-none-eabi/10.3.1/thumb/v8-m.main+fp/hard\libgcc.a(_aeabi_uldivmod.o) (__udivmoddi4)
c:/st/stm32cubeide_1.12.1/stm32cubeide/plugins/com.st.stm32cube.ide.mcu.externaltools.gnu-tools-for-stm32.10.3-2021.10.win32_1.0.200.202301161003/tools/bin/../lib/gcc/arm-none-eabi/10.3.1/thumb/v8-m.main+fp/hard\libgcc.a(_dvmd_tls.o)
                              c:/st/stm32cubeide_1.12.1/stm32cubeide/plugins/com.st.stm32cube.ide.mcu.externaltools.gnu-tools-for-stm32.10.3-2021.10.win32_1.0.200.202301161003/tools/bin/../lib/gcc/arm-none-eabi/10.3.1/thumb/v8-m.main+fp/hard\libgcc.a(_aeabi_uldivmod.o) (__aeabi_ldiv0)

Discarded input sections

 .text          0x0000000000000000        0x0 c:/st/stm32cubeide_1.12.1/stm32cubeide/plugins/com.st.stm32cube.ide.mcu.externaltools.gnu-tools-for-stm32.10.3-2021.10.win32_1.0.200.202301161003/tools/bin/../lib/gcc/arm-none-eabi/10.3.1/thumb/v8-m.main+fp/hard/crti.o
 .data          0x0000000000000000        0x0 c:/st/stm32cubeide_1.12.1/stm32cubeide/plugins/com.st.stm32cube.ide.mcu.externaltools.gnu-tools-for-stm32.10.3-2021.10.win32_1.0.200.202301161003/tools/bin/../lib/gcc/arm-none-eabi/10.3.1/thumb/v8-m.main+fp/hard/crti.o
[...]
Memory Configuration

Name             Origin             Length             Attributes
RAM              0x0000000020018000 0x0000000000018000 xrw
RAM2             0x0000000020030000 0x0000000000010000 xrw
FLASH            0x0000000008040000 0x0000000000040000 xr
*default*        0x0000000000000000 0xffffffffffffffff

Linker script and memory map

LOAD c:/st/stm32cubeide_1.12.1/stm32cubeide/plugins/com.st.stm32cube.ide.mcu.externaltools.gnu-tools-for-stm32.10.3-2021.10.win32_1.0.200.202301161003/tools/bin/../lib/gcc/arm-none-eabi/10.3.1/thumb/v8-m.main+fp/hard/crti.o
LOAD c:/st/stm32cubeide_1.12.1/stm32cubeide/plugins/com.st.stm32cube.ide.mcu.externaltools.gnu-tools-for-stm32.10.3-2021.10.win32_1.0.200.202301161003/tools/bin/../lib/gcc/arm-none-eabi/10.3.1/thumb/v8-m.main+fp/hard/crtbegin.o
LOAD c:/st/stm32cubeide_1.12.1/stm32cubeide/plugins/com.st.stm32cube.ide.mcu.externaltools.gnu-tools-for-stm32.10.3-2021.10.win32_1.0.200.202301161003/tools/bin/../lib/gcc/arm-none-eabi/10.3.1/../../../../arm-none-eabi/lib/thumb/v8-m.main+fp/hard/crt0.o
LOAD ./Core/Src/main.o
LOAD ./Core/Src/stm32l5xx_hal_msp.o
LOAD ./Core/Src/stm32l5xx_it.o
LOAD ./Core/Src/syscalls.o
LOAD ./Core/Src/sysmem.o
LOAD ./Core/Src/system_stm32l5xx_ns.o
LOAD ./Core/Startup/startup_stm32l562qeixq.o
LOAD ./Drivers/STM32L5xx_HAL_Driver/stm32l5xx_hal.o
LOAD ./Drivers/STM32L5xx_HAL_Driver/stm32l5xx_hal_cortex.o
LOAD ./Drivers/STM32L5xx_HAL_Driver/stm32l5xx_hal_dma.o
LOAD ./Drivers/STM32L5xx_HAL_Driver/stm32l5xx_hal_dma_ex.o
LOAD ./Drivers/STM32L5xx_HAL_Driver/stm32l5xx_hal_exti.o
LOAD ./Drivers/STM32L5xx_HAL_Driver/stm32l5xx_hal_flash.o
LOAD ./Drivers/STM32L5xx_HAL_Driver/stm32l5xx_hal_flash_ex.o
LOAD ./Drivers/STM32L5xx_HAL_Driver/stm32l5xx_hal_flash_ramfunc.o
LOAD ./Drivers/STM32L5xx_HAL_Driver/stm32l5xx_hal_gpio.o
LOAD ./Drivers/STM32L5xx_HAL_Driver/stm32l5xx_hal_i2c.o
LOAD ./Drivers/STM32L5xx_HAL_Driver/stm32l5xx_hal_i2c_ex.o
LOAD ./Drivers/STM32L5xx_HAL_Driver/stm32l5xx_hal_icache.o
LOAD ./Drivers/STM32L5xx_HAL_Driver/stm32l5xx_hal_pwr.o
LOAD ./Drivers/STM32L5xx_HAL_Driver/stm32l5xx_hal_pwr_ex.o
LOAD ./Drivers/STM32L5xx_HAL_Driver/stm32l5xx_hal_rcc.o
LOAD ./Drivers/STM32L5xx_HAL_Driver/stm32l5xx_hal_rcc_ex.o
LOAD ./Drivers/STM32L5xx_HAL_Driver/stm32l5xx_hal_tim.o
LOAD ./Drivers/STM32L5xx_HAL_Driver/stm32l5xx_hal_tim_ex.o
LOAD ./Drivers/STM32L5xx_HAL_Driver/stm32l5xx_hal_uart.o
LOAD ./Drivers/STM32L5xx_HAL_Driver/stm32l5xx_hal_uart_ex.o
LOAD C:/Users/karle/githubRepos/ids-implementation/STM32-Examples/Nonblocking_Memory_Forensics/Secure/Debug/secure_nsclib.o
START GROUP
LOAD c:/st/stm32cubeide_1.12.1/stm32cubeide/plugins/com.st.stm32cube.ide.mcu.externaltools.gnu-tools-for-stm32.10.3-2021.10.win32_1.0.200.202301161003/tools/bin/../lib/gcc/arm-none-eabi/10.3.1/../../../../arm-none-eabi/lib/thumb/v8-m.main+fp/hard\libc_nano.a
LOAD c:/st/stm32cubeide_1.12.1/stm32cubeide/plugins/com.st.stm32cube.ide.mcu.externaltools.gnu-tools-for-stm32.10.3-2021.10.win32_1.0.200.202301161003/tools/bin/../lib/gcc/arm-none-eabi/10.3.1/../../../../arm-none-eabi/lib/thumb/v8-m.main+fp/hard\libm.a
END GROUP
START GROUP
LOAD c:/st/stm32cubeide_1.12.1/stm32cubeide/plugins/com.st.stm32cube.ide.mcu.externaltools.gnu-tools-for-stm32.10.3-2021.10.win32_1.0.200.202301161003/tools/bin/../lib/gcc/arm-none-eabi/10.3.1/thumb/v8-m.main+fp/hard\libgcc.a
LOAD c:/st/stm32cubeide_1.12.1/stm32cubeide/plugins/com.st.stm32cube.ide.mcu.externaltools.gnu-tools-for-stm32.10.3-2021.10.win32_1.0.200.202301161003/tools/bin/../lib/gcc/arm-none-eabi/10.3.1/../../../../arm-none-eabi/lib/thumb/v8-m.main+fp/hard\libc_nano.a
END GROUP
START GROUP
LOAD c:/st/stm32cubeide_1.12.1/stm32cubeide/plugins/com.st.stm32cube.ide.mcu.externaltools.gnu-tools-for-stm32.10.3-2021.10.win32_1.0.200.202301161003/tools/bin/../lib/gcc/arm-none-eabi/10.3.1/thumb/v8-m.main+fp/hard\libgcc.a
LOAD c:/st/stm32cubeide_1.12.1/stm32cubeide/plugins/com.st.stm32cube.ide.mcu.externaltools.gnu-tools-for-stm32.10.3-2021.10.win32_1.0.200.202301161003/tools/bin/../lib/gcc/arm-none-eabi/10.3.1/../../../../arm-none-eabi/lib/thumb/v8-m.main+fp/hard\libc_nano.a
LOAD c:/st/stm32cubeide_1.12.1/stm32cubeide/plugins/com.st.stm32cube.ide.mcu.externaltools.gnu-tools-for-stm32.10.3-2021.10.win32_1.0.200.202301161003/tools/bin/../lib/gcc/arm-none-eabi/10.3.1/../../../../arm-none-eabi/lib/thumb/v8-m.main+fp/hard\libnosys.a
END GROUP
START GROUP
LOAD c:/st/stm32cubeide_1.12.1/stm32cubeide/plugins/com.st.stm32cube.ide.mcu.externaltools.gnu-tools-for-stm32.10.3-2021.10.win32_1.0.200.202301161003/tools/bin/../lib/gcc/arm-none-eabi/10.3.1/thumb/v8-m.main+fp/hard\libgcc.a
LOAD c:/st/stm32cubeide_1.12.1/stm32cubeide/plugins/com.st.stm32cube.ide.mcu.externaltools.gnu-tools-for-stm32.10.3-2021.10.win32_1.0.200.202301161003/tools/bin/../lib/gcc/arm-none-eabi/10.3.1/../../../../arm-none-eabi/lib/thumb/v8-m.main+fp/hard\libc_nano.a
LOAD c:/st/stm32cubeide_1.12.1/stm32cubeide/plugins/com.st.stm32cube.ide.mcu.externaltools.gnu-tools-for-stm32.10.3-2021.10.win32_1.0.200.202301161003/tools/bin/../lib/gcc/arm-none-eabi/10.3.1/../../../../arm-none-eabi/lib/thumb/v8-m.main+fp/hard\libnosys.a
END GROUP
LOAD c:/st/stm32cubeide_1.12.1/stm32cubeide/plugins/com.st.stm32cube.ide.mcu.externaltools.gnu-tools-for-stm32.10.3-2021.10.win32_1.0.200.202301161003/tools/bin/../lib/gcc/arm-none-eabi/10.3.1/thumb/v8-m.main+fp/hard/crtend.o
LOAD c:/st/stm32cubeide_1.12.1/stm32cubeide/plugins/com.st.stm32cube.ide.mcu.externaltools.gnu-tools-for-stm32.10.3-2021.10.win32_1.0.200.202301161003/tools/bin/../lib/gcc/arm-none-eabi/10.3.1/thumb/v8-m.main+fp/hard/crtn.o
                0x0000000020030000                _estack = (ORIGIN (RAM) + LENGTH (RAM))
                0x0000000000000200                _Min_Heap_Size = 0x200
                0x0000000000000400                _Min_Stack_Size = 0x400

.isr_vector     0x0000000008040000      0x1f4
                0x0000000008040000                . = ALIGN (0x4)
 *(.isr_vector)
 .isr_vector    0x0000000008040000      0x1f4 ./Core/Startup/startup_stm32l562qeixq.o
                0x0000000008040000                g_pfnVectors
                0x00000000080401f4                . = ALIGN (0x4)

.text           0x00000000080401f8     0x3018
                0x00000000080401f8                . = ALIGN (0x4)
 *(.text)
 .text          0x00000000080401f8       0x40 c:/st/stm32cubeide_1.12.1/stm32cubeide/plugins/com.st.stm32cube.ide.mcu.externaltools.gnu-tools-for-stm32.10.3-2021.10.win32_1.0.200.202301161003/tools/bin/../lib/gcc/arm-none-eabi/10.3.1/thumb/v8-m.main+fp/hard/crtbegin.o
 .text          0x0000000008040238       0x30 c:/st/stm32cubeide_1.12.1/stm32cubeide/plugins/com.st.stm32cube.ide.mcu.externaltools.gnu-tools-for-stm32.10.3-2021.10.win32_1.0.200.202301161003/tools/bin/../lib/gcc/arm-none-eabi/10.3.1/thumb/v8-m.main+fp/hard\libgcc.a(_aeabi_uldivmod.o)
                0x0000000008040238                __aeabi_uldivmod
 .text          0x0000000008040268      0x2ec c:/st/stm32cubeide_1.12.1/stm32cubeide/plugins/com.st.stm32cube.ide.mcu.externaltools.gnu-tools-for-stm32.10.3-2021.10.win32_1.0.200.202301161003/tools/bin/../lib/gcc/arm-none-eabi/10.3.1/thumb/v8-m.main+fp/hard\libgcc.a(_udivmoddi4.o)
                0x0000000008040268                __udivmoddi4
 .text          0x0000000008040554        0x4 c:/st/stm32cubeide_1.12.1/stm32cubeide/plugins/com.st.stm32cube.ide.mcu.externaltools.gnu-tools-for-stm32.10.3-2021.10.win32_1.0.200.202301161003/tools/bin/../lib/gcc/arm-none-eabi/10.3.1/thumb/v8-m.main+fp/hard\libgcc.a(_dvmd_tls.o)
                0x0000000008040554                __aeabi_idiv0
                0x0000000008040554                __aeabi_ldiv0
 *(.text*)
 .text.main     0x0000000008040558       0x3c ./Core/Src/main.o
                0x0000000008040558                main
 .text.MX_TIM4_Init
                0x0000000008040594       0xa0 ./Core/Src/main.o
 .text.MX_USART3_UART_Init
                0x0000000008040634       0x9c ./Core/Src/main.o
 .text.MX_DMA_Init
                0x00000000080406d0       0x48 ./Core/Src/main.o
 .text.MX_GPIO_Init
                0x0000000008040718       0x9c ./Core/Src/main.o
 .text.Error_Handler
                0x00000000080407b4        0xa ./Core/Src/main.o
                0x00000000080407b4                Error_Handler
 *fill*         0x00000000080407be        0x2 
 .text.HAL_MspInit
                0x00000000080407c0       0x48 ./Core/Src/stm32l5xx_hal_msp.o
                0x00000000080407c0                HAL_MspInit
 .text.HAL_TIM_Base_MspInit
                0x0000000008040808       0x4c ./Core/Src/stm32l5xx_hal_msp.o
                0x0000000008040808                HAL_TIM_Base_MspInit
 .text.HAL_UART_MspInit
                0x0000000008040854       0xbc ./Core/Src/stm32l5xx_hal_msp.o
                0x0000000008040854                HAL_UART_MspInit
 .text.MemManage_Handler
                0x0000000008040910        0x6 ./Core/Src/stm32l5xx_it.o
                0x0000000008040910                MemManage_Handler
 .text.UsageFault_Handler
                0x0000000008040916        0x6 ./Core/Src/stm32l5xx_it.o
                0x0000000008040916                UsageFault_Handler
 .text.SVC_Handler
                0x000000000804091c        0xe ./Core/Src/stm32l5xx_it.o
                0x000000000804091c                SVC_Handler
 .text.PendSV_Handler
                0x000000000804092a        0xe ./Core/Src/stm32l5xx_it.o
                0x000000000804092a                PendSV_Handler
 .text.SysTick_Handler
                0x0000000008040938        0xc ./Core/Src/stm32l5xx_it.o
                0x0000000008040938                SysTick_Handler
 .text.TIM4_IRQHandler
                0x0000000008040944       0x14 ./Core/Src/stm32l5xx_it.o
                0x0000000008040944                TIM4_IRQHandler
 .text.SystemInit
                0x0000000008040958        0xe ./Core/Src/system_stm32l5xx_ns.o
                0x0000000008040958                SystemInit
 *fill*         0x0000000008040966        0x2 
 .text.SystemCoreClockUpdate
                0x0000000008040968       0x18 ./Core/Src/system_stm32l5xx_ns.o
                0x0000000008040968                SystemCoreClockUpdate
 .text.Reset_Handler
                0x0000000008040980       0x50 ./Core/Startup/startup_stm32l562qeixq.o
                0x0000000008040980                Reset_Handler
 .text.Default_Handler
                0x00000000080409d0        0x2 ./Core/Startup/startup_stm32l562qeixq.o
                0x00000000080409d0                EXTI2_IRQHandler
                0x00000000080409d0                TIM8_TRG_COM_IRQHandler
                0x00000000080409d0                TIM8_CC_IRQHandler
                0x00000000080409d0                EXTI5_IRQHandler
                0x00000000080409d0                DebugMon_Handler
                0x00000000080409d0                FLASH_S_IRQHandler
                0x00000000080409d0                EXTI13_IRQHandler
                0x00000000080409d0                TIM1_CC_IRQHandler
                0x00000000080409d0                TSC_IRQHandler
                0x00000000080409d0                HardFault_Handler
                0x00000000080409d0                TAMP_IRQHandler
                0x00000000080409d0                TIM6_IRQHandler
                0x00000000080409d0                EXTI12_IRQHandler
                0x00000000080409d0                DMA2_Channel8_IRQHandler
                0x00000000080409d0                NMI_Handler
                0x00000000080409d0                EXTI3_IRQHandler
                0x00000000080409d0                EXTI8_IRQHandler
                0x00000000080409d0                LPTIM2_IRQHandler
                0x00000000080409d0                DFSDM1_FLT1_IRQHandler
                0x00000000080409d0                USB_FS_IRQHandler
                0x00000000080409d0                I2C3_ER_IRQHandler
                0x00000000080409d0                DFSDM1_FLT2_IRQHandler
                0x00000000080409d0                DMAMUX1_IRQHandler
                0x00000000080409d0                LPTIM3_IRQHandler
                0x00000000080409d0                EXTI0_IRQHandler
                0x00000000080409d0                I2C2_EV_IRQHandler
                0x00000000080409d0                FPU_IRQHandler
                0x00000000080409d0                FDCAN1_IT1_IRQHandler
                0x00000000080409d0                ADC1_2_IRQHandler
                0x00000000080409d0                SPI1_IRQHandler
                0x00000000080409d0                OCTOSPI1_IRQHandler
                0x00000000080409d0                TIM8_UP_IRQHandler
                0x00000000080409d0                RCC_S_IRQHandler
                0x00000000080409d0                DMA2_Channel2_IRQHandler
                0x00000000080409d0                DMA1_Channel4_IRQHandler
                0x00000000080409d0                SAI2_IRQHandler
                0x00000000080409d0                DFSDM1_FLT3_IRQHandler
                0x00000000080409d0                PKA_IRQHandler
                0x00000000080409d0                EXTI15_IRQHandler
                0x00000000080409d0                TIM17_IRQHandler
                0x00000000080409d0                USART3_IRQHandler
                0x00000000080409d0                RTC_IRQHandler
                0x00000000080409d0                EXTI9_IRQHandler
                0x00000000080409d0                DMA1_Channel7_IRQHandler
                0x00000000080409d0                UART5_IRQHandler
                0x00000000080409d0                DMA2_Channel1_IRQHandler
                0x00000000080409d0                I2C1_EV_IRQHandler
                0x00000000080409d0                DMA1_Channel6_IRQHandler
                0x00000000080409d0                TIM16_IRQHandler
                0x00000000080409d0                UART4_IRQHandler
                0x00000000080409d0                DMA2_Channel4_IRQHandler
                0x00000000080409d0                SecureFault_Handler
                0x00000000080409d0                TIM3_IRQHandler
                0x00000000080409d0                RCC_IRQHandler
                0x00000000080409d0                TIM1_TRG_COM_IRQHandler
                0x00000000080409d0                DMA1_Channel1_IRQHandler
                0x00000000080409d0                Default_Handler
                0x00000000080409d0                DMA2_Channel7_IRQHandler
                0x00000000080409d0                OTFDEC1_IRQHandler
                0x00000000080409d0                DMA1_Channel8_IRQHandler
                0x00000000080409d0                TIM7_IRQHandler
                0x00000000080409d0                SDMMC1_IRQHandler
                0x00000000080409d0                TIM5_IRQHandler
                0x00000000080409d0                UCPD1_IRQHandler
                0x00000000080409d0                TIM15_IRQHandler
                0x00000000080409d0                I2C3_EV_IRQHandler
                0x00000000080409d0                PVD_PVM_IRQHandler
                0x00000000080409d0                SPI2_IRQHandler
                0x00000000080409d0                EXTI14_IRQHandler
                0x00000000080409d0                EXTI11_IRQHandler
                0x00000000080409d0                DMA2_Channel5_IRQHandler
                0x00000000080409d0                CRS_IRQHandler
                0x00000000080409d0                DMA1_Channel5_IRQHandler
                0x00000000080409d0                EXTI4_IRQHandler
                0x00000000080409d0                RTC_S_IRQHandler
                0x00000000080409d0                RNG_IRQHandler
                0x00000000080409d0                DMAMUX1_S_IRQHandler
                0x00000000080409d0                DMA1_Channel3_IRQHandler
                0x00000000080409d0                COMP_IRQHandler
                0x00000000080409d0                TIM1_UP_IRQHandler
                0x00000000080409d0                WWDG_IRQHandler
                0x00000000080409d0                I2C4_EV_IRQHandler
                0x00000000080409d0                LPUART1_IRQHandler
                0x00000000080409d0                DMA2_Channel6_IRQHandler
                0x00000000080409d0                FDCAN1_IT0_IRQHandler
                0x00000000080409d0                TIM2_IRQHandler
                0x00000000080409d0                TAMP_S_IRQHandler
                0x00000000080409d0                EXTI7_IRQHandler
                0x00000000080409d0                TIM1_BRK_IRQHandler
                0x00000000080409d0                DAC_IRQHandler
                0x00000000080409d0                EXTI1_IRQHandler
                0x00000000080409d0                AES_IRQHandler
                0x00000000080409d0                GTZC_IRQHandler
                0x00000000080409d0                USART2_IRQHandler
                0x00000000080409d0                DFSDM1_FLT0_IRQHandler
                0x00000000080409d0                I2C2_ER_IRQHandler
                0x00000000080409d0                DMA1_Channel2_IRQHandler
                0x00000000080409d0                TIM8_BRK_IRQHandler
                0x00000000080409d0                FLASH_IRQHandler
                0x00000000080409d0                BusFault_Handler
                0x00000000080409d0                USART1_IRQHandler
                0x00000000080409d0                EXTI10_IRQHandler
                0x00000000080409d0                SPI3_IRQHandler
                0x00000000080409d0                I2C1_ER_IRQHandler
                0x00000000080409d0                FMC_IRQHandler
                0x00000000080409d0                EXTI6_IRQHandler
                0x00000000080409d0                LPTIM1_IRQHandler
                0x00000000080409d0                I2C4_ER_IRQHandler
                0x00000000080409d0                ICACHE_IRQHandler
                0x00000000080409d0                SAI1_IRQHandler
                0x00000000080409d0                HASH_IRQHandler
                0x00000000080409d0                DMA2_Channel3_IRQHandler
 .text.HAL_Init
                0x00000000080409d2       0x34 ./Drivers/STM32L5xx_HAL_Driver/stm32l5xx_hal.o
                0x00000000080409d2                HAL_Init
 *fill*         0x0000000008040a06        0x2 
 .text.HAL_InitTick
                0x0000000008040a08       0x78 ./Drivers/STM32L5xx_HAL_Driver/stm32l5xx_hal.o
                0x0000000008040a08                HAL_InitTick
 .text.HAL_IncTick
                0x0000000008040a80       0x28 ./Drivers/STM32L5xx_HAL_Driver/stm32l5xx_hal.o
                0x0000000008040a80                HAL_IncTick
 .text.HAL_GetTick
                0x0000000008040aa8       0x18 ./Drivers/STM32L5xx_HAL_Driver/stm32l5xx_hal.o
                0x0000000008040aa8                HAL_GetTick
 .text.__NVIC_SetPriorityGrouping
                0x0000000008040ac0       0x48 ./Drivers/STM32L5xx_HAL_Driver/stm32l5xx_hal_cortex.o
 .text.__NVIC_GetPriorityGrouping
                0x0000000008040b08       0x1c ./Drivers/STM32L5xx_HAL_Driver/stm32l5xx_hal_cortex.o
 .text.__NVIC_EnableIRQ
                0x0000000008040b24       0x3c ./Drivers/STM32L5xx_HAL_Driver/stm32l5xx_hal_cortex.o
 .text.__NVIC_SetPriority
                0x0000000008040b60       0x54 ./Drivers/STM32L5xx_HAL_Driver/stm32l5xx_hal_cortex.o
 .text.NVIC_EncodePriority
                0x0000000008040bb4       0x66 ./Drivers/STM32L5xx_HAL_Driver/stm32l5xx_hal_cortex.o
 *fill*         0x0000000008040c1a        0x2 
 .text.SysTick_Config
                0x0000000008040c1c       0x44 ./Drivers/STM32L5xx_HAL_Driver/stm32l5xx_hal_cortex.o
 .text.HAL_NVIC_SetPriorityGrouping
                0x0000000008040c60       0x16 ./Drivers/STM32L5xx_HAL_Driver/stm32l5xx_hal_cortex.o
                0x0000000008040c60                HAL_NVIC_SetPriorityGrouping
 .text.HAL_NVIC_SetPriority
                0x0000000008040c76       0x34 ./Drivers/STM32L5xx_HAL_Driver/stm32l5xx_hal_cortex.o
                0x0000000008040c76                HAL_NVIC_SetPriority
 .text.HAL_NVIC_EnableIRQ
                0x0000000008040caa       0x1c ./Drivers/STM32L5xx_HAL_Driver/stm32l5xx_hal_cortex.o
                0x0000000008040caa                HAL_NVIC_EnableIRQ
 .text.HAL_SYSTICK_Config
                0x0000000008040cc6       0x18 ./Drivers/STM32L5xx_HAL_Driver/stm32l5xx_hal_cortex.o
                0x0000000008040cc6                HAL_SYSTICK_Config
 *fill*         0x0000000008040cde        0x2 
 .text.HAL_GPIO_Init
                0x0000000008040ce0      0x300 ./Drivers/STM32L5xx_HAL_Driver/stm32l5xx_hal_gpio.o
                0x0000000008040ce0                HAL_GPIO_Init
 .text.HAL_GPIO_WritePin
                0x0000000008040fe0       0x30 ./Drivers/STM32L5xx_HAL_Driver/stm32l5xx_hal_gpio.o
                0x0000000008040fe0                HAL_GPIO_WritePin
 .text.HAL_RCC_GetSysClockFreq
                0x0000000008041010      0x13c ./Drivers/STM32L5xx_HAL_Driver/stm32l5xx_hal_rcc.o
                0x0000000008041010                HAL_RCC_GetSysClockFreq
 .text.HAL_RCC_GetHCLKFreq
                0x000000000804114c       0x28 ./Drivers/STM32L5xx_HAL_Driver/stm32l5xx_hal_rcc.o
                0x000000000804114c                HAL_RCC_GetHCLKFreq
 .text.HAL_RCC_GetPCLK1Freq
                0x0000000008041174       0x28 ./Drivers/STM32L5xx_HAL_Driver/stm32l5xx_hal_rcc.o
                0x0000000008041174                HAL_RCC_GetPCLK1Freq
 .text.HAL_RCC_GetPCLK2Freq
                0x000000000804119c       0x28 ./Drivers/STM32L5xx_HAL_Driver/stm32l5xx_hal_rcc.o
                0x000000000804119c                HAL_RCC_GetPCLK2Freq
 .text.HAL_RCCEx_PeriphCLKConfig
                0x00000000080411c4      0x708 ./Drivers/STM32L5xx_HAL_Driver/stm32l5xx_hal_rcc_ex.o
                0x00000000080411c4                HAL_RCCEx_PeriphCLKConfig
 .text.RCCEx_PLLSAI1_Config
                0x00000000080418cc      0x1cc ./Drivers/STM32L5xx_HAL_Driver/stm32l5xx_hal_rcc_ex.o
 .text.RCCEx_PLLSAI2_Config
                0x0000000008041a98      0x158 ./Drivers/STM32L5xx_HAL_Driver/stm32l5xx_hal_rcc_ex.o
 .text.HAL_TIM_Base_Init
                0x0000000008041bf0       0xae ./Drivers/STM32L5xx_HAL_Driver/stm32l5xx_hal_tim.o
                0x0000000008041bf0                HAL_TIM_Base_Init
 .text.HAL_TIM_IRQHandler
                0x0000000008041c9e      0x23e ./Drivers/STM32L5xx_HAL_Driver/stm32l5xx_hal_tim.o
                0x0000000008041c9e                HAL_TIM_IRQHandler
 .text.HAL_TIM_ConfigClockSource
                0x0000000008041edc      0x192 ./Drivers/STM32L5xx_HAL_Driver/stm32l5xx_hal_tim.o
                0x0000000008041edc                HAL_TIM_ConfigClockSource
 .text.HAL_TIM_PeriodElapsedCallback
                0x000000000804206e       0x14 ./Drivers/STM32L5xx_HAL_Driver/stm32l5xx_hal_tim.o
                0x000000000804206e                HAL_TIM_PeriodElapsedCallback
 .text.HAL_TIM_OC_DelayElapsedCallback
                0x0000000008042082       0x14 ./Drivers/STM32L5xx_HAL_Driver/stm32l5xx_hal_tim.o
                0x0000000008042082                HAL_TIM_OC_DelayElapsedCallback
 .text.HAL_TIM_IC_CaptureCallback
                0x0000000008042096       0x14 ./Drivers/STM32L5xx_HAL_Driver/stm32l5xx_hal_tim.o
                0x0000000008042096                HAL_TIM_IC_CaptureCallback
 .text.HAL_TIM_PWM_PulseFinishedCallback
                0x00000000080420aa       0x14 ./Drivers/STM32L5xx_HAL_Driver/stm32l5xx_hal_tim.o
                0x00000000080420aa                HAL_TIM_PWM_PulseFinishedCallback
 .text.HAL_TIM_TriggerCallback
                0x00000000080420be       0x14 ./Drivers/STM32L5xx_HAL_Driver/stm32l5xx_hal_tim.o
                0x00000000080420be                HAL_TIM_TriggerCallback
 *fill*         0x00000000080420d2        0x2 
 .text.TIM_Base_SetConfig
                0x00000000080420d4      0x134 ./Drivers/STM32L5xx_HAL_Driver/stm32l5xx_hal_tim.o
                0x00000000080420d4                TIM_Base_SetConfig
 .text.TIM_TI1_ConfigInputStage
                0x0000000008042208       0x5e ./Drivers/STM32L5xx_HAL_Driver/stm32l5xx_hal_tim.o
 .text.TIM_TI2_ConfigInputStage
                0x0000000008042266       0x60 ./Drivers/STM32L5xx_HAL_Driver/stm32l5xx_hal_tim.o
 .text.TIM_ITRx_SetConfig
                0x00000000080422c6       0x3a ./Drivers/STM32L5xx_HAL_Driver/stm32l5xx_hal_tim.o
 .text.TIM_ETR_SetConfig
                0x0000000008042300       0x40 ./Drivers/STM32L5xx_HAL_Driver/stm32l5xx_hal_tim.o
                0x0000000008042300                TIM_ETR_SetConfig
 .text.HAL_TIMEx_MasterConfigSynchronization
                0x0000000008042340      0x110 ./Drivers/STM32L5xx_HAL_Driver/stm32l5xx_hal_tim_ex.o
                0x0000000008042340                HAL_TIMEx_MasterConfigSynchronization
 .text.HAL_TIMEx_CommutCallback
                0x0000000008042450       0x14 ./Drivers/STM32L5xx_HAL_Driver/stm32l5xx_hal_tim_ex.o
                0x0000000008042450                HAL_TIMEx_CommutCallback
 .text.HAL_TIMEx_BreakCallback
                0x0000000008042464       0x14 ./Drivers/STM32L5xx_HAL_Driver/stm32l5xx_hal_tim_ex.o
                0x0000000008042464                HAL_TIMEx_BreakCallback
 .text.HAL_TIMEx_Break2Callback
                0x0000000008042478       0x14 ./Drivers/STM32L5xx_HAL_Driver/stm32l5xx_hal_tim_ex.o
                0x0000000008042478                HAL_TIMEx_Break2Callback
 .text.HAL_UART_Init
                0x000000000804248c       0xa0 ./Drivers/STM32L5xx_HAL_Driver/stm32l5xx_hal_uart.o
                0x000000000804248c                HAL_UART_Init
 .text.UART_SetConfig
                0x000000000804252c      0x600 ./Drivers/STM32L5xx_HAL_Driver/stm32l5xx_hal_uart.o
                0x000000000804252c                UART_SetConfig
 .text.UART_AdvFeatureConfig
                0x0000000008042b2c      0x144 ./Drivers/STM32L5xx_HAL_Driver/stm32l5xx_hal_uart.o
                0x0000000008042b2c                UART_AdvFeatureConfig
 .text.UART_CheckIdleState
                0x0000000008042c70      0x154 ./Drivers/STM32L5xx_HAL_Driver/stm32l5xx_hal_uart.o
                0x0000000008042c70                UART_CheckIdleState
 .text.UART_WaitOnFlagUntilTimeout
                0x0000000008042dc4       0xce ./Drivers/STM32L5xx_HAL_Driver/stm32l5xx_hal_uart.o
                0x0000000008042dc4                UART_WaitOnFlagUntilTimeout
 .text.UART_EndRxTransfer
                0x0000000008042e92       0xcc ./Drivers/STM32L5xx_HAL_Driver/stm32l5xx_hal_uart.o
 .text.HAL_UARTEx_DisableFifoMode
                0x0000000008042f5e       0x72 ./Drivers/STM32L5xx_HAL_Driver/stm32l5xx_hal_uart_ex.o
                0x0000000008042f5e                HAL_UARTEx_DisableFifoMode
 .text.HAL_UARTEx_SetTxFifoThreshold
                0x0000000008042fd0       0x7c ./Drivers/STM32L5xx_HAL_Driver/stm32l5xx_hal_uart_ex.o
                0x0000000008042fd0                HAL_UARTEx_SetTxFifoThreshold
 .text.HAL_UARTEx_SetRxFifoThreshold
                0x000000000804304c       0x7c ./Drivers/STM32L5xx_HAL_Driver/stm32l5xx_hal_uart_ex.o
                0x000000000804304c                HAL_UARTEx_SetRxFifoThreshold
 .text.UARTEx_SetNbDataToProcess
                0x00000000080430c8       0x9c ./Drivers/STM32L5xx_HAL_Driver/stm32l5xx_hal_uart_ex.o
 .text.__libc_init_array
                0x0000000008043164       0x48 c:/st/stm32cubeide_1.12.1/stm32cubeide/plugins/com.st.stm32cube.ide.mcu.externaltools.gnu-tools-for-stm32.10.3-2021.10.win32_1.0.200.202301161003/tools/bin/../lib/gcc/arm-none-eabi/10.3.1/../../../../arm-none-eabi/lib/thumb/v8-m.main+fp/hard\libc_nano.a(lib_a-init.o)
                0x0000000008043164                __libc_init_array
 .text.memcpy   0x00000000080431ac       0x1a c:/st/stm32cubeide_1.12.1/stm32cubeide/plugins/com.st.stm32cube.ide.mcu.externaltools.gnu-tools-for-stm32.10.3-2021.10.win32_1.0.200.202301161003/tools/bin/../lib/gcc/arm-none-eabi/10.3.1/../../../../arm-none-eabi/lib/thumb/v8-m.main+fp/hard\libc_nano.a(lib_a-memcpy-stub.o)
                0x00000000080431ac                memcpy
 .text.memset   0x00000000080431c6       0x10 c:/st/stm32cubeide_1.12.1/stm32cubeide/plugins/com.st.stm32cube.ide.mcu.externaltools.gnu-tools-for-stm32.10.3-2021.10.win32_1.0.200.202301161003/tools/bin/../lib/gcc/arm-none-eabi/10.3.1/../../../../arm-none-eabi/lib/thumb/v8-m.main+fp/hard\libc_nano.a(lib_a-memset.o)
                0x00000000080431c6                memset
 *(.glue_7)
 .glue_7        0x00000000080431d6        0x0 linker stubs
 *(.glue_7t)
 .glue_7t       0x00000000080431d6        0x0 linker stubs
 *(.eh_frame)
 *fill*         0x00000000080431d6        0x2 
 .eh_frame      0x00000000080431d8        0x0 c:/st/stm32cubeide_1.12.1/stm32cubeide/plugins/com.st.stm32cube.ide.mcu.externaltools.gnu-tools-for-stm32.10.3-2021.10.win32_1.0.200.202301161003/tools/bin/../lib/gcc/arm-none-eabi/10.3.1/thumb/v8-m.main+fp/hard/crtbegin.o
 *(.init)
 .init          0x00000000080431d8        0x4 c:/st/stm32cubeide_1.12.1/stm32cubeide/plugins/com.st.stm32cube.ide.mcu.externaltools.gnu-tools-for-stm32.10.3-2021.10.win32_1.0.200.202301161003/tools/bin/../lib/gcc/arm-none-eabi/10.3.1/thumb/v8-m.main+fp/hard/crti.o
                0x00000000080431d8                _init
 .init          0x00000000080431dc        0x8 c:/st/stm32cubeide_1.12.1/stm32cubeide/plugins/com.st.stm32cube.ide.mcu.externaltools.gnu-tools-for-stm32.10.3-2021.10.win32_1.0.200.202301161003/tools/bin/../lib/gcc/arm-none-eabi/10.3.1/thumb/v8-m.main+fp/hard/crtn.o
 *(.fini)
 .fini          0x00000000080431e4        0x4 c:/st/stm32cubeide_1.12.1/stm32cubeide/plugins/com.st.stm32cube.ide.mcu.externaltools.gnu-tools-for-stm32.10.3-2021.10.win32_1.0.200.202301161003/tools/bin/../lib/gcc/arm-none-eabi/10.3.1/thumb/v8-m.main+fp/hard/crti.o
                0x00000000080431e4                _fini
 .fini          0x00000000080431e8        0x8 c:/st/stm32cubeide_1.12.1/stm32cubeide/plugins/com.st.stm32cube.ide.mcu.externaltools.gnu-tools-for-stm32.10.3-2021.10.win32_1.0.200.202301161003/tools/bin/../lib/gcc/arm-none-eabi/10.3.1/thumb/v8-m.main+fp/hard/crtn.o
 .fini.__stub   0x00000000080431f0       0x20 linker stubs
                0x0000000008043210                . = ALIGN (0x4)
                0x0000000008043210                _etext = .

.vfp11_veneer   0x0000000008043210        0x0
 .vfp11_veneer  0x0000000008043210        0x0 linker stubs

.v4_bx          0x0000000008043210        0x0
 .v4_bx         0x0000000008043210        0x0 linker stubs

.iplt           0x0000000008043210        0x0
 .iplt          0x0000000008043210        0x0 c:/st/stm32cubeide_1.12.1/stm32cubeide/plugins/com.st.stm32cube.ide.mcu.externaltools.gnu-tools-for-stm32.10.3-2021.10.win32_1.0.200.202301161003/tools/bin/../lib/gcc/arm-none-eabi/10.3.1/thumb/v8-m.main+fp/hard/crtbegin.o

.rodata         0x0000000008043210      0x188
                0x0000000008043210                . = ALIGN (0x4)
 *(.rodata)
 .rodata        0x0000000008043210      0x105 ./Core/Src/main.o
 *(.rodata*)
 *fill*         0x0000000008043315        0x3 
 .rodata.AHBPrescTable
                0x0000000008043318       0x10 ./Core/Src/system_stm32l5xx_ns.o
                0x0000000008043318                AHBPrescTable
 .rodata.APBPrescTable
                0x0000000008043328        0x8 ./Core/Src/system_stm32l5xx_ns.o
                0x0000000008043328                APBPrescTable
 .rodata.MSIRangeTable
                0x0000000008043330       0x40 ./Core/Src/system_stm32l5xx_ns.o
                0x0000000008043330                MSIRangeTable
 .rodata.UARTPrescTable
                0x0000000008043370       0x18 ./Drivers/STM32L5xx_HAL_Driver/stm32l5xx_hal_uart.o
                0x0000000008043370                UARTPrescTable
 .rodata.numerator.1
                0x0000000008043388        0x8 ./Drivers/STM32L5xx_HAL_Driver/stm32l5xx_hal_uart_ex.o
 .rodata.denominator.0
                0x0000000008043390        0x8 ./Drivers/STM32L5xx_HAL_Driver/stm32l5xx_hal_uart_ex.o
                0x0000000008043398                . = ALIGN (0x4)

.ARM.extab      0x0000000008043398        0x0
                0x0000000008043398                . = ALIGN (0x4)
 *(.ARM.extab* .gnu.linkonce.armextab.*)
                0x0000000008043398                . = ALIGN (0x4)

.ARM            0x0000000008043398        0x8
                0x0000000008043398                . = ALIGN (0x4)
                0x0000000008043398                __exidx_start = .
 *(.ARM.exidx*)
 .ARM.exidx     0x0000000008043398        0x8 c:/st/stm32cubeide_1.12.1/stm32cubeide/plugins/com.st.stm32cube.ide.mcu.externaltools.gnu-tools-for-stm32.10.3-2021.10.win32_1.0.200.202301161003/tools/bin/../lib/gcc/arm-none-eabi/10.3.1/thumb/v8-m.main+fp/hard\libgcc.a(_udivmoddi4.o)
                0x00000000080433a0                __exidx_end = .
                0x00000000080433a0                . = ALIGN (0x4)

.rel.dyn        0x00000000080433a0        0x0
 .rel.iplt      0x00000000080433a0        0x0 c:/st/stm32cubeide_1.12.1/stm32cubeide/plugins/com.st.stm32cube.ide.mcu.externaltools.gnu-tools-for-stm32.10.3-2021.10.win32_1.0.200.202301161003/tools/bin/../lib/gcc/arm-none-eabi/10.3.1/thumb/v8-m.main+fp/hard/crtbegin.o

.preinit_array  0x00000000080433a0        0x0
                0x00000000080433a0                . = ALIGN (0x4)
                0x00000000080433a0                PROVIDE (__preinit_array_start = .)
 *(.preinit_array*)
                0x00000000080433a0                PROVIDE (__preinit_array_end = .)
                0x00000000080433a0                . = ALIGN (0x4)

.init_array     0x00000000080433a0        0x4
                0x00000000080433a0                . = ALIGN (0x4)
                0x00000000080433a0                PROVIDE (__init_array_start = .)
 *(SORT_BY_NAME(.init_array.*))
 *(.init_array*)
 .init_array    0x00000000080433a0        0x4 c:/st/stm32cubeide_1.12.1/stm32cubeide/plugins/com.st.stm32cube.ide.mcu.externaltools.gnu-tools-for-stm32.10.3-2021.10.win32_1.0.200.202301161003/tools/bin/../lib/gcc/arm-none-eabi/10.3.1/thumb/v8-m.main+fp/hard/crtbegin.o
                0x00000000080433a4                PROVIDE (__init_array_end = .)
                0x00000000080433a4                . = ALIGN (0x4)

.fini_array     0x00000000080433a4        0x4
                0x00000000080433a4                . = ALIGN (0x4)
                [!provide]                        PROVIDE (__fini_array_start = .)
 *(SORT_BY_NAME(.fini_array.*))
 *(.fini_array*)
 .fini_array    0x00000000080433a4        0x4 c:/st/stm32cubeide_1.12.1/stm32cubeide/plugins/com.st.stm32cube.ide.mcu.externaltools.gnu-tools-for-stm32.10.3-2021.10.win32_1.0.200.202301161003/tools/bin/../lib/gcc/arm-none-eabi/10.3.1/thumb/v8-m.main+fp/hard/crtbegin.o
                [!provide]                        PROVIDE (__fini_array_end = .)
                0x00000000080433a8                . = ALIGN (0x4)
                0x00000000080433a8                _sidata = LOADADDR (.data)

.data           0x0000000020018000        0xc load address 0x00000000080433a8
                0x0000000020018000                . = ALIGN (0x4)
                0x0000000020018000                _sdata = .
 *(.data)
 *(.data*)
 .data.SystemCoreClock
                0x0000000020018000        0x4 ./Core/Src/system_stm32l5xx_ns.o
                0x0000000020018000                SystemCoreClock
 .data.uwTickPrio
                0x0000000020018004        0x4 ./Drivers/STM32L5xx_HAL_Driver/stm32l5xx_hal.o
                0x0000000020018004                uwTickPrio
 .data.uwTickFreq
                0x0000000020018008        0x1 ./Drivers/STM32L5xx_HAL_Driver/stm32l5xx_hal.o
                0x0000000020018008                uwTickFreq
 *(.RamFunc)
 *(.RamFunc*)
                0x000000002001800c                . = ALIGN (0x4)
 *fill*         0x0000000020018009        0x3 
                0x000000002001800c                _edata = .

.igot.plt       0x000000002001800c        0x0 load address 0x00000000080433b4
 .igot.plt      0x000000002001800c        0x0 c:/st/stm32cubeide_1.12.1/stm32cubeide/plugins/com.st.stm32cube.ide.mcu.externaltools.gnu-tools-for-stm32.10.3-2021.10.win32_1.0.200.202301161003/tools/bin/../lib/gcc/arm-none-eabi/10.3.1/thumb/v8-m.main+fp/hard/crtbegin.o
                0x000000002001800c                . = ALIGN (0x4)

.bss            0x000000002001800c      0x100 load address 0x00000000080433b4
                0x000000002001800c                _sbss = .
                0x000000002001800c                __bss_start__ = _sbss
 *(.bss)
 .bss           0x000000002001800c       0x1c c:/st/stm32cubeide_1.12.1/stm32cubeide/plugins/com.st.stm32cube.ide.mcu.externaltools.gnu-tools-for-stm32.10.3-2021.10.win32_1.0.200.202301161003/tools/bin/../lib/gcc/arm-none-eabi/10.3.1/thumb/v8-m.main+fp/hard/crtbegin.o
 *(.bss*)
 .bss.htim4     0x0000000020018028       0x4c ./Core/Src/main.o
                0x0000000020018028                htim4
 .bss.huart3    0x0000000020018074       0x94 ./Core/Src/main.o
                0x0000000020018074                huart3
 .bss.uwTick    0x0000000020018108        0x4 ./Drivers/STM32L5xx_HAL_Driver/stm32l5xx_hal.o
                0x0000000020018108                uwTick
 *(COMMON)
                0x000000002001810c                . = ALIGN (0x4)
                0x000000002001810c                _ebss = .
                0x000000002001810c                __bss_end__ = _ebss

._user_heap_stack
                0x000000002001810c      0x604 load address 0x00000000080433b4
                0x0000000020018110                . = ALIGN (0x8)
 *fill*         0x000000002001810c        0x4 
                [!provide]                        PROVIDE (end = .)
                0x0000000020018110                PROVIDE (_end = .)
                0x0000000020018310                . = (. + _Min_Heap_Size)
 *fill*         0x0000000020018110      0x200 
                0x0000000020018710                . = (. + _Min_Stack_Size)
 *fill*         0x0000000020018310      0x400 
                0x0000000020018710                . = ALIGN (0x8)

/DISCARD/
 libc.a(*)
 libm.a(*)
 libgcc.a(*)

.ARM.attributes
                0x0000000000000000       0x36
 *(.ARM.attributes)
 .ARM.attributes
                0x0000000000000000       0x22 c:/st/stm32cubeide_1.12.1/stm32cubeide/plugins/com.st.stm32cube.ide.mcu.externaltools.gnu-tools-for-stm32.10.3-2021.10.win32_1.0.200.202301161003/tools/bin/../lib/gcc/arm-none-eabi/10.3.1/thumb/v8-m.main+fp/hard/crti.o
 .ARM.attributes
                0x0000000000000022       0x38 c:/st/stm32cubeide_1.12.1/stm32cubeide/plugins/com.st.stm32cube.ide.mcu.externaltools.gnu-tools-for-stm32.10.3-2021.10.win32_1.0.200.202301161003/tools/bin/../lib/gcc/arm-none-eabi/10.3.1/thumb/v8-m.main+fp/hard/crtbegin.o
 .ARM.attributes
                0x000000000000005a       0x3a ./Core/Src/main.o
 .ARM.attributes
                0x0000000000000094       0x3a ./Core/Src/stm32l5xx_hal_msp.o
 .ARM.attributes
                0x00000000000000ce       0x3a ./Core/Src/stm32l5xx_it.o
 .ARM.attributes
                0x0000000000000108       0x3a ./Core/Src/system_stm32l5xx_ns.o
 .ARM.attributes
                0x0000000000000142       0x24 ./Core/Startup/startup_stm32l562qeixq.o
 .ARM.attributes
                0x0000000000000166       0x3a ./Drivers/STM32L5xx_HAL_Driver/stm32l5xx_hal.o
 .ARM.attributes
                0x00000000000001a0       0x3a ./Drivers/STM32L5xx_HAL_Driver/stm32l5xx_hal_cortex.o
 .ARM.attributes
                0x00000000000001da       0x3a ./Drivers/STM32L5xx_HAL_Driver/stm32l5xx_hal_gpio.o
 .ARM.attributes
                0x0000000000000214       0x3a ./Drivers/STM32L5xx_HAL_Driver/stm32l5xx_hal_rcc.o
 .ARM.attributes
                0x000000000000024e       0x3a ./Drivers/STM32L5xx_HAL_Driver/stm32l5xx_hal_rcc_ex.o
 .ARM.attributes
                0x0000000000000288       0x3a ./Drivers/STM32L5xx_HAL_Driver/stm32l5xx_hal_tim.o
 .ARM.attributes
                0x00000000000002c2       0x3a ./Drivers/STM32L5xx_HAL_Driver/stm32l5xx_hal_tim_ex.o
 .ARM.attributes
                0x00000000000002fc       0x3a ./Drivers/STM32L5xx_HAL_Driver/stm32l5xx_hal_uart.o
 .ARM.attributes
                0x0000000000000336       0x3a ./Drivers/STM32L5xx_HAL_Driver/stm32l5xx_hal_uart_ex.o
 .ARM.attributes
                0x0000000000000370       0x38 c:/st/stm32cubeide_1.12.1/stm32cubeide/plugins/com.st.stm32cube.ide.mcu.externaltools.gnu-tools-for-stm32.10.3-2021.10.win32_1.0.200.202301161003/tools/bin/../lib/gcc/arm-none-eabi/10.3.1/../../../../arm-none-eabi/lib/thumb/v8-m.main+fp/hard\libc_nano.a(lib_a-init.o)
 .ARM.attributes
                0x00000000000003a8       0x38 c:/st/stm32cubeide_1.12.1/stm32cubeide/plugins/com.st.stm32cube.ide.mcu.externaltools.gnu-tools-for-stm32.10.3-2021.10.win32_1.0.200.202301161003/tools/bin/../lib/gcc/arm-none-eabi/10.3.1/../../../../arm-none-eabi/lib/thumb/v8-m.main+fp/hard\libc_nano.a(lib_a-memcpy-stub.o)
 .ARM.attributes
                0x00000000000003e0       0x38 c:/st/stm32cubeide_1.12.1/stm32cubeide/plugins/com.st.stm32cube.ide.mcu.externaltools.gnu-tools-for-stm32.10.3-2021.10.win32_1.0.200.202301161003/tools/bin/../lib/gcc/arm-none-eabi/10.3.1/../../../../arm-none-eabi/lib/thumb/v8-m.main+fp/hard\libc_nano.a(lib_a-memset.o)
 .ARM.attributes
                0x0000000000000418       0x22 c:/st/stm32cubeide_1.12.1/stm32cubeide/plugins/com.st.stm32cube.ide.mcu.externaltools.gnu-tools-for-stm32.10.3-2021.10.win32_1.0.200.202301161003/tools/bin/../lib/gcc/arm-none-eabi/10.3.1/thumb/v8-m.main+fp/hard\libgcc.a(_aeabi_uldivmod.o)
 .ARM.attributes
                0x000000000000043a       0x38 c:/st/stm32cubeide_1.12.1/stm32cubeide/plugins/com.st.stm32cube.ide.mcu.externaltools.gnu-tools-for-stm32.10.3-2021.10.win32_1.0.200.202301161003/tools/bin/../lib/gcc/arm-none-eabi/10.3.1/thumb/v8-m.main+fp/hard\libgcc.a(_udivmoddi4.o)
 .ARM.attributes
                0x0000000000000472       0x22 c:/st/stm32cubeide_1.12.1/stm32cubeide/plugins/com.st.stm32cube.ide.mcu.externaltools.gnu-tools-for-stm32.10.3-2021.10.win32_1.0.200.202301161003/tools/bin/../lib/gcc/arm-none-eabi/10.3.1/thumb/v8-m.main+fp/hard\libgcc.a(_dvmd_tls.o)
 .ARM.attributes
                0x0000000000000494       0x22 c:/st/stm32cubeide_1.12.1/stm32cubeide/plugins/com.st.stm32cube.ide.mcu.externaltools.gnu-tools-for-stm32.10.3-2021.10.win32_1.0.200.202301161003/tools/bin/../lib/gcc/arm-none-eabi/10.3.1/thumb/v8-m.main+fp/hard/crtn.o
OUTPUT(Nonblocking_Memory_Forensics_NonSecure.elf elf32-littlearm)
LOAD linker stubs
LOAD c:/st/stm32cubeide_1.12.1/stm32cubeide/plugins/com.st.stm32cube.ide.mcu.externaltools.gnu-tools-for-stm32.10.3-2021.10.win32_1.0.200.202301161003/tools/bin/../lib/gcc/arm-none-eabi/10.3.1/../../../../arm-none-eabi/lib/thumb/v8-m.main+fp/hard\libc.a
LOAD c:/st/stm32cubeide_1.12.1/stm32cubeide/plugins/com.st.stm32cube.ide.mcu.externaltools.gnu-tools-for-stm32.10.3-2021.10.win32_1.0.200.202301161003/tools/bin/../lib/gcc/arm-none-eabi/10.3.1/../../../../arm-none-eabi/lib/thumb/v8-m.main+fp/hard\libm.a
LOAD c:/st/stm32cubeide_1.12.1/stm32cubeide/plugins/com.st.stm32cube.ide.mcu.externaltools.gnu-tools-for-stm32.10.3-2021.10.win32_1.0.200.202301161003/tools/bin/../lib/gcc/arm-none-eabi/10.3.1/thumb/v8-m.main+fp/hard\libgcc.a

.debug_info     0x0000000000000000    0x12311
 .debug_info    0x0000000000000000     0x1587 ./Core/Src/main.o
 .debug_info    0x0000000000001587     0x170d ./Core/Src/stm32l5xx_hal_msp.o
 .debug_info    0x0000000000002c94      0x865 ./Core/Src/stm32l5xx_it.o
 .debug_info    0x00000000000034f9      0x188 ./Core/Src/system_stm32l5xx_ns.o
 .debug_info    0x0000000000003681       0x22 ./Core/Startup/startup_stm32l562qeixq.o
 .debug_info    0x00000000000036a3      0xd55 ./Drivers/STM32L5xx_HAL_Driver/stm32l5xx_hal.o
 .debug_info    0x00000000000043f8     0x1189 ./Drivers/STM32L5xx_HAL_Driver/stm32l5xx_hal_cortex.o
 .debug_info    0x0000000000005581      0x655 ./Drivers/STM32L5xx_HAL_Driver/stm32l5xx_hal_gpio.o
 .debug_info    0x0000000000005bd6     0x1083 ./Drivers/STM32L5xx_HAL_Driver/stm32l5xx_hal_rcc.o
 .debug_info    0x0000000000006c59     0x121a ./Drivers/STM32L5xx_HAL_Driver/stm32l5xx_hal_rcc_ex.o
 .debug_info    0x0000000000007e73     0x2e46 ./Drivers/STM32L5xx_HAL_Driver/stm32l5xx_hal_tim.o
 .debug_info    0x000000000000acb9     0x1a0e ./Drivers/STM32L5xx_HAL_Driver/stm32l5xx_hal_tim_ex.o
 .debug_info    0x000000000000c6c7     0x4ba2 ./Drivers/STM32L5xx_HAL_Driver/stm32l5xx_hal_uart.o
 .debug_info    0x0000000000011269     0x10a8 ./Drivers/STM32L5xx_HAL_Driver/stm32l5xx_hal_uart_ex.o

.debug_abbrev   0x0000000000000000     0x1f44
 .debug_abbrev  0x0000000000000000      0x2ed ./Core/Src/main.o
 .debug_abbrev  0x00000000000002ed      0x216 ./Core/Src/stm32l5xx_hal_msp.o
 .debug_abbrev  0x0000000000000503      0x184 ./Core/Src/stm32l5xx_it.o
 .debug_abbrev  0x0000000000000687       0xc0 ./Core/Src/system_stm32l5xx_ns.o
 .debug_abbrev  0x0000000000000747       0x12 ./Core/Startup/startup_stm32l562qeixq.o
 .debug_abbrev  0x0000000000000759      0x2c3 ./Drivers/STM32L5xx_HAL_Driver/stm32l5xx_hal.o
 .debug_abbrev  0x0000000000000a1c      0x31d ./Drivers/STM32L5xx_HAL_Driver/stm32l5xx_hal_cortex.o
 .debug_abbrev  0x0000000000000d39      0x1b2 ./Drivers/STM32L5xx_HAL_Driver/stm32l5xx_hal_gpio.o
 .debug_abbrev  0x0000000000000eeb      0x2ee ./Drivers/STM32L5xx_HAL_Driver/stm32l5xx_hal_rcc.o
 .debug_abbrev  0x00000000000011d9      0x2b9 ./Drivers/STM32L5xx_HAL_Driver/stm32l5xx_hal_rcc_ex.o
 .debug_abbrev  0x0000000000001492      0x264 ./Drivers/STM32L5xx_HAL_Driver/stm32l5xx_hal_tim.o
 .debug_abbrev  0x00000000000016f6      0x281 ./Drivers/STM32L5xx_HAL_Driver/stm32l5xx_hal_tim_ex.o
 .debug_abbrev  0x0000000000001977      0x310 ./Drivers/STM32L5xx_HAL_Driver/stm32l5xx_hal_uart.o
 .debug_abbrev  0x0000000000001c87      0x2bd ./Drivers/STM32L5xx_HAL_Driver/stm32l5xx_hal_uart_ex.o

.debug_aranges  0x0000000000000000      0xe08
 .debug_aranges
                0x0000000000000000       0x50 ./Core/Src/main.o
 .debug_aranges
                0x0000000000000050       0x40 ./Core/Src/stm32l5xx_hal_msp.o
 .debug_aranges
                0x0000000000000090       0x48 ./Core/Src/stm32l5xx_it.o
 .debug_aranges
                0x00000000000000d8       0x28 ./Core/Src/system_stm32l5xx_ns.o
 .debug_aranges
                0x0000000000000100       0x28 ./Core/Startup/startup_stm32l562qeixq.o
 .debug_aranges
                0x0000000000000128      0x130 ./Drivers/STM32L5xx_HAL_Driver/stm32l5xx_hal.o
 .debug_aranges
                0x0000000000000258      0x130 ./Drivers/STM32L5xx_HAL_Driver/stm32l5xx_hal_cortex.o
 .debug_aranges
                0x0000000000000388       0x60 ./Drivers/STM32L5xx_HAL_Driver/stm32l5xx_hal_gpio.o
 .debug_aranges
                0x00000000000003e8       0xa8 ./Drivers/STM32L5xx_HAL_Driver/stm32l5xx_hal_rcc.o
 .debug_aranges
                0x0000000000000490      0x118 ./Drivers/STM32L5xx_HAL_Driver/stm32l5xx_hal_rcc_ex.o
 .debug_aranges
                0x00000000000005a8      0x3e0 ./Drivers/STM32L5xx_HAL_Driver/stm32l5xx_hal_tim.o
 .debug_aranges
                0x0000000000000988      0x190 ./Drivers/STM32L5xx_HAL_Driver/stm32l5xx_hal_tim_ex.o
 .debug_aranges
                0x0000000000000b18      0x248 ./Drivers/STM32L5xx_HAL_Driver/stm32l5xx_hal_uart.o
 .debug_aranges
                0x0000000000000d60       0xa8 ./Drivers/STM32L5xx_HAL_Driver/stm32l5xx_hal_uart_ex.o

.debug_ranges   0x0000000000000000      0xd60
 .debug_ranges  0x0000000000000000       0x40 ./Core/Src/main.o
 .debug_ranges  0x0000000000000040       0x30 ./Core/Src/stm32l5xx_hal_msp.o
 .debug_ranges  0x0000000000000070       0x38 ./Core/Src/stm32l5xx_it.o
 .debug_ranges  0x00000000000000a8       0x18 ./Core/Src/system_stm32l5xx_ns.o
 .debug_ranges  0x00000000000000c0       0x20 ./Core/Startup/startup_stm32l562qeixq.o
 .debug_ranges  0x00000000000000e0      0x120 ./Drivers/STM32L5xx_HAL_Driver/stm32l5xx_hal.o
 .debug_ranges  0x0000000000000200      0x120 ./Drivers/STM32L5xx_HAL_Driver/stm32l5xx_hal_cortex.o
 .debug_ranges  0x0000000000000320       0x50 ./Drivers/STM32L5xx_HAL_Driver/stm32l5xx_hal_gpio.o
 .debug_ranges  0x0000000000000370       0x98 ./Drivers/STM32L5xx_HAL_Driver/stm32l5xx_hal_rcc.o
 .debug_ranges  0x0000000000000408      0x108 ./Drivers/STM32L5xx_HAL_Driver/stm32l5xx_hal_rcc_ex.o
 .debug_ranges  0x0000000000000510      0x3d0 ./Drivers/STM32L5xx_HAL_Driver/stm32l5xx_hal_tim.o
 .debug_ranges  0x00000000000008e0      0x180 ./Drivers/STM32L5xx_HAL_Driver/stm32l5xx_hal_tim_ex.o
 .debug_ranges  0x0000000000000a60      0x268 ./Drivers/STM32L5xx_HAL_Driver/stm32l5xx_hal_uart.o
 .debug_ranges  0x0000000000000cc8       0x98 ./Drivers/STM32L5xx_HAL_Driver/stm32l5xx_hal_uart_ex.o

.debug_macro    0x0000000000000000    0x29711
 .debug_macro   0x0000000000000000      0x2d7 ./Core/Src/main.o
 .debug_macro   0x00000000000002d7      0xa7e ./Core/Src/main.o
 .debug_macro   0x0000000000000d55      0x196 ./Core/Src/main.o
 .debug_macro   0x0000000000000eeb       0x2e ./Core/Src/main.o
 .debug_macro   0x0000000000000f19       0x42 ./Core/Src/main.o
 .debug_macro   0x0000000000000f5b       0x22 ./Core/Src/main.o
 .debug_macro   0x0000000000000f7d       0x8e ./Core/Src/main.o
 .debug_macro   0x000000000000100b       0x51 ./Core/Src/main.o
 .debug_macro   0x000000000000105c      0x103 ./Core/Src/main.o
 .debug_macro   0x000000000000115f       0x6a ./Core/Src/main.o
 .debug_macro   0x00000000000011c9      0x1df ./Core/Src/main.o
 .debug_macro   0x00000000000013a8       0x1c ./Core/Src/main.o
 .debug_macro   0x00000000000013c4       0x29 ./Core/Src/main.o
 .debug_macro   0x00000000000013ed       0xfb ./Core/Src/main.o
 .debug_macro   0x00000000000014e8     0x1336 ./Core/Src/main.o
 .debug_macro   0x000000000000281e       0x5e ./Core/Src/main.o
 .debug_macro   0x000000000000287c    0x1bca6 ./Core/Src/main.o
 .debug_macro   0x000000000001e522       0x6c ./Core/Src/main.o
 .debug_macro   0x000000000001e58e     0x3535 ./Core/Src/main.o
 .debug_macro   0x0000000000021ac3      0x174 ./Core/Src/main.o
 .debug_macro   0x0000000000021c37       0x5c ./Core/Src/main.o
 .debug_macro   0x0000000000021c93     0x19cd ./Core/Src/main.o
 .debug_macro   0x0000000000023660      0xa52 ./Core/Src/main.o
 .debug_macro   0x00000000000240b2      0x1cf ./Core/Src/main.o
 .debug_macro   0x0000000000024281      0x1d8 ./Core/Src/main.o
 .debug_macro   0x0000000000024459      0x4e1 ./Core/Src/main.o
 .debug_macro   0x000000000002493a      0x1ab ./Core/Src/main.o
 .debug_macro   0x0000000000024ae5       0x4a ./Core/Src/main.o
 .debug_macro   0x0000000000024b2f      0x1b9 ./Core/Src/main.o
 .debug_macro   0x0000000000024ce8      0x230 ./Core/Src/main.o
 .debug_macro   0x0000000000024f18      0x3bb ./Core/Src/main.o
 .debug_macro   0x00000000000252d3       0x36 ./Core/Src/main.o
 .debug_macro   0x0000000000025309      0x11c ./Core/Src/main.o
 .debug_macro   0x0000000000025425      0x22c ./Core/Src/main.o
 .debug_macro   0x0000000000025651       0x5b ./Core/Src/main.o
 .debug_macro   0x00000000000256ac       0xa5 ./Core/Src/main.o
 .debug_macro   0x0000000000025751       0xc8 ./Core/Src/main.o
 .debug_macro   0x0000000000025819      0x199 ./Core/Src/main.o
 .debug_macro   0x00000000000259b2      0x487 ./Core/Src/main.o
 .debug_macro   0x0000000000025e39      0xab4 ./Core/Src/main.o
 .debug_macro   0x00000000000268ed      0x184 ./Core/Src/main.o
 .debug_macro   0x0000000000026a71      0x693 ./Core/Src/main.o
 .debug_macro   0x0000000000027104       0xa6 ./Core/Src/main.o
 .debug_macro   0x00000000000271aa      0x3f1 ./Core/Src/main.o
 .debug_macro   0x000000000002759b       0x52 ./Core/Src/main.o
 .debug_macro   0x00000000000275ed       0x1e ./Core/Src/main.o
 .debug_macro   0x000000000002760b       0x3c ./Core/Src/main.o
 .debug_macro   0x0000000000027647       0x34 ./Core/Src/main.o
 .debug_macro   0x000000000002767b       0x16 ./Core/Src/main.o
 .debug_macro   0x0000000000027691       0x43 ./Core/Src/main.o
 .debug_macro   0x00000000000276d4       0x34 ./Core/Src/main.o
 .debug_macro   0x0000000000027708       0x10 ./Core/Src/main.o
 .debug_macro   0x0000000000027718       0x58 ./Core/Src/main.o
 .debug_macro   0x0000000000027770       0x71 ./Core/Src/main.o
 .debug_macro   0x00000000000277e1       0x1c ./Core/Src/main.o
 .debug_macro   0x00000000000277fd      0x12a ./Core/Src/main.o
 .debug_macro   0x0000000000027927      0x341 ./Core/Src/main.o
 .debug_macro   0x0000000000027c68       0x10 ./Core/Src/main.o
 .debug_macro   0x0000000000027c78       0x35 ./Core/Src/main.o
 .debug_macro   0x0000000000027cad       0x20 ./Core/Src/main.o
 .debug_macro   0x0000000000027ccd       0x28 ./Core/Src/main.o
 .debug_macro   0x0000000000027cf5      0x2d7 ./Core/Src/stm32l5xx_hal_msp.o
 .debug_macro   0x0000000000027fcc      0x2e1 ./Core/Src/stm32l5xx_it.o
 .debug_macro   0x00000000000282ad      0x1f0 ./Core/Src/system_stm32l5xx_ns.o
 .debug_macro   0x000000000002849d      0x220 ./Drivers/STM32L5xx_HAL_Driver/stm32l5xx_hal.o
 .debug_macro   0x00000000000286bd      0x1f0 ./Drivers/STM32L5xx_HAL_Driver/stm32l5xx_hal_cortex.o
 .debug_macro   0x00000000000288ad      0x1f6 ./Drivers/STM32L5xx_HAL_Driver/stm32l5xx_hal_gpio.o
 .debug_macro   0x0000000000028aa3      0x21a ./Drivers/STM32L5xx_HAL_Driver/stm32l5xx_hal_rcc.o
 .debug_macro   0x0000000000028cbd      0x256 ./Drivers/STM32L5xx_HAL_Driver/stm32l5xx_hal_rcc_ex.o
 .debug_macro   0x0000000000028f13      0x1f1 ./Drivers/STM32L5xx_HAL_Driver/stm32l5xx_hal_tim.o
 .debug_macro   0x0000000000029104      0x1f6 ./Drivers/STM32L5xx_HAL_Driver/stm32l5xx_hal_tim_ex.o
 .debug_macro   0x00000000000292fa      0x21b ./Drivers/STM32L5xx_HAL_Driver/stm32l5xx_hal_uart.o
 .debug_macro   0x0000000000029515      0x1fc ./Drivers/STM32L5xx_HAL_Driver/stm32l5xx_hal_uart_ex.o

.debug_line     0x0000000000000000    0x11d9b
 .debug_line    0x0000000000000000      0xa37 ./Core/Src/main.o
 .debug_line    0x0000000000000a37      0x953 ./Core/Src/stm32l5xx_hal_msp.o
 .debug_line    0x000000000000138a      0x938 ./Core/Src/stm32l5xx_it.o
 .debug_line    0x0000000000001cc2      0x746 ./Core/Src/system_stm32l5xx_ns.o
 .debug_line    0x0000000000002408       0x88 ./Core/Startup/startup_stm32l562qeixq.o
 .debug_line    0x0000000000002490      0xb98 ./Drivers/STM32L5xx_HAL_Driver/stm32l5xx_hal.o
 .debug_line    0x0000000000003028      0xd90 ./Drivers/STM32L5xx_HAL_Driver/stm32l5xx_hal_cortex.o
 .debug_line    0x0000000000003db8      0xbdd ./Drivers/STM32L5xx_HAL_Driver/stm32l5xx_hal_gpio.o
 .debug_line    0x0000000000004995     0x12d8 ./Drivers/STM32L5xx_HAL_Driver/stm32l5xx_hal_rcc.o
 .debug_line    0x0000000000005c6d     0x1bf0 ./Drivers/STM32L5xx_HAL_Driver/stm32l5xx_hal_rcc_ex.o
 .debug_line    0x000000000000785d     0x3de7 ./Drivers/STM32L5xx_HAL_Driver/stm32l5xx_hal_tim.o
 .debug_line    0x000000000000b644     0x1d8b ./Drivers/STM32L5xx_HAL_Driver/stm32l5xx_hal_tim_ex.o
 .debug_line    0x000000000000d3cf     0x3bf3 ./Drivers/STM32L5xx_HAL_Driver/stm32l5xx_hal_uart.o
 .debug_line    0x0000000000010fc2      0xdd9 ./Drivers/STM32L5xx_HAL_Driver/stm32l5xx_hal_uart_ex.o

.debug_str      0x0000000000000000   0x10d2f6
 .debug_str     0x0000000000000000   0x108b67 ./Core/Src/main.o
                                     0x108f4e (size before relaxing)
 .debug_str     0x0000000000108b67      0x9a7 ./Core/Src/stm32l5xx_hal_msp.o
                                     0x109526 (size before relaxing)
 .debug_str     0x000000000010950e       0xac ./Core/Src/stm32l5xx_it.o
                                     0x1086cf (size before relaxing)
 .debug_str     0x00000000001095ba       0x84 ./Core/Src/system_stm32l5xx_ns.o
                                     0x1051b6 (size before relaxing)
 .debug_str     0x000000000010963e       0x37 ./Core/Startup/startup_stm32l562qeixq.o
                                         0xa1 (size before relaxing)
 .debug_str     0x0000000000109675      0x606 ./Drivers/STM32L5xx_HAL_Driver/stm32l5xx_hal.o
                                     0x106052 (size before relaxing)
 .debug_str     0x0000000000109c7b      0x4d4 ./Drivers/STM32L5xx_HAL_Driver/stm32l5xx_hal_cortex.o
                                     0x105e59 (size before relaxing)
 .debug_str     0x000000000010a14f      0x1e7 ./Drivers/STM32L5xx_HAL_Driver/stm32l5xx_hal_gpio.o
                                     0x105445 (size before relaxing)
 .debug_str     0x000000000010a336      0x504 ./Drivers/STM32L5xx_HAL_Driver/stm32l5xx_hal_rcc.o
                                     0x105ad6 (size before relaxing)
 .debug_str     0x000000000010a83a      0x835 ./Drivers/STM32L5xx_HAL_Driver/stm32l5xx_hal_rcc_ex.o
                                     0x10602c (size before relaxing)
 .debug_str     0x000000000010b06f      0xee7 ./Drivers/STM32L5xx_HAL_Driver/stm32l5xx_hal_tim.o
                                     0x10680a (size before relaxing)
 .debug_str     0x000000000010bf56      0x6a9 ./Drivers/STM32L5xx_HAL_Driver/stm32l5xx_hal_tim_ex.o
                                     0x1061b3 (size before relaxing)
 .debug_str     0x000000000010c5ff      0xa3c ./Drivers/STM32L5xx_HAL_Driver/stm32l5xx_hal_uart.o
                                     0x1063fc (size before relaxing)
 .debug_str     0x000000000010d03b      0x2bb ./Drivers/STM32L5xx_HAL_Driver/stm32l5xx_hal_uart_ex.o
                                     0x105b8a (size before relaxing)

.comment        0x0000000000000000       0x50
 .comment       0x0000000000000000       0x50 ./Core/Src/main.o
                                         0x51 (size before relaxing)
 .comment       0x0000000000000050       0x51 ./Core/Src/stm32l5xx_hal_msp.o
 .comment       0x0000000000000050       0x51 ./Core/Src/stm32l5xx_it.o
 .comment       0x0000000000000050       0x51 ./Core/Src/system_stm32l5xx_ns.o
 .comment       0x0000000000000050       0x51 ./Drivers/STM32L5xx_HAL_Driver/stm32l5xx_hal.o
 .comment       0x0000000000000050       0x51 ./Drivers/STM32L5xx_HAL_Driver/stm32l5xx_hal_cortex.o
 .comment       0x0000000000000050       0x51 ./Drivers/STM32L5xx_HAL_Driver/stm32l5xx_hal_gpio.o
 .comment       0x0000000000000050       0x51 ./Drivers/STM32L5xx_HAL_Driver/stm32l5xx_hal_rcc.o
 .comment       0x0000000000000050       0x51 ./Drivers/STM32L5xx_HAL_Driver/stm32l5xx_hal_rcc_ex.o
 .comment       0x0000000000000050       0x51 ./Drivers/STM32L5xx_HAL_Driver/stm32l5xx_hal_tim.o
 .comment       0x0000000000000050       0x51 ./Drivers/STM32L5xx_HAL_Driver/stm32l5xx_hal_tim_ex.o
 .comment       0x0000000000000050       0x51 ./Drivers/STM32L5xx_HAL_Driver/stm32l5xx_hal_uart.o
 .comment       0x0000000000000050       0x51 ./Drivers/STM32L5xx_HAL_Driver/stm32l5xx_hal_uart_ex.o

.debug_frame    0x0000000000000000     0x3c50
 .debug_frame   0x0000000000000000       0xf8 ./Core/Src/main.o
 .debug_frame   0x00000000000000f8       0xcc ./Core/Src/stm32l5xx_hal_msp.o
 .debug_frame   0x00000000000001c4       0xb8 ./Core/Src/stm32l5xx_it.o
 .debug_frame   0x000000000000027c       0x4c ./Core/Src/system_stm32l5xx_ns.o
 .debug_frame   0x00000000000002c8      0x4a4 ./Drivers/STM32L5xx_HAL_Driver/stm32l5xx_hal.o
 .debug_frame   0x000000000000076c      0x508 ./Drivers/STM32L5xx_HAL_Driver/stm32l5xx_hal_cortex.o
 .debug_frame   0x0000000000000c74      0x174 ./Drivers/STM32L5xx_HAL_Driver/stm32l5xx_hal_gpio.o
 .debug_frame   0x0000000000000de8      0x298 ./Drivers/STM32L5xx_HAL_Driver/stm32l5xx_hal_rcc.o
 .debug_frame   0x0000000000001080      0x48c ./Drivers/STM32L5xx_HAL_Driver/stm32l5xx_hal_rcc_ex.o
 .debug_frame   0x000000000000150c     0x121c ./Drivers/STM32L5xx_HAL_Driver/stm32l5xx_hal_tim.o
 .debug_frame   0x0000000000002728      0x6fc ./Drivers/STM32L5xx_HAL_Driver/stm32l5xx_hal_tim_ex.o
 .debug_frame   0x0000000000002e24      0xa94 ./Drivers/STM32L5xx_HAL_Driver/stm32l5xx_hal_uart.o
 .debug_frame   0x00000000000038b8      0x2c0 ./Drivers/STM32L5xx_HAL_Driver/stm32l5xx_hal_uart_ex.o
 .debug_frame   0x0000000000003b78       0x2c c:/st/stm32cubeide_1.12.1/stm32cubeide/plugins/com.st.stm32cube.ide.mcu.externaltools.gnu-tools-for-stm32.10.3-2021.10.win32_1.0.200.202301161003/tools/bin/../lib/gcc/arm-none-eabi/10.3.1/../../../../arm-none-eabi/lib/thumb/v8-m.main+fp/hard\libc_nano.a(lib_a-init.o)
 .debug_frame   0x0000000000003ba4       0x28 c:/st/stm32cubeide_1.12.1/stm32cubeide/plugins/com.st.stm32cube.ide.mcu.externaltools.gnu-tools-for-stm32.10.3-2021.10.win32_1.0.200.202301161003/tools/bin/../lib/gcc/arm-none-eabi/10.3.1/../../../../arm-none-eabi/lib/thumb/v8-m.main+fp/hard\libc_nano.a(lib_a-memcpy-stub.o)
 .debug_frame   0x0000000000003bcc       0x20 c:/st/stm32cubeide_1.12.1/stm32cubeide/plugins/com.st.stm32cube.ide.mcu.externaltools.gnu-tools-for-stm32.10.3-2021.10.win32_1.0.200.202301161003/tools/bin/../lib/gcc/arm-none-eabi/10.3.1/../../../../arm-none-eabi/lib/thumb/v8-m.main+fp/hard\libc_nano.a(lib_a-memset.o)
 .debug_frame   0x0000000000003bec       0x2c c:/st/stm32cubeide_1.12.1/stm32cubeide/plugins/com.st.stm32cube.ide.mcu.externaltools.gnu-tools-for-stm32.10.3-2021.10.win32_1.0.200.202301161003/tools/bin/../lib/gcc/arm-none-eabi/10.3.1/thumb/v8-m.main+fp/hard\libgcc.a(_aeabi_uldivmod.o)
 .debug_frame   0x0000000000003c18       0x38 c:/st/stm32cubeide_1.12.1/stm32cubeide/plugins/com.st.stm32cube.ide.mcu.externaltools.gnu-tools-for-stm32.10.3-2021.10.win32_1.0.200.202301161003/tools/bin/../lib/gcc/arm-none-eabi/10.3.1/thumb/v8-m.main+fp/hard\libgcc.a(_udivmoddi4.o)
