../../Drivers/STM32L5xx_HAL_Driver/Inc/stm32l5xx_ll_bus.h:433:22:LL_AHB2_GRP1_EnableClock	24	static
../../Drivers/STM32L5xx_HAL_Driver/Inc/stm32l5xx_ll_bus.h:914:22:LL_APB1_GRP2_EnableClock	24	static
../Core/Src/main.c:100:5:main	8	static
../Core/Src/main.c:160:6:SystemClock_Config	104	static
../Core/Src/main.c:223:6:PeriphCommonClock_Config	160	static
../Core/Src/main.c:250:13:MX_ADC1_Init	48	static
../Core/Src/main.c:318:13:MX_DFSDM1_Init	8	static
../Core/Src/main.c:390:13:MX_I2C1_Init	8	static
../Core/Src/main.c:438:13:MX_OCTOSPI1_Init	8	static
../Core/Src/main.c:479:13:MX_SAI1_Init	8	static
../Core/Src/main.c:548:13:MX_SDMMC1_SD_Init	8	static
../Core/Src/main.c:579:13:MX_SPI1_Init	8	static
../Core/Src/main.c:619:13:MX_TIM4_Init	40	static
../Core/Src/main.c:665:13:MX_TIM16_Init	8	static
../Core/Src/main.c:697:13:MX_UCPD1_Init	32	static
../Core/Src/main.c:739:13:MX_USB_PCD_Init	8	static
../Core/Src/main.c:768:13:MX_FMC_Init	40	static
../Core/Src/main.c:829:13:MX_GPIO_Init	56	static
../Core/Src/main.c:867:6:Error_Handler	4	static,ignoring_inline_asm
