../Core/Src/main.c:99:5:main	8	static
../Core/Src/main.c:165:13:NonSecure_Init	24	static,ignoring_inline_asm
../Core/Src/main.c:185:6:SystemClock_Config	104	static
../Core/Src/main.c:236:13:MX_GTZC_S_Init	120	static
../Core/Src/main.c:307:13:MX_ICACHE_Init	8	static
../Core/Src/main.c:339:13:MX_USART1_UART_Init	8	static
../Core/Src/main.c:389:13:MX_DMA_Init	16	static
../Core/Src/main.c:489:13:MX_GPIO_Init	24	static
../Core/Src/main.c:509:1:__io_putchar	16	static
../Core/Src/main.c:526:6:Error_Handler	4	static,ignoring_inline_asm
