C:/Users/karle/STM32CubeIDE/workspace_1.12.1/UART_Printf/Src/stm32l5xx_it.c:73:6:NMI_Handler	4	static
C:/Users/karle/STM32CubeIDE/workspace_1.12.1/UART_Printf/Src/stm32l5xx_it.c:86:6:HardFault_Handler	4	static
C:/Users/karle/STM32CubeIDE/workspace_1.12.1/UART_Printf/Src/stm32l5xx_it.c:101:6:MemManage_Handler	4	static
C:/Users/karle/STM32CubeIDE/workspace_1.12.1/UART_Printf/Src/stm32l5xx_it.c:116:6:BusFault_Handler	4	static
C:/Users/karle/STM32CubeIDE/workspace_1.12.1/UART_Printf/Src/stm32l5xx_it.c:131:6:UsageFault_Handler	4	static
C:/Users/karle/STM32CubeIDE/workspace_1.12.1/UART_Printf/Src/stm32l5xx_it.c:146:6:SVC_Handler	4	static
C:/Users/karle/STM32CubeIDE/workspace_1.12.1/UART_Printf/Src/stm32l5xx_it.c:159:6:DebugMon_Handler	4	static
C:/Users/karle/STM32CubeIDE/workspace_1.12.1/UART_Printf/Src/stm32l5xx_it.c:172:6:PendSV_Handler	4	static
C:/Users/karle/STM32CubeIDE/workspace_1.12.1/UART_Printf/Src/stm32l5xx_it.c:185:6:SysTick_Handler	8	static
