../Core/Src/main.c:110:5:main	8	static
../Core/Src/main.c:176:13:NonSecure_Init	24	static,ignoring_inline_asm
../Core/Src/main.c:196:6:SystemClock_Config	104	static
../Core/Src/main.c:247:13:MX_GTZC_S_Init	120	static
../Core/Src/main.c:322:13:MX_ICACHE_Init	8	static
../Core/Src/main.c:354:13:MX_SPI3_Init	8	static
../Core/Src/main.c:394:13:MX_USART1_UART_Init	8	static
../Core/Src/main.c:443:13:MX_DMA_Init	16	static
../Core/Src/main.c:591:13:MX_GPIO_Init	48	static
../Core/Src/main.c:632:6:HAL_SPI_TxRxCpltCallback	16	static
../Core/Src/main.c:639:6:HAL_SPI_TxCpltCallback	16	static
../Core/Src/main.c:646:6:HAL_SPI_RxCpltCallback	16	static
../Core/Src/main.c:652:1:__io_putchar	16	static
../Core/Src/main.c:664:5:SearchForSig	48	static
../Core/Src/main.c:692:6:SecureToSecureTransferComplete	16	static
../Core/Src/main.c:704:6:SecureToSecureTransferError	16	static
../Core/Src/main.c:718:6:Error_Handler	4	static,ignoring_inline_asm
