../Core/Src/main.c:90:5:main	8	static
../Core/Src/main.c:154:13:NonSecure_Init	24	static,ignoring_inline_asm
../Core/Src/main.c:174:6:SystemClock_Config	104	static
../Core/Src/main.c:225:13:MX_GTZC_S_Init	120	static
../Core/Src/main.c:300:13:MX_ICACHE_Init	8	static
../Core/Src/main.c:332:13:MX_SPI3_Init	8	static
../Core/Src/main.c:372:13:MX_USART1_UART_Init	8	static
../Core/Src/main.c:421:13:MX_DMA_Init	16	static
../Core/Src/main.c:527:13:MX_GPIO_Init	48	static
../Core/Src/main.c:568:6:HAL_SPI_TxRxCpltCallback	16	static
../Core/Src/main.c:574:1:__io_putchar	16	static
../Core/Src/main.c:588:6:Error_Handler	4	static,ignoring_inline_asm
