../Core/Src/secure_nsc.c:54:27:SECURE_SPI_Receive_Classification	32	static
../Core/Src/secure_nsc.c:115:20:SECURE_Mem_Ready	4	static
../Core/Src/secure_nsc.c:120:19:SECURE_Poll_Mem_Ready	4	static
../Core/Src/secure_nsc.c:180:27:SECURE_SPI_Send_Start_Signal	1040	static
../Core/Src/secure_nsc.c:211:27:SECURE_SPI_Send_End_Signal	1040	static
../Core/Src/secure_nsc.c:245:27:SECURE_SPI_Send_Data	16	static
../Core/Src/secure_nsc.c:288:27:SECURE_SPI_Toggle_Comm	24	static
../Core/Src/secure_nsc.c:311:27:SECURE_DMA_Fetch_NonSecure_Mem	32	static
../Core/Src/secure_nsc.c:379:27:SECURE_print_Buffer	24	static
../Core/Src/secure_nsc.c:395:20:SECURE_print_Log	16	static
../Core/Src/secure_nsc.c:401:20:SECURE_print_Num	16	static
../Core/Src/secure_nsc.c:413:20:SECURE_RegisterCallback	16	static
../Core/Src/secure_nsc.c:435:27:SECURE_DATA_Last_Buffer_Compare	24	static
../Core/Src/secure_nsc.c:467:6:NonSecureToSecureTransferComplete	32	static
../Core/Src/secure_nsc.c:490:6:NonSecureToSecureTransferError	16	static
